Archive member included to satisfy reference by file (symbol)

c:/st/stm32cubeide_1.7.0/stm32cubeide/plugins/com.st.stm32cube.ide.mcu.externaltools.gnu-tools-for-stm32.9-2020-q2-update.win32_2.0.0.202105311346/tools/bin/../lib/gcc/arm-none-eabi/9.3.1/../../../../arm-none-eabi/lib/thumb/v7e-m+fp/hard\libc_nano.a(lib_a-errno.o)
                              ./Core/Src/syscalls.o (__errno)
c:/st/stm32cubeide_1.7.0/stm32cubeide/plugins/com.st.stm32cube.ide.mcu.externaltools.gnu-tools-for-stm32.9-2020-q2-update.win32_2.0.0.202105311346/tools/bin/../lib/gcc/arm-none-eabi/9.3.1/../../../../arm-none-eabi/lib/thumb/v7e-m+fp/hard\libc_nano.a(lib_a-exit.o)
                              c:/st/stm32cubeide_1.7.0/stm32cubeide/plugins/com.st.stm32cube.ide.mcu.externaltools.gnu-tools-for-stm32.9-2020-q2-update.win32_2.0.0.202105311346/tools/bin/../lib/gcc/arm-none-eabi/9.3.1/../../../../arm-none-eabi/lib/thumb/v7e-m+fp/hard/crt0.o (exit)
c:/st/stm32cubeide_1.7.0/stm32cubeide/plugins/com.st.stm32cube.ide.mcu.externaltools.gnu-tools-for-stm32.9-2020-q2-update.win32_2.0.0.202105311346/tools/bin/../lib/gcc/arm-none-eabi/9.3.1/../../../../arm-none-eabi/lib/thumb/v7e-m+fp/hard\libc_nano.a(lib_a-findfp.o)
                              ./Middlewares/Third_Party/FreeRTOS/Source/tasks.o (__sf_fake_stderr)
c:/st/stm32cubeide_1.7.0/stm32cubeide/plugins/com.st.stm32cube.ide.mcu.externaltools.gnu-tools-for-stm32.9-2020-q2-update.win32_2.0.0.202105311346/tools/bin/../lib/gcc/arm-none-eabi/9.3.1/../../../../arm-none-eabi/lib/thumb/v7e-m+fp/hard\libc_nano.a(lib_a-fwalk.o)
                              c:/st/stm32cubeide_1.7.0/stm32cubeide/plugins/com.st.stm32cube.ide.mcu.externaltools.gnu-tools-for-stm32.9-2020-q2-update.win32_2.0.0.202105311346/tools/bin/../lib/gcc/arm-none-eabi/9.3.1/../../../../arm-none-eabi/lib/thumb/v7e-m+fp/hard\libc_nano.a(lib_a-findfp.o) (_fwalk)
c:/st/stm32cubeide_1.7.0/stm32cubeide/plugins/com.st.stm32cube.ide.mcu.externaltools.gnu-tools-for-stm32.9-2020-q2-update.win32_2.0.0.202105311346/tools/bin/../lib/gcc/arm-none-eabi/9.3.1/../../../../arm-none-eabi/lib/thumb/v7e-m+fp/hard\libc_nano.a(lib_a-impure.o)
                              c:/st/stm32cubeide_1.7.0/stm32cubeide/plugins/com.st.stm32cube.ide.mcu.externaltools.gnu-tools-for-stm32.9-2020-q2-update.win32_2.0.0.202105311346/tools/bin/../lib/gcc/arm-none-eabi/9.3.1/../../../../arm-none-eabi/lib/thumb/v7e-m+fp/hard\libc_nano.a(lib_a-exit.o) (_global_impure_ptr)
c:/st/stm32cubeide_1.7.0/stm32cubeide/plugins/com.st.stm32cube.ide.mcu.externaltools.gnu-tools-for-stm32.9-2020-q2-update.win32_2.0.0.202105311346/tools/bin/../lib/gcc/arm-none-eabi/9.3.1/../../../../arm-none-eabi/lib/thumb/v7e-m+fp/hard\libc_nano.a(lib_a-init.o)
                              c:/st/stm32cubeide_1.7.0/stm32cubeide/plugins/com.st.stm32cube.ide.mcu.externaltools.gnu-tools-for-stm32.9-2020-q2-update.win32_2.0.0.202105311346/tools/bin/../lib/gcc/arm-none-eabi/9.3.1/../../../../arm-none-eabi/lib/thumb/v7e-m+fp/hard/crt0.o (__libc_init_array)
c:/st/stm32cubeide_1.7.0/stm32cubeide/plugins/com.st.stm32cube.ide.mcu.externaltools.gnu-tools-for-stm32.9-2020-q2-update.win32_2.0.0.202105311346/tools/bin/../lib/gcc/arm-none-eabi/9.3.1/../../../../arm-none-eabi/lib/thumb/v7e-m+fp/hard\libc_nano.a(lib_a-lock.o)
                              c:/st/stm32cubeide_1.7.0/stm32cubeide/plugins/com.st.stm32cube.ide.mcu.externaltools.gnu-tools-for-stm32.9-2020-q2-update.win32_2.0.0.202105311346/tools/bin/../lib/gcc/arm-none-eabi/9.3.1/../../../../arm-none-eabi/lib/thumb/v7e-m+fp/hard\libc_nano.a(lib_a-findfp.o) (__retarget_lock_init_recursive)
c:/st/stm32cubeide_1.7.0/stm32cubeide/plugins/com.st.stm32cube.ide.mcu.externaltools.gnu-tools-for-stm32.9-2020-q2-update.win32_2.0.0.202105311346/tools/bin/../lib/gcc/arm-none-eabi/9.3.1/../../../../arm-none-eabi/lib/thumb/v7e-m+fp/hard\libc_nano.a(lib_a-memcpy-stub.o)
                              ./Drivers/VL53L0X_API/core/src/vl53l0x_api_calibration.o (memcpy)
c:/st/stm32cubeide_1.7.0/stm32cubeide/plugins/com.st.stm32cube.ide.mcu.externaltools.gnu-tools-for-stm32.9-2020-q2-update.win32_2.0.0.202105311346/tools/bin/../lib/gcc/arm-none-eabi/9.3.1/../../../../arm-none-eabi/lib/thumb/v7e-m+fp/hard\libc_nano.a(lib_a-memset.o)
                              c:/st/stm32cubeide_1.7.0/stm32cubeide/plugins/com.st.stm32cube.ide.mcu.externaltools.gnu-tools-for-stm32.9-2020-q2-update.win32_2.0.0.202105311346/tools/bin/../lib/gcc/arm-none-eabi/9.3.1/../../../../arm-none-eabi/lib/thumb/v7e-m+fp/hard/crt0.o (memset)
c:/st/stm32cubeide_1.7.0/stm32cubeide/plugins/com.st.stm32cube.ide.mcu.externaltools.gnu-tools-for-stm32.9-2020-q2-update.win32_2.0.0.202105311346/tools/bin/../lib/gcc/arm-none-eabi/9.3.1/../../../../arm-none-eabi/lib/thumb/v7e-m+fp/hard\libc_nano.a(lib_a-nano-mallocr.o)
[...]
Memory Configuration

Name             Origin             Length             Attributes
RAM              0x0000000020000000 0x0000000000020000 xrw
FLASH            0x0000000008000000 0x0000000000080000 xr
*default*        0x0000000000000000 0xffffffffffffffff

Linker script and memory map

LOAD c:/st/stm32cubeide_1.7.0/stm32cubeide/plugins/com.st.stm32cube.ide.mcu.externaltools.gnu-tools-for-stm32.9-2020-q2-update.win32_2.0.0.202105311346/tools/bin/../lib/gcc/arm-none-eabi/9.3.1/thumb/v7e-m+fp/hard/crti.o
LOAD c:/st/stm32cubeide_1.7.0/stm32cubeide/plugins/com.st.stm32cube.ide.mcu.externaltools.gnu-tools-for-stm32.9-2020-q2-update.win32_2.0.0.202105311346/tools/bin/../lib/gcc/arm-none-eabi/9.3.1/thumb/v7e-m+fp/hard/crtbegin.o
LOAD c:/st/stm32cubeide_1.7.0/stm32cubeide/plugins/com.st.stm32cube.ide.mcu.externaltools.gnu-tools-for-stm32.9-2020-q2-update.win32_2.0.0.202105311346/tools/bin/../lib/gcc/arm-none-eabi/9.3.1/../../../../arm-none-eabi/lib/thumb/v7e-m+fp/hard/crt0.o
LOAD ./Core/Src/BOTterfly-C/photodiodes.o
LOAD ./Core/Src/BOTterfly-C/rgb_sensor.o
LOAD ./Core/Src/BOTterfly-C/tof_sensor.o
LOAD ./Core/Src/adc.o
LOAD ./Core/Src/dma.o
LOAD ./Core/Src/freertos.o
LOAD ./Core/Src/gpio.o
LOAD ./Core/Src/i2c.o
LOAD ./Core/Src/main.o
LOAD ./Core/Src/stm32f4xx_hal_msp.o
LOAD ./Core/Src/stm32f4xx_hal_timebase_tim.o
LOAD ./Core/Src/stm32f4xx_it.o
LOAD ./Core/Src/syscalls.o
LOAD ./Core/Src/sysmem.o
LOAD ./Core/Src/system_stm32f4xx.o
LOAD ./Core/Src/tim.o
LOAD ./Core/Src/usart.o
LOAD ./Core/Startup/startup_stm32f411retx.o
LOAD ./Drivers/STM32F4xx_HAL_Driver/Src/stm32f4xx_hal.o
LOAD ./Drivers/STM32F4xx_HAL_Driver/Src/stm32f4xx_hal_adc.o
LOAD ./Drivers/STM32F4xx_HAL_Driver/Src/stm32f4xx_hal_adc_ex.o
LOAD ./Drivers/STM32F4xx_HAL_Driver/Src/stm32f4xx_hal_cortex.o
LOAD ./Drivers/STM32F4xx_HAL_Driver/Src/stm32f4xx_hal_dma.o
LOAD ./Drivers/STM32F4xx_HAL_Driver/Src/stm32f4xx_hal_dma_ex.o
LOAD ./Drivers/STM32F4xx_HAL_Driver/Src/stm32f4xx_hal_exti.o
LOAD ./Drivers/STM32F4xx_HAL_Driver/Src/stm32f4xx_hal_flash.o
LOAD ./Drivers/STM32F4xx_HAL_Driver/Src/stm32f4xx_hal_flash_ex.o
LOAD ./Drivers/STM32F4xx_HAL_Driver/Src/stm32f4xx_hal_flash_ramfunc.o
LOAD ./Drivers/STM32F4xx_HAL_Driver/Src/stm32f4xx_hal_gpio.o
LOAD ./Drivers/STM32F4xx_HAL_Driver/Src/stm32f4xx_hal_i2c.o
LOAD ./Drivers/STM32F4xx_HAL_Driver/Src/stm32f4xx_hal_i2c_ex.o
LOAD ./Drivers/STM32F4xx_HAL_Driver/Src/stm32f4xx_hal_pwr.o
LOAD ./Drivers/STM32F4xx_HAL_Driver/Src/stm32f4xx_hal_pwr_ex.o
LOAD ./Drivers/STM32F4xx_HAL_Driver/Src/stm32f4xx_hal_rcc.o
LOAD ./Drivers/STM32F4xx_HAL_Driver/Src/stm32f4xx_hal_rcc_ex.o
LOAD ./Drivers/STM32F4xx_HAL_Driver/Src/stm32f4xx_hal_tim.o
LOAD ./Drivers/STM32F4xx_HAL_Driver/Src/stm32f4xx_hal_tim_ex.o
LOAD ./Drivers/STM32F4xx_HAL_Driver/Src/stm32f4xx_hal_uart.o
LOAD ./Drivers/STM32F4xx_HAL_Driver/Src/stm32f4xx_ll_adc.o
LOAD ./Drivers/VL53L0X_API/core/src/vl53l0x_api.o
LOAD ./Drivers/VL53L0X_API/core/src/vl53l0x_api_calibration.o
LOAD ./Drivers/VL53L0X_API/core/src/vl53l0x_api_core.o
LOAD ./Drivers/VL53L0X_API/core/src/vl53l0x_api_ranging.o
LOAD ./Drivers/VL53L0X_API/core/src/vl53l0x_api_strings.o
LOAD ./Drivers/VL53L0X_API/platform/src/vl53l0x_platform.o
LOAD ./Middlewares/Third_Party/FreeRTOS/Source/CMSIS_RTOS/cmsis_os.o
LOAD ./Middlewares/Third_Party/FreeRTOS/Source/croutine.o
LOAD ./Middlewares/Third_Party/FreeRTOS/Source/event_groups.o
LOAD ./Middlewares/Third_Party/FreeRTOS/Source/list.o
LOAD ./Middlewares/Third_Party/FreeRTOS/Source/queue.o
LOAD ./Middlewares/Third_Party/FreeRTOS/Source/stream_buffer.o
LOAD ./Middlewares/Third_Party/FreeRTOS/Source/tasks.o
LOAD ./Middlewares/Third_Party/FreeRTOS/Source/timers.o
LOAD ./Middlewares/Third_Party/FreeRTOS/Source/portable/GCC/ARM_CM4F/port.o
LOAD ./Middlewares/Third_Party/FreeRTOS/Source/portable/MemMang/heap_4.o
START GROUP
LOAD c:/st/stm32cubeide_1.7.0/stm32cubeide/plugins/com.st.stm32cube.ide.mcu.externaltools.gnu-tools-for-stm32.9-2020-q2-update.win32_2.0.0.202105311346/tools/bin/../lib/gcc/arm-none-eabi/9.3.1/../../../../arm-none-eabi/lib/thumb/v7e-m+fp/hard\libc_nano.a
LOAD c:/st/stm32cubeide_1.7.0/stm32cubeide/plugins/com.st.stm32cube.ide.mcu.externaltools.gnu-tools-for-stm32.9-2020-q2-update.win32_2.0.0.202105311346/tools/bin/../lib/gcc/arm-none-eabi/9.3.1/../../../../arm-none-eabi/lib/thumb/v7e-m+fp/hard\libm.a
END GROUP
START GROUP
LOAD c:/st/stm32cubeide_1.7.0/stm32cubeide/plugins/com.st.stm32cube.ide.mcu.externaltools.gnu-tools-for-stm32.9-2020-q2-update.win32_2.0.0.202105311346/tools/bin/../lib/gcc/arm-none-eabi/9.3.1/thumb/v7e-m+fp/hard\libgcc.a
LOAD c:/st/stm32cubeide_1.7.0/stm32cubeide/plugins/com.st.stm32cube.ide.mcu.externaltools.gnu-tools-for-stm32.9-2020-q2-update.win32_2.0.0.202105311346/tools/bin/../lib/gcc/arm-none-eabi/9.3.1/../../../../arm-none-eabi/lib/thumb/v7e-m+fp/hard\libc_nano.a
END GROUP
START GROUP
LOAD c:/st/stm32cubeide_1.7.0/stm32cubeide/plugins/com.st.stm32cube.ide.mcu.externaltools.gnu-tools-for-stm32.9-2020-q2-update.win32_2.0.0.202105311346/tools/bin/../lib/gcc/arm-none-eabi/9.3.1/thumb/v7e-m+fp/hard\libgcc.a
LOAD c:/st/stm32cubeide_1.7.0/stm32cubeide/plugins/com.st.stm32cube.ide.mcu.externaltools.gnu-tools-for-stm32.9-2020-q2-update.win32_2.0.0.202105311346/tools/bin/../lib/gcc/arm-none-eabi/9.3.1/../../../../arm-none-eabi/lib/thumb/v7e-m+fp/hard\libc_nano.a
LOAD c:/st/stm32cubeide_1.7.0/stm32cubeide/plugins/com.st.stm32cube.ide.mcu.externaltools.gnu-tools-for-stm32.9-2020-q2-update.win32_2.0.0.202105311346/tools/bin/../lib/gcc/arm-none-eabi/9.3.1/../../../../arm-none-eabi/lib/thumb/v7e-m+fp/hard\libnosys.a
END GROUP
START GROUP
LOAD c:/st/stm32cubeide_1.7.0/stm32cubeide/plugins/com.st.stm32cube.ide.mcu.externaltools.gnu-tools-for-stm32.9-2020-q2-update.win32_2.0.0.202105311346/tools/bin/../lib/gcc/arm-none-eabi/9.3.1/thumb/v7e-m+fp/hard\libgcc.a
LOAD c:/st/stm32cubeide_1.7.0/stm32cubeide/plugins/com.st.stm32cube.ide.mcu.externaltools.gnu-tools-for-stm32.9-2020-q2-update.win32_2.0.0.202105311346/tools/bin/../lib/gcc/arm-none-eabi/9.3.1/../../../../arm-none-eabi/lib/thumb/v7e-m+fp/hard\libc_nano.a
LOAD c:/st/stm32cubeide_1.7.0/stm32cubeide/plugins/com.st.stm32cube.ide.mcu.externaltools.gnu-tools-for-stm32.9-2020-q2-update.win32_2.0.0.202105311346/tools/bin/../lib/gcc/arm-none-eabi/9.3.1/../../../../arm-none-eabi/lib/thumb/v7e-m+fp/hard\libnosys.a
END GROUP
LOAD c:/st/stm32cubeide_1.7.0/stm32cubeide/plugins/com.st.stm32cube.ide.mcu.externaltools.gnu-tools-for-stm32.9-2020-q2-update.win32_2.0.0.202105311346/tools/bin/../lib/gcc/arm-none-eabi/9.3.1/thumb/v7e-m+fp/hard/crtend.o
LOAD c:/st/stm32cubeide_1.7.0/stm32cubeide/plugins/com.st.stm32cube.ide.mcu.externaltools.gnu-tools-for-stm32.9-2020-q2-update.win32_2.0.0.202105311346/tools/bin/../lib/gcc/arm-none-eabi/9.3.1/thumb/v7e-m+fp/hard/crtn.o
                0x0000000020020000                _estack = (ORIGIN (RAM) + LENGTH (RAM))
                0x0000000000000200                _Min_Heap_Size = 0x200
                0x0000000000000400                _Min_Stack_Size = 0x400

.isr_vector     0x0000000008000000      0x198
                0x0000000008000000                . = ALIGN (0x4)
 *(.isr_vector)
 .isr_vector    0x0000000008000000      0x198 ./Core/Startup/startup_stm32f411retx.o
                0x0000000008000000                g_pfnVectors
                0x0000000008000198                . = ALIGN (0x4)

.text           0x00000000080001a0    0x12704
                0x00000000080001a0                . = ALIGN (0x4)
 *(.text)
 .text          0x00000000080001a0       0x40 c:/st/stm32cubeide_1.7.0/stm32cubeide/plugins/com.st.stm32cube.ide.mcu.externaltools.gnu-tools-for-stm32.9-2020-q2-update.win32_2.0.0.202105311346/tools/bin/../lib/gcc/arm-none-eabi/9.3.1/thumb/v7e-m+fp/hard/crtbegin.o
 .text          0x00000000080001e0       0x10 c:/st/stm32cubeide_1.7.0/stm32cubeide/plugins/com.st.stm32cube.ide.mcu.externaltools.gnu-tools-for-stm32.9-2020-q2-update.win32_2.0.0.202105311346/tools/bin/../lib/gcc/arm-none-eabi/9.3.1/../../../../arm-none-eabi/lib/thumb/v7e-m+fp/hard\libc_nano.a(lib_a-strlen.o)
                0x00000000080001e0                strlen
 .text          0x00000000080001f0       0xa0 c:/st/stm32cubeide_1.7.0/stm32cubeide/plugins/com.st.stm32cube.ide.mcu.externaltools.gnu-tools-for-stm32.9-2020-q2-update.win32_2.0.0.202105311346/tools/bin/../lib/gcc/arm-none-eabi/9.3.1/../../../../arm-none-eabi/lib/thumb/v7e-m+fp/hard\libc_nano.a(lib_a-memchr.o)
                0x00000000080001f0                memchr
 .text          0x0000000008000290      0x378 c:/st/stm32cubeide_1.7.0/stm32cubeide/plugins/com.st.stm32cube.ide.mcu.externaltools.gnu-tools-for-stm32.9-2020-q2-update.win32_2.0.0.202105311346/tools/bin/../lib/gcc/arm-none-eabi/9.3.1/thumb/v7e-m+fp/hard\libgcc.a(_arm_addsubdf3.o)
                0x0000000008000290                __aeabi_drsub
                0x0000000008000298                __aeabi_dsub
                0x0000000008000298                __subdf3
                0x000000000800029c                __aeabi_dadd
                0x000000000800029c                __adddf3
                0x0000000008000514                __floatunsidf
                0x0000000008000514                __aeabi_ui2d
                0x0000000008000534                __floatsidf
                0x0000000008000534                __aeabi_i2d
                0x0000000008000558                __aeabi_f2d
                0x0000000008000558                __extendsfdf2
                0x000000000800059c                __floatundidf
                0x000000000800059c                __aeabi_ul2d
                0x00000000080005ac                __floatdidf
                0x00000000080005ac                __aeabi_l2d
 .text          0x0000000008000608      0x424 c:/st/stm32cubeide_1.7.0/stm32cubeide/plugins/com.st.stm32cube.ide.mcu.externaltools.gnu-tools-for-stm32.9-2020-q2-update.win32_2.0.0.202105311346/tools/bin/../lib/gcc/arm-none-eabi/9.3.1/thumb/v7e-m+fp/hard\libgcc.a(_arm_muldivdf3.o)
                0x0000000008000608                __aeabi_dmul
                0x0000000008000608                __muldf3
                0x000000000800085c                __divdf3
                0x000000000800085c                __aeabi_ddiv
 .text          0x0000000008000a2c      0x110 c:/st/stm32cubeide_1.7.0/stm32cubeide/plugins/com.st.stm32cube.ide.mcu.externaltools.gnu-tools-for-stm32.9-2020-q2-update.win32_2.0.0.202105311346/tools/bin/../lib/gcc/arm-none-eabi/9.3.1/thumb/v7e-m+fp/hard\libgcc.a(_arm_cmpdf2.o)
                0x0000000008000a2c                __gtdf2
                0x0000000008000a2c                __gedf2
                0x0000000008000a34                __ltdf2
                0x0000000008000a34                __ledf2
                0x0000000008000a3c                __nedf2
                0x0000000008000a3c                __eqdf2
                0x0000000008000a3c                __cmpdf2
                0x0000000008000ab8                __aeabi_cdrcmple
                0x0000000008000ac8                __aeabi_cdcmpeq
                0x0000000008000ac8                __aeabi_cdcmple
                0x0000000008000ad8                __aeabi_dcmpeq
                0x0000000008000aec                __aeabi_dcmplt
                0x0000000008000b00                __aeabi_dcmple
                0x0000000008000b14                __aeabi_dcmpge
                0x0000000008000b28                __aeabi_dcmpgt
 .text          0x0000000008000b3c       0x2c c:/st/stm32cubeide_1.7.0/stm32cubeide/plugins/com.st.stm32cube.ide.mcu.externaltools.gnu-tools-for-stm32.9-2020-q2-update.win32_2.0.0.202105311346/tools/bin/../lib/gcc/arm-none-eabi/9.3.1/thumb/v7e-m+fp/hard\libgcc.a(_arm_unorddf2.o)
                0x0000000008000b3c                __unorddf2
                0x0000000008000b3c                __aeabi_dcmpun
 .text          0x0000000008000b68       0x50 c:/st/stm32cubeide_1.7.0/stm32cubeide/plugins/com.st.stm32cube.ide.mcu.externaltools.gnu-tools-for-stm32.9-2020-q2-update.win32_2.0.0.202105311346/tools/bin/../lib/gcc/arm-none-eabi/9.3.1/thumb/v7e-m+fp/hard\libgcc.a(_arm_fixdfsi.o)
                0x0000000008000b68                __aeabi_d2iz
                0x0000000008000b68                __fixdfsi
 .text          0x0000000008000bb8       0x40 c:/st/stm32cubeide_1.7.0/stm32cubeide/plugins/com.st.stm32cube.ide.mcu.externaltools.gnu-tools-for-stm32.9-2020-q2-update.win32_2.0.0.202105311346/tools/bin/../lib/gcc/arm-none-eabi/9.3.1/thumb/v7e-m+fp/hard\libgcc.a(_arm_fixunsdfsi.o)
                0x0000000008000bb8                __aeabi_d2uiz
                0x0000000008000bb8                __fixunsdfsi
 .text          0x0000000008000bf8       0x30 c:/st/stm32cubeide_1.7.0/stm32cubeide/plugins/com.st.stm32cube.ide.mcu.externaltools.gnu-tools-for-stm32.9-2020-q2-update.win32_2.0.0.202105311346/tools/bin/../lib/gcc/arm-none-eabi/9.3.1/thumb/v7e-m+fp/hard\libgcc.a(_aeabi_uldivmod.o)
                0x0000000008000bf8                __aeabi_uldivmod
 .text          0x0000000008000c28      0x2c4 c:/st/stm32cubeide_1.7.0/stm32cubeide/plugins/com.st.stm32cube.ide.mcu.externaltools.gnu-tools-for-stm32.9-2020-q2-update.win32_2.0.0.202105311346/tools/bin/../lib/gcc/arm-none-eabi/9.3.1/thumb/v7e-m+fp/hard\libgcc.a(_udivmoddi4.o)
                0x0000000008000c28                __udivmoddi4
 .text          0x0000000008000eec        0x4 c:/st/stm32cubeide_1.7.0/stm32cubeide/plugins/com.st.stm32cube.ide.mcu.externaltools.gnu-tools-for-stm32.9-2020-q2-update.win32_2.0.0.202105311346/tools/bin/../lib/gcc/arm-none-eabi/9.3.1/thumb/v7e-m+fp/hard\libgcc.a(_dvmd_tls.o)
                0x0000000008000eec                __aeabi_idiv0
                0x0000000008000eec                __aeabi_ldiv0
 *(.text*)
 .text.Ph_Init  0x0000000008000ef0       0x78 ./Core/Src/BOTterfly-C/photodiodes.o
                0x0000000008000ef0                Ph_Init
 .text.Ph_GetMeasure
                0x0000000008000f68       0x20 ./Core/Src/BOTterfly-C/photodiodes.o
                0x0000000008000f68                Ph_GetMeasure
 .text.Ph_GetValues
                0x0000000008000f88       0x64 ./Core/Src/BOTterfly-C/photodiodes.o
                0x0000000008000f88                Ph_GetValues
 .text.Ph_GetAverageN
                0x0000000008000fec       0xba ./Core/Src/BOTterfly-C/photodiodes.o
                0x0000000008000fec                Ph_GetAverageN
 *fill*         0x00000000080010a6        0x2 
 .text.Ph_Treatment
                0x00000000080010a8       0x94 ./Core/Src/BOTterfly-C/photodiodes.o
                0x00000000080010a8                Ph_Treatment
 .text.Ph_GetBestAngle
                0x000000000800113c       0xd0 ./Core/Src/BOTterfly-C/photodiodes.o
                0x000000000800113c                Ph_GetBestAngle
 .text.Ph_GetBestAngleAncien
                0x000000000800120c      0x162 ./Core/Src/BOTterfly-C/photodiodes.o
                0x000000000800120c                Ph_GetBestAngleAncien
 *fill*         0x000000000800136e        0x2 
 .text.Ph_GetNorma
                0x0000000008001370      0x104 ./Core/Src/BOTterfly-C/photodiodes.o
                0x0000000008001370                Ph_GetNorma
 .text.RGB_Init_SetTimer
                0x0000000008001474       0x26 ./Core/Src/BOTterfly-C/rgb_sensor.o
                0x0000000008001474                RGB_Init_SetTimer
 .text.RGB_Init_SetParamGPIOs
                0x000000000800149a       0x36 ./Core/Src/BOTterfly-C/rgb_sensor.o
                0x000000000800149a                RGB_Init_SetParamGPIOs
 .text.RGB_Init_SetOutFreqGPIOs
                0x00000000080014d0       0x36 ./Core/Src/BOTterfly-C/rgb_sensor.o
                0x00000000080014d0                RGB_Init_SetOutFreqGPIOs
 .text.RGB_Init_SetColorFilterGPIOs
                0x0000000008001506       0x36 ./Core/Src/BOTterfly-C/rgb_sensor.o
                0x0000000008001506                RGB_Init_SetColorFilterGPIOs
 .text.RGB_Init
                0x000000000800153c       0x8e ./Core/Src/BOTterfly-C/rgb_sensor.o
                0x000000000800153c                RGB_Init
 *fill*         0x00000000080015ca        0x2 
 .text.RGB_SetFilter
                0x00000000080015cc       0xd8 ./Core/Src/BOTterfly-C/rgb_sensor.o
                0x00000000080015cc                RGB_SetFilter
 .text.RGB_SetOFscaling
                0x00000000080016a4       0xd0 ./Core/Src/BOTterfly-C/rgb_sensor.o
                0x00000000080016a4                RGB_SetOFscaling
 .text.RGB_IsTheFloorRed
                0x0000000008001774      0x198 ./Core/Src/BOTterfly-C/rgb_sensor.o
                0x0000000008001774                RGB_IsTheFloorRed
 .text.TOF_Init_SetI2C
                0x000000000800190c       0x2c ./Core/Src/BOTterfly-C/tof_sensor.o
                0x000000000800190c                TOF_Init_SetI2C
 .text.TOF_Init_SetGPIOs
                0x0000000008001938       0x3e ./Core/Src/BOTterfly-C/tof_sensor.o
                0x0000000008001938                TOF_Init_SetGPIOs
 .text.TOF_Init_SetEXTI
                0x0000000008001976       0x22 ./Core/Src/BOTterfly-C/tof_sensor.o
                0x0000000008001976                TOF_Init_SetEXTI
 .text.TOF_Init
                0x0000000008001998      0x15e ./Core/Src/BOTterfly-C/tof_sensor.o
                0x0000000008001998                TOF_Init
 .text.TOF_InitializationFlow
                0x0000000008001af6       0x44 ./Core/Src/BOTterfly-C/tof_sensor.o
                0x0000000008001af6                TOF_InitializationFlow
 *fill*         0x0000000008001b3a        0x2 
 .text.TOF_Initialization
                0x0000000008001b3c       0x5c ./Core/Src/BOTterfly-C/tof_sensor.o
                0x0000000008001b3c                TOF_Initialization
 .text.TOF_Calibration
                0x0000000008001b98       0x80 ./Core/Src/BOTterfly-C/tof_sensor.o
                0x0000000008001b98                TOF_Calibration
 .text.TOF_Settings
                0x0000000008001c18       0x6c ./Core/Src/BOTterfly-C/tof_sensor.o
                0x0000000008001c18                TOF_Settings
 .text.TOF_SetDeviceAddr
                0x0000000008001c84       0x48 ./Core/Src/BOTterfly-C/tof_sensor.o
                0x0000000008001c84                TOF_SetDeviceAddr
 .text.TOF_SetDistance_mm
                0x0000000008001ccc       0x2e ./Core/Src/BOTterfly-C/tof_sensor.o
                0x0000000008001ccc                TOF_SetDistance_mm
 *fill*         0x0000000008001cfa        0x2 
 .text.MX_ADC1_Init
                0x0000000008001cfc       0xf8 ./Core/Src/adc.o
                0x0000000008001cfc                MX_ADC1_Init
 .text.HAL_ADC_MspInit
                0x0000000008001df4       0xf0 ./Core/Src/adc.o
                0x0000000008001df4                HAL_ADC_MspInit
 .text.MX_DMA_Init
                0x0000000008001ee4       0x40 ./Core/Src/dma.o
                0x0000000008001ee4                MX_DMA_Init
 .text.vApplicationGetIdleTaskMemory
                0x0000000008001f24       0x34 ./Core/Src/freertos.o
                0x0000000008001f24                vApplicationGetIdleTaskMemory
 .text.MX_FREERTOS_Init
                0x0000000008001f58       0x38 ./Core/Src/freertos.o
                0x0000000008001f58                MX_FREERTOS_Init
 .text.StartDefaultTask
                0x0000000008001f90       0x10 ./Core/Src/freertos.o
                0x0000000008001f90                StartDefaultTask
 .text.MX_GPIO_Init
                0x0000000008001fa0      0x1a0 ./Core/Src/gpio.o
                0x0000000008001fa0                MX_GPIO_Init
 .text.MX_I2C1_Init
                0x0000000008002140       0x5c ./Core/Src/i2c.o
                0x0000000008002140                MX_I2C1_Init
 .text.HAL_I2C_MspInit
                0x000000000800219c       0x90 ./Core/Src/i2c.o
                0x000000000800219c                HAL_I2C_MspInit
 .text.vTaskSync
                0x000000000800222c      0x144 ./Core/Src/main.o
                0x000000000800222c                vTaskSync
 .text.vTaskControl
                0x0000000008002370      0x118 ./Core/Src/main.o
                0x0000000008002370                vTaskControl
 .text.vTaskToF
                0x0000000008002488       0xf4 ./Core/Src/main.o
                0x0000000008002488                vTaskToF
 .text.vTaskPhotodiodes
                0x000000000800257c       0x34 ./Core/Src/main.o
                0x000000000800257c                vTaskPhotodiodes
 .text.vTaskCouleur
                0x00000000080025b0       0x68 ./Core/Src/main.o
                0x00000000080025b0                vTaskCouleur
 .text.main     0x0000000008002618      0x290 ./Core/Src/main.o
                0x0000000008002618                main
 .text.SystemClock_Config
                0x00000000080028a8       0xd0 ./Core/Src/main.o
                0x00000000080028a8                SystemClock_Config
 .text.HAL_TIM_IC_CaptureCallback
                0x0000000008002978       0x88 ./Core/Src/main.o
                0x0000000008002978                HAL_TIM_IC_CaptureCallback
 .text.HAL_GPIO_EXTI_Callback
                0x0000000008002a00       0x7c ./Core/Src/main.o
                0x0000000008002a00                HAL_GPIO_EXTI_Callback
 .text.__io_putchar
                0x0000000008002a7c       0x24 ./Core/Src/main.o
                0x0000000008002a7c                __io_putchar
 .text.HAL_TIM_PeriodElapsedCallback
                0x0000000008002aa0       0x24 ./Core/Src/main.o
                0x0000000008002aa0                HAL_TIM_PeriodElapsedCallback
 .text.Error_Handler
                0x0000000008002ac4        0xa ./Core/Src/main.o
                0x0000000008002ac4                Error_Handler
 *fill*         0x0000000008002ace        0x2 
 .text.HAL_MspInit
                0x0000000008002ad0       0x58 ./Core/Src/stm32f4xx_hal_msp.o
                0x0000000008002ad0                HAL_MspInit
 .text.HAL_InitTick
                0x0000000008002b28       0xb0 ./Core/Src/stm32f4xx_hal_timebase_tim.o
                0x0000000008002b28                HAL_InitTick
 .text.NMI_Handler
                0x0000000008002bd8        0x6 ./Core/Src/stm32f4xx_it.o
                0x0000000008002bd8                NMI_Handler
 .text.HardFault_Handler
                0x0000000008002bde        0x6 ./Core/Src/stm32f4xx_it.o
                0x0000000008002bde                HardFault_Handler
 .text.MemManage_Handler
                0x0000000008002be4        0x6 ./Core/Src/stm32f4xx_it.o
                0x0000000008002be4                MemManage_Handler
 .text.BusFault_Handler
                0x0000000008002bea        0x6 ./Core/Src/stm32f4xx_it.o
                0x0000000008002bea                BusFault_Handler
 .text.UsageFault_Handler
                0x0000000008002bf0        0x6 ./Core/Src/stm32f4xx_it.o
                0x0000000008002bf0                UsageFault_Handler
 .text.DebugMon_Handler
                0x0000000008002bf6        0xe ./Core/Src/stm32f4xx_it.o
                0x0000000008002bf6                DebugMon_Handler
 .text.EXTI0_IRQHandler
                0x0000000008002c04        0xe ./Core/Src/stm32f4xx_it.o
                0x0000000008002c04                EXTI0_IRQHandler
 .text.EXTI1_IRQHandler
                0x0000000008002c12        0xe ./Core/Src/stm32f4xx_it.o
                0x0000000008002c12                EXTI1_IRQHandler
 .text.TIM1_TRG_COM_TIM11_IRQHandler
                0x0000000008002c20       0x14 ./Core/Src/stm32f4xx_it.o
                0x0000000008002c20                TIM1_TRG_COM_TIM11_IRQHandler
 .text.TIM3_IRQHandler
                0x0000000008002c34       0x14 ./Core/Src/stm32f4xx_it.o
                0x0000000008002c34                TIM3_IRQHandler
 .text.EXTI15_10_IRQHandler
                0x0000000008002c48       0x18 ./Core/Src/stm32f4xx_it.o
                0x0000000008002c48                EXTI15_10_IRQHandler
 .text.DMA2_Stream0_IRQHandler
                0x0000000008002c60       0x14 ./Core/Src/stm32f4xx_it.o
                0x0000000008002c60                DMA2_Stream0_IRQHandler
 .text._getpid  0x0000000008002c74       0x10 ./Core/Src/syscalls.o
                0x0000000008002c74                _getpid
 .text._kill    0x0000000008002c84       0x20 ./Core/Src/syscalls.o
                0x0000000008002c84                _kill
 .text._exit    0x0000000008002ca4       0x14 ./Core/Src/syscalls.o
                0x0000000008002ca4                _exit
 .text._read    0x0000000008002cb8       0x3a ./Core/Src/syscalls.o
                0x0000000008002cb8                _read
 .text._write   0x0000000008002cf2       0x38 ./Core/Src/syscalls.o
                0x0000000008002cf2                _write
 .text._close   0x0000000008002d2a       0x18 ./Core/Src/syscalls.o
                0x0000000008002d2a                _close
 .text._fstat   0x0000000008002d42       0x20 ./Core/Src/syscalls.o
                0x0000000008002d42                _fstat
 .text._isatty  0x0000000008002d62       0x16 ./Core/Src/syscalls.o
                0x0000000008002d62                _isatty
 .text._lseek   0x0000000008002d78       0x1a ./Core/Src/syscalls.o
                0x0000000008002d78                _lseek
 *fill*         0x0000000008002d92        0x2 
 .text._sbrk    0x0000000008002d94       0x6c ./Core/Src/sysmem.o
                0x0000000008002d94                _sbrk
 .text.SystemInit
                0x0000000008002e00       0x24 ./Core/Src/system_stm32f4xx.o
                0x0000000008002e00                SystemInit
 .text.MX_TIM3_Init
                0x0000000008002e24       0xa8 ./Core/Src/tim.o
                0x0000000008002e24                MX_TIM3_Init
 .text.MX_TIM5_Init
                0x0000000008002ecc       0x9c ./Core/Src/tim.o
                0x0000000008002ecc                MX_TIM5_Init
 .text.HAL_TIM_IC_MspInit
                0x0000000008002f68       0xa0 ./Core/Src/tim.o
                0x0000000008002f68                HAL_TIM_IC_MspInit
 .text.HAL_TIM_Base_MspInit
                0x0000000008003008       0x44 ./Core/Src/tim.o
                0x0000000008003008                HAL_TIM_Base_MspInit
 .text.MX_USART2_UART_Init
                0x000000000800304c       0x54 ./Core/Src/usart.o
                0x000000000800304c                MX_USART2_UART_Init
 .text.HAL_UART_MspInit
                0x00000000080030a0       0x90 ./Core/Src/usart.o
                0x00000000080030a0                HAL_UART_MspInit
 .text.Reset_Handler
                0x0000000008003130       0x50 ./Core/Startup/startup_stm32f411retx.o
                0x0000000008003130                Reset_Handler
 .text.Default_Handler
                0x0000000008003180        0x2 ./Core/Startup/startup_stm32f411retx.o
                0x0000000008003180                RTC_Alarm_IRQHandler
                0x0000000008003180                EXTI2_IRQHandler
                0x0000000008003180                SPI4_IRQHandler
                0x0000000008003180                TIM1_CC_IRQHandler
                0x0000000008003180                DMA2_Stream5_IRQHandler
                0x0000000008003180                DMA1_Stream5_IRQHandler
                0x0000000008003180                PVD_IRQHandler
                0x0000000008003180                SDIO_IRQHandler
                0x0000000008003180                TAMP_STAMP_IRQHandler
                0x0000000008003180                EXTI3_IRQHandler
                0x0000000008003180                TIM1_UP_TIM10_IRQHandler
                0x0000000008003180                I2C3_ER_IRQHandler
                0x0000000008003180                I2C2_EV_IRQHandler
                0x0000000008003180                DMA1_Stream2_IRQHandler
                0x0000000008003180                FPU_IRQHandler
                0x0000000008003180                DMA2_Stream2_IRQHandler
                0x0000000008003180                SPI1_IRQHandler
                0x0000000008003180                TIM1_BRK_TIM9_IRQHandler
                0x0000000008003180                DMA2_Stream3_IRQHandler
                0x0000000008003180                USART6_IRQHandler
                0x0000000008003180                TIM4_IRQHandler
                0x0000000008003180                I2C1_EV_IRQHandler
                0x0000000008003180                DMA1_Stream6_IRQHandler
                0x0000000008003180                DMA1_Stream1_IRQHandler
                0x0000000008003180                RCC_IRQHandler
                0x0000000008003180                Default_Handler
                0x0000000008003180                ADC_IRQHandler
                0x0000000008003180                DMA1_Stream7_IRQHandler
                0x0000000008003180                SPI5_IRQHandler
                0x0000000008003180                TIM5_IRQHandler
                0x0000000008003180                DMA2_Stream7_IRQHandler
                0x0000000008003180                I2C3_EV_IRQHandler
                0x0000000008003180                EXTI9_5_IRQHandler
                0x0000000008003180                RTC_WKUP_IRQHandler
                0x0000000008003180                SPI2_IRQHandler
                0x0000000008003180                DMA1_Stream0_IRQHandler
                0x0000000008003180                EXTI4_IRQHandler
                0x0000000008003180                WWDG_IRQHandler
                0x0000000008003180                TIM2_IRQHandler
                0x0000000008003180                OTG_FS_WKUP_IRQHandler
                0x0000000008003180                USART2_IRQHandler
                0x0000000008003180                I2C2_ER_IRQHandler
                0x0000000008003180                DMA2_Stream1_IRQHandler
                0x0000000008003180                FLASH_IRQHandler
                0x0000000008003180                DMA2_Stream4_IRQHandler
                0x0000000008003180                USART1_IRQHandler
                0x0000000008003180                OTG_FS_IRQHandler
                0x0000000008003180                SPI3_IRQHandler
                0x0000000008003180                DMA1_Stream4_IRQHandler
                0x0000000008003180                I2C1_ER_IRQHandler
                0x0000000008003180                DMA2_Stream6_IRQHandler
                0x0000000008003180                DMA1_Stream3_IRQHandler
 *fill*         0x0000000008003182        0x2 
 .text.HAL_Init
                0x0000000008003184       0x44 ./Drivers/STM32F4xx_HAL_Driver/Src/stm32f4xx_hal.o
                0x0000000008003184                HAL_Init
 .text.HAL_IncTick
                0x00000000080031c8       0x28 ./Drivers/STM32F4xx_HAL_Driver/Src/stm32f4xx_hal.o
                0x00000000080031c8                HAL_IncTick
 .text.HAL_GetTick
                0x00000000080031f0       0x18 ./Drivers/STM32F4xx_HAL_Driver/Src/stm32f4xx_hal.o
                0x00000000080031f0                HAL_GetTick
 .text.HAL_Delay
                0x0000000008003208       0x48 ./Drivers/STM32F4xx_HAL_Driver/Src/stm32f4xx_hal.o
                0x0000000008003208                HAL_Delay
 .text.HAL_ADC_Init
                0x0000000008003250       0x86 ./Drivers/STM32F4xx_HAL_Driver/Src/stm32f4xx_hal_adc.o
                0x0000000008003250                HAL_ADC_Init
 *fill*         0x00000000080032d6        0x2 
 .text.HAL_ADC_Start_DMA
                0x00000000080032d8      0x1e0 ./Drivers/STM32F4xx_HAL_Driver/Src/stm32f4xx_hal_adc.o
                0x00000000080032d8                HAL_ADC_Start_DMA
 .text.HAL_ADC_Stop_DMA
                0x00000000080034b8       0xb4 ./Drivers/STM32F4xx_HAL_Driver/Src/stm32f4xx_hal_adc.o
                0x00000000080034b8                HAL_ADC_Stop_DMA
 .text.HAL_ADC_ConvCpltCallback
                0x000000000800356c       0x14 ./Drivers/STM32F4xx_HAL_Driver/Src/stm32f4xx_hal_adc.o
                0x000000000800356c                HAL_ADC_ConvCpltCallback
 .text.HAL_ADC_ConvHalfCpltCallback
                0x0000000008003580       0x14 ./Drivers/STM32F4xx_HAL_Driver/Src/stm32f4xx_hal_adc.o
                0x0000000008003580                HAL_ADC_ConvHalfCpltCallback
 .text.HAL_ADC_ErrorCallback
                0x0000000008003594       0x14 ./Drivers/STM32F4xx_HAL_Driver/Src/stm32f4xx_hal_adc.o
                0x0000000008003594                HAL_ADC_ErrorCallback
 .text.HAL_ADC_ConfigChannel
                0x00000000080035a8      0x264 ./Drivers/STM32F4xx_HAL_Driver/Src/stm32f4xx_hal_adc.o
                0x00000000080035a8                HAL_ADC_ConfigChannel
 .text.ADC_Init
                0x000000000800380c      0x1f8 ./Drivers/STM32F4xx_HAL_Driver/Src/stm32f4xx_hal_adc.o
 .text.ADC_DMAConvCplt
                0x0000000008003a04       0xba ./Drivers/STM32F4xx_HAL_Driver/Src/stm32f4xx_hal_adc.o
 .text.ADC_DMAHalfConvCplt
                0x0000000008003abe       0x1c ./Drivers/STM32F4xx_HAL_Driver/Src/stm32f4xx_hal_adc.o
 .text.ADC_DMAError
                0x0000000008003ada       0x2e ./Drivers/STM32F4xx_HAL_Driver/Src/stm32f4xx_hal_adc.o
 .text.__NVIC_SetPriorityGrouping
                0x0000000008003b08       0x48 ./Drivers/STM32F4xx_HAL_Driver/Src/stm32f4xx_hal_cortex.o
 .text.__NVIC_GetPriorityGrouping
                0x0000000008003b50       0x1c ./Drivers/STM32F4xx_HAL_Driver/Src/stm32f4xx_hal_cortex.o
 .text.__NVIC_EnableIRQ
                0x0000000008003b6c       0x3c ./Drivers/STM32F4xx_HAL_Driver/Src/stm32f4xx_hal_cortex.o
 .text.__NVIC_DisableIRQ
                0x0000000008003ba8       0x48 ./Drivers/STM32F4xx_HAL_Driver/Src/stm32f4xx_hal_cortex.o
 .text.__NVIC_SetPriority
                0x0000000008003bf0       0x54 ./Drivers/STM32F4xx_HAL_Driver/Src/stm32f4xx_hal_cortex.o
 .text.NVIC_EncodePriority
                0x0000000008003c44       0x66 ./Drivers/STM32F4xx_HAL_Driver/Src/stm32f4xx_hal_cortex.o
 .text.HAL_NVIC_SetPriorityGrouping
                0x0000000008003caa       0x16 ./Drivers/STM32F4xx_HAL_Driver/Src/stm32f4xx_hal_cortex.o
                0x0000000008003caa                HAL_NVIC_SetPriorityGrouping
 .text.HAL_NVIC_SetPriority
                0x0000000008003cc0       0x38 ./Drivers/STM32F4xx_HAL_Driver/Src/stm32f4xx_hal_cortex.o
                0x0000000008003cc0                HAL_NVIC_SetPriority
 .text.HAL_NVIC_EnableIRQ
                0x0000000008003cf8       0x1c ./Drivers/STM32F4xx_HAL_Driver/Src/stm32f4xx_hal_cortex.o
                0x0000000008003cf8                HAL_NVIC_EnableIRQ
 .text.HAL_NVIC_DisableIRQ
                0x0000000008003d14       0x1c ./Drivers/STM32F4xx_HAL_Driver/Src/stm32f4xx_hal_cortex.o
                0x0000000008003d14                HAL_NVIC_DisableIRQ
 .text.HAL_DMA_Init
                0x0000000008003d30      0x15c ./Drivers/STM32F4xx_HAL_Driver/Src/stm32f4xx_hal_dma.o
                0x0000000008003d30                HAL_DMA_Init
 .text.HAL_DMA_Start_IT
                0x0000000008003e8c       0xb0 ./Drivers/STM32F4xx_HAL_Driver/Src/stm32f4xx_hal_dma.o
                0x0000000008003e8c                HAL_DMA_Start_IT
 .text.HAL_DMA_Abort
                0x0000000008003f3c       0xe0 ./Drivers/STM32F4xx_HAL_Driver/Src/stm32f4xx_hal_dma.o
                0x0000000008003f3c                HAL_DMA_Abort
 .text.HAL_DMA_IRQHandler
                0x000000000800401c      0x314 ./Drivers/STM32F4xx_HAL_Driver/Src/stm32f4xx_hal_dma.o
                0x000000000800401c                HAL_DMA_IRQHandler
 .text.DMA_SetConfig
                0x0000000008004330       0x5c ./Drivers/STM32F4xx_HAL_Driver/Src/stm32f4xx_hal_dma.o
 .text.DMA_CalcBaseAndBitshift
                0x000000000800438c       0x6c ./Drivers/STM32F4xx_HAL_Driver/Src/stm32f4xx_hal_dma.o
 .text.DMA_CheckFifoParam
                0x00000000080043f8       0xf8 ./Drivers/STM32F4xx_HAL_Driver/Src/stm32f4xx_hal_dma.o
 .text.HAL_GPIO_Init
                0x00000000080044f0      0x308 ./Drivers/STM32F4xx_HAL_Driver/Src/stm32f4xx_hal_gpio.o
                0x00000000080044f0                HAL_GPIO_Init
 .text.HAL_GPIO_WritePin
                0x00000000080047f8       0x32 ./Drivers/STM32F4xx_HAL_Driver/Src/stm32f4xx_hal_gpio.o
                0x00000000080047f8                HAL_GPIO_WritePin
 *fill*         0x000000000800482a        0x2 
 .text.HAL_GPIO_EXTI_IRQHandler
                0x000000000800482c       0x30 ./Drivers/STM32F4xx_HAL_Driver/Src/stm32f4xx_hal_gpio.o
                0x000000000800482c                HAL_GPIO_EXTI_IRQHandler
 .text.HAL_I2C_Init
                0x000000000800485c      0x288 ./Drivers/STM32F4xx_HAL_Driver/Src/stm32f4xx_hal_i2c.o
                0x000000000800485c                HAL_I2C_Init
 .text.HAL_I2C_Master_Transmit
                0x0000000008004ae4      0x1fc ./Drivers/STM32F4xx_HAL_Driver/Src/stm32f4xx_hal_i2c.o
                0x0000000008004ae4                HAL_I2C_Master_Transmit
 .text.HAL_I2C_Master_Receive
                0x0000000008004ce0      0x44c ./Drivers/STM32F4xx_HAL_Driver/Src/stm32f4xx_hal_i2c.o
                0x0000000008004ce0                HAL_I2C_Master_Receive
 .text.I2C_MasterRequestWrite
                0x000000000800512c      0x104 ./Drivers/STM32F4xx_HAL_Driver/Src/stm32f4xx_hal_i2c.o
 .text.I2C_MasterRequestRead
                0x0000000008005230      0x19c ./Drivers/STM32F4xx_HAL_Driver/Src/stm32f4xx_hal_i2c.o
 .text.I2C_WaitOnFlagUntilTimeout
                0x00000000080053cc       0xae ./Drivers/STM32F4xx_HAL_Driver/Src/stm32f4xx_hal_i2c.o
 .text.I2C_WaitOnMasterAddressFlagUntilTimeout
                0x000000000800547a       0xfe ./Drivers/STM32F4xx_HAL_Driver/Src/stm32f4xx_hal_i2c.o
 .text.I2C_WaitOnTXEFlagUntilTimeout
                0x0000000008005578       0x82 ./Drivers/STM32F4xx_HAL_Driver/Src/stm32f4xx_hal_i2c.o
 .text.I2C_WaitOnBTFFlagUntilTimeout
                0x00000000080055fa       0x82 ./Drivers/STM32F4xx_HAL_Driver/Src/stm32f4xx_hal_i2c.o
 .text.I2C_WaitOnRXNEFlagUntilTimeout
                0x000000000800567c       0xac ./Drivers/STM32F4xx_HAL_Driver/Src/stm32f4xx_hal_i2c.o
 .text.I2C_IsAcknowledgeFailed
                0x0000000008005728       0x5e ./Drivers/STM32F4xx_HAL_Driver/Src/stm32f4xx_hal_i2c.o
 *fill*         0x0000000008005786        0x2 
 .text.HAL_RCC_OscConfig
                0x0000000008005788      0x4f0 ./Drivers/STM32F4xx_HAL_Driver/Src/stm32f4xx_hal_rcc.o
                0x0000000008005788                HAL_RCC_OscConfig
 .text.HAL_RCC_ClockConfig
                0x0000000008005c78      0x1cc ./Drivers/STM32F4xx_HAL_Driver/Src/stm32f4xx_hal_rcc.o
                0x0000000008005c78                HAL_RCC_ClockConfig
 .text.HAL_RCC_GetSysClockFreq
                0x0000000008005e44      0x1c4 ./Drivers/STM32F4xx_HAL_Driver/Src/stm32f4xx_hal_rcc.o
                0x0000000008005e44                HAL_RCC_GetSysClockFreq
 .text.HAL_RCC_GetHCLKFreq
                0x0000000008006008       0x18 ./Drivers/STM32F4xx_HAL_Driver/Src/stm32f4xx_hal_rcc.o
                0x0000000008006008                HAL_RCC_GetHCLKFreq
 .text.HAL_RCC_GetPCLK1Freq
                0x0000000008006020       0x28 ./Drivers/STM32F4xx_HAL_Driver/Src/stm32f4xx_hal_rcc.o
                0x0000000008006020                HAL_RCC_GetPCLK1Freq
 .text.HAL_RCC_GetPCLK2Freq
                0x0000000008006048       0x28 ./Drivers/STM32F4xx_HAL_Driver/Src/stm32f4xx_hal_rcc.o
                0x0000000008006048                HAL_RCC_GetPCLK2Freq
 .text.HAL_RCC_GetClockConfig
                0x0000000008006070       0x64 ./Drivers/STM32F4xx_HAL_Driver/Src/stm32f4xx_hal_rcc.o
                0x0000000008006070                HAL_RCC_GetClockConfig
 .text.HAL_TIM_Base_Init
                0x00000000080060d4       0x9e ./Drivers/STM32F4xx_HAL_Driver/Src/stm32f4xx_hal_tim.o
                0x00000000080060d4                HAL_TIM_Base_Init
 *fill*         0x0000000008006172        0x2 
 .text.HAL_TIM_Base_Start_IT
                0x0000000008006174       0xc4 ./Drivers/STM32F4xx_HAL_Driver/Src/stm32f4xx_hal_tim.o
                0x0000000008006174                HAL_TIM_Base_Start_IT
 .text.HAL_TIM_IC_Init
                0x0000000008006238       0x9e ./Drivers/STM32F4xx_HAL_Driver/Src/stm32f4xx_hal_tim.o
                0x0000000008006238                HAL_TIM_IC_Init
 *fill*         0x00000000080062d6        0x2 
 .text.HAL_TIM_IC_Start_IT
                0x00000000080062d8      0x234 ./Drivers/STM32F4xx_HAL_Driver/Src/stm32f4xx_hal_tim.o
                0x00000000080062d8                HAL_TIM_IC_Start_IT
 .text.HAL_TIM_IRQHandler
                0x000000000800650c      0x210 ./Drivers/STM32F4xx_HAL_Driver/Src/stm32f4xx_hal_tim.o
                0x000000000800650c                HAL_TIM_IRQHandler
 .text.HAL_TIM_IC_ConfigChannel
                0x000000000800671c      0x138 ./Drivers/STM32F4xx_HAL_Driver/Src/stm32f4xx_hal_tim.o
                0x000000000800671c                HAL_TIM_IC_ConfigChannel
 .text.HAL_TIM_ConfigClockSource
                0x0000000008006854      0x18e ./Drivers/STM32F4xx_HAL_Driver/Src/stm32f4xx_hal_tim.o
                0x0000000008006854                HAL_TIM_ConfigClockSource
 *fill*         0x00000000080069e2        0x2 
 .text.HAL_TIM_ReadCapturedValue
                0x00000000080069e4       0x88 ./Drivers/STM32F4xx_HAL_Driver/Src/stm32f4xx_hal_tim.o
                0x00000000080069e4                HAL_TIM_ReadCapturedValue
 .text.HAL_TIM_OC_DelayElapsedCallback
                0x0000000008006a6c       0x14 ./Drivers/STM32F4xx_HAL_Driver/Src/stm32f4xx_hal_tim.o
                0x0000000008006a6c                HAL_TIM_OC_DelayElapsedCallback
 .text.HAL_TIM_PWM_PulseFinishedCallback
                0x0000000008006a80       0x14 ./Drivers/STM32F4xx_HAL_Driver/Src/stm32f4xx_hal_tim.o
                0x0000000008006a80                HAL_TIM_PWM_PulseFinishedCallback
 .text.HAL_TIM_TriggerCallback
                0x0000000008006a94       0x14 ./Drivers/STM32F4xx_HAL_Driver/Src/stm32f4xx_hal_tim.o
                0x0000000008006a94                HAL_TIM_TriggerCallback
 .text.TIM_Base_SetConfig
                0x0000000008006aa8      0x100 ./Drivers/STM32F4xx_HAL_Driver/Src/stm32f4xx_hal_tim.o
                0x0000000008006aa8                TIM_Base_SetConfig
 .text.TIM_TI1_SetConfig
                0x0000000008006ba8       0xd0 ./Drivers/STM32F4xx_HAL_Driver/Src/stm32f4xx_hal_tim.o
                0x0000000008006ba8                TIM_TI1_SetConfig
 .text.TIM_TI1_ConfigInputStage
                0x0000000008006c78       0x5e ./Drivers/STM32F4xx_HAL_Driver/Src/stm32f4xx_hal_tim.o
 .text.TIM_TI2_SetConfig
                0x0000000008006cd6       0x7a ./Drivers/STM32F4xx_HAL_Driver/Src/stm32f4xx_hal_tim.o
 .text.TIM_TI2_ConfigInputStage
                0x0000000008006d50       0x60 ./Drivers/STM32F4xx_HAL_Driver/Src/stm32f4xx_hal_tim.o
 .text.TIM_TI3_SetConfig
                0x0000000008006db0       0x78 ./Drivers/STM32F4xx_HAL_Driver/Src/stm32f4xx_hal_tim.o
 .text.TIM_TI4_SetConfig
                0x0000000008006e28       0x7a ./Drivers/STM32F4xx_HAL_Driver/Src/stm32f4xx_hal_tim.o
 .text.TIM_ITRx_SetConfig
                0x0000000008006ea2       0x36 ./Drivers/STM32F4xx_HAL_Driver/Src/stm32f4xx_hal_tim.o
 .text.TIM_ETR_SetConfig
                0x0000000008006ed8       0x40 ./Drivers/STM32F4xx_HAL_Driver/Src/stm32f4xx_hal_tim.o
                0x0000000008006ed8                TIM_ETR_SetConfig
 .text.TIM_CCxChannelCmd
                0x0000000008006f18       0x4a ./Drivers/STM32F4xx_HAL_Driver/Src/stm32f4xx_hal_tim.o
                0x0000000008006f18                TIM_CCxChannelCmd
 *fill*         0x0000000008006f62        0x2 
 .text.HAL_TIMEx_MasterConfigSynchronization
                0x0000000008006f64       0xdc ./Drivers/STM32F4xx_HAL_Driver/Src/stm32f4xx_hal_tim_ex.o
                0x0000000008006f64                HAL_TIMEx_MasterConfigSynchronization
 .text.HAL_TIMEx_CommutCallback
                0x0000000008007040       0x14 ./Drivers/STM32F4xx_HAL_Driver/Src/stm32f4xx_hal_tim_ex.o
                0x0000000008007040                HAL_TIMEx_CommutCallback
 .text.HAL_TIMEx_BreakCallback
                0x0000000008007054       0x14 ./Drivers/STM32F4xx_HAL_Driver/Src/stm32f4xx_hal_tim_ex.o
                0x0000000008007054                HAL_TIMEx_BreakCallback
 .text.HAL_UART_Init
                0x0000000008007068       0x9a ./Drivers/STM32F4xx_HAL_Driver/Src/stm32f4xx_hal_uart.o
                0x0000000008007068                HAL_UART_Init
 .text.HAL_UART_Transmit
                0x0000000008007102      0x124 ./Drivers/STM32F4xx_HAL_Driver/Src/stm32f4xx_hal_uart.o
                0x0000000008007102                HAL_UART_Transmit
 .text.UART_WaitOnFlagUntilTimeout
                0x0000000008007226       0xdc ./Drivers/STM32F4xx_HAL_Driver/Src/stm32f4xx_hal_uart.o
 *fill*         0x0000000008007302        0x2 
 .text.UART_SetConfig
                0x0000000008007304      0x390 ./Drivers/STM32F4xx_HAL_Driver/Src/stm32f4xx_hal_uart.o
 .text.VL53L0X_GetOffsetCalibrationDataMicroMeter
                0x0000000008007694       0x26 ./Drivers/VL53L0X_API/core/src/vl53l0x_api.o
                0x0000000008007694                VL53L0X_GetOffsetCalibrationDataMicroMeter
 .text.VL53L0X_SetDeviceAddress
                0x00000000080076ba       0x30 ./Drivers/VL53L0X_API/core/src/vl53l0x_api.o
                0x00000000080076ba                VL53L0X_SetDeviceAddress
 *fill*         0x00000000080076ea        0x2 
 .text.VL53L0X_DataInit
                0x00000000080076ec      0x2c8 ./Drivers/VL53L0X_API/core/src/vl53l0x_api.o
                0x00000000080076ec                VL53L0X_DataInit
 .text.VL53L0X_StaticInit
                0x00000000080079b4      0x304 ./Drivers/VL53L0X_API/core/src/vl53l0x_api.o
                0x00000000080079b4                VL53L0X_StaticInit
 .text.VL53L0X_GetDeviceParameters
                0x0000000008007cb8      0x120 ./Drivers/VL53L0X_API/core/src/vl53l0x_api.o
                0x0000000008007cb8                VL53L0X_GetDeviceParameters
 .text.VL53L0X_SetDeviceMode
                0x0000000008007dd8       0x58 ./Drivers/VL53L0X_API/core/src/vl53l0x_api.o
                0x0000000008007dd8                VL53L0X_SetDeviceMode
 .text.VL53L0X_GetDeviceMode
                0x0000000008007e30       0x26 ./Drivers/VL53L0X_API/core/src/vl53l0x_api.o
                0x0000000008007e30                VL53L0X_GetDeviceMode
 .text.VL53L0X_GetFractionEnable
                0x0000000008007e56       0x3e ./Drivers/VL53L0X_API/core/src/vl53l0x_api.o
                0x0000000008007e56                VL53L0X_GetFractionEnable
 .text.VL53L0X_SetMeasurementTimingBudgetMicroSeconds
                0x0000000008007e94       0x26 ./Drivers/VL53L0X_API/core/src/vl53l0x_api.o
                0x0000000008007e94                VL53L0X_SetMeasurementTimingBudgetMicroSeconds
 .text.VL53L0X_GetMeasurementTimingBudgetMicroSeconds
                0x0000000008007eba       0x26 ./Drivers/VL53L0X_API/core/src/vl53l0x_api.o
                0x0000000008007eba                VL53L0X_GetMeasurementTimingBudgetMicroSeconds
 .text.VL53L0X_GetVcselPulsePeriod
                0x0000000008007ee0       0x2e ./Drivers/VL53L0X_API/core/src/vl53l0x_api.o
                0x0000000008007ee0                VL53L0X_GetVcselPulsePeriod
 *fill*         0x0000000008007f0e        0x2 
 .text.VL53L0X_SetSequenceStepEnable
                0x0000000008007f10      0x144 ./Drivers/VL53L0X_API/core/src/vl53l0x_api.o
                0x0000000008007f10                VL53L0X_SetSequenceStepEnable
 .text.sequence_step_enabled
                0x0000000008008054       0xa4 ./Drivers/VL53L0X_API/core/src/vl53l0x_api.o
                0x0000000008008054                sequence_step_enabled
 .text.VL53L0X_GetSequenceStepEnables
                0x00000000080080f8       0xb0 ./Drivers/VL53L0X_API/core/src/vl53l0x_api.o
                0x00000000080080f8                VL53L0X_GetSequenceStepEnables
 .text.VL53L0X_GetInterMeasurementPeriodMilliSeconds
                0x00000000080081a8       0x68 ./Drivers/VL53L0X_API/core/src/vl53l0x_api.o
                0x00000000080081a8                VL53L0X_GetInterMeasurementPeriodMilliSeconds
 .text.VL53L0X_GetXTalkCompensationEnable
                0x0000000008008210       0x2a ./Drivers/VL53L0X_API/core/src/vl53l0x_api.o
                0x0000000008008210                VL53L0X_GetXTalkCompensationEnable
 .text.VL53L0X_GetXTalkCompensationRateMegaCps
                0x000000000800823a       0x66 ./Drivers/VL53L0X_API/core/src/vl53l0x_api.o
                0x000000000800823a                VL53L0X_GetXTalkCompensationRateMegaCps
 .text.VL53L0X_SetLimitCheckEnable
                0x00000000080082a0      0x118 ./Drivers/VL53L0X_API/core/src/vl53l0x_api.o
                0x00000000080082a0                VL53L0X_SetLimitCheckEnable
 .text.VL53L0X_GetLimitCheckEnable
                0x00000000080083b8       0x46 ./Drivers/VL53L0X_API/core/src/vl53l0x_api.o
                0x00000000080083b8                VL53L0X_GetLimitCheckEnable
 *fill*         0x00000000080083fe        0x2 
 .text.VL53L0X_SetLimitCheckValue
                0x0000000008008400       0xc4 ./Drivers/VL53L0X_API/core/src/vl53l0x_api.o
                0x0000000008008400                VL53L0X_SetLimitCheckValue
 .text.VL53L0X_GetLimitCheckValue
                0x00000000080084c4      0x11c ./Drivers/VL53L0X_API/core/src/vl53l0x_api.o
                0x00000000080084c4                VL53L0X_GetLimitCheckValue
 .text.VL53L0X_GetWrapAroundCheckEnable
                0x00000000080085e0       0x64 ./Drivers/VL53L0X_API/core/src/vl53l0x_api.o
                0x00000000080085e0                VL53L0X_GetWrapAroundCheckEnable
 .text.VL53L0X_PerformSingleMeasurement
                0x0000000008008644       0x68 ./Drivers/VL53L0X_API/core/src/vl53l0x_api.o
                0x0000000008008644                VL53L0X_PerformSingleMeasurement
 .text.VL53L0X_PerformRefCalibration
                0x00000000080086ac       0x2c ./Drivers/VL53L0X_API/core/src/vl53l0x_api.o
                0x00000000080086ac                VL53L0X_PerformRefCalibration
 .text.VL53L0X_CheckAndLoadInterruptSettings
                0x00000000080086d8       0xcc ./Drivers/VL53L0X_API/core/src/vl53l0x_api.o
                0x00000000080086d8                VL53L0X_CheckAndLoadInterruptSettings
 .text.VL53L0X_StartMeasurement
                0x00000000080087a4      0x184 ./Drivers/VL53L0X_API/core/src/vl53l0x_api.o
                0x00000000080087a4                VL53L0X_StartMeasurement
 .text.VL53L0X_GetMeasurementDataReady
                0x0000000008008928       0x80 ./Drivers/VL53L0X_API/core/src/vl53l0x_api.o
                0x0000000008008928                VL53L0X_GetMeasurementDataReady
 .text.VL53L0X_GetRangingMeasurementData
                0x00000000080089a8      0x248 ./Drivers/VL53L0X_API/core/src/vl53l0x_api.o
                0x00000000080089a8                VL53L0X_GetRangingMeasurementData
 .text.VL53L0X_PerformSingleRangingMeasurement
                0x0000000008008bf0       0x60 ./Drivers/VL53L0X_API/core/src/vl53l0x_api.o
                0x0000000008008bf0                VL53L0X_PerformSingleRangingMeasurement
 .text.VL53L0X_SetGpioConfig
                0x0000000008008c50      0x248 ./Drivers/VL53L0X_API/core/src/vl53l0x_api.o
                0x0000000008008c50                VL53L0X_SetGpioConfig
 .text.VL53L0X_GetInterruptThresholds
                0x0000000008008e98       0x6c ./Drivers/VL53L0X_API/core/src/vl53l0x_api.o
                0x0000000008008e98                VL53L0X_GetInterruptThresholds
 .text.VL53L0X_ClearInterruptMask
                0x0000000008008f04       0x80 ./Drivers/VL53L0X_API/core/src/vl53l0x_api.o
                0x0000000008008f04                VL53L0X_ClearInterruptMask
 .text.VL53L0X_GetInterruptMaskStatus
                0x0000000008008f84       0x44 ./Drivers/VL53L0X_API/core/src/vl53l0x_api.o
                0x0000000008008f84                VL53L0X_GetInterruptMaskStatus
 .text.VL53L0X_PerformRefSpadManagement
                0x0000000008008fc8       0x2a ./Drivers/VL53L0X_API/core/src/vl53l0x_api.o
                0x0000000008008fc8                VL53L0X_PerformRefSpadManagement
 .text.VL53L0X_get_offset_calibration_data_micro_meter
                0x0000000008008ff2       0x7e ./Drivers/VL53L0X_API/core/src/vl53l0x_api_calibration.o
                0x0000000008008ff2                VL53L0X_get_offset_calibration_data_micro_meter
 .text.get_next_good_spad
                0x0000000008009070       0xbc ./Drivers/VL53L0X_API/core/src/vl53l0x_api_calibration.o
                0x0000000008009070                get_next_good_spad
 .text.is_aperture
                0x000000000800912c       0x34 ./Drivers/VL53L0X_API/core/src/vl53l0x_api_calibration.o
                0x000000000800912c                is_aperture
 .text.enable_spad_bit
                0x0000000008009160       0x70 ./Drivers/VL53L0X_API/core/src/vl53l0x_api_calibration.o
                0x0000000008009160                enable_spad_bit
 .text.set_ref_spad_map
                0x00000000080091d0       0x26 ./Drivers/VL53L0X_API/core/src/vl53l0x_api_calibration.o
                0x00000000080091d0                set_ref_spad_map
 .text.get_ref_spad_map
                0x00000000080091f6       0x26 ./Drivers/VL53L0X_API/core/src/vl53l0x_api_calibration.o
                0x00000000080091f6                get_ref_spad_map
 .text.enable_ref_spads
                0x000000000800921c       0xf8 ./Drivers/VL53L0X_API/core/src/vl53l0x_api_calibration.o
                0x000000000800921c                enable_ref_spads
 .text.perform_ref_signal_measurement
                0x0000000008009314       0xd4 ./Drivers/VL53L0X_API/core/src/vl53l0x_api_calibration.o
                0x0000000008009314                perform_ref_signal_measurement
 .text.VL53L0X_perform_ref_spad_management
                0x00000000080093e8      0x418 ./Drivers/VL53L0X_API/core/src/vl53l0x_api_calibration.o
                0x00000000080093e8                VL53L0X_perform_ref_spad_management
 .text.VL53L0X_set_reference_spads
                0x0000000008009800      0x14a ./Drivers/VL53L0X_API/core/src/vl53l0x_api_calibration.o
                0x0000000008009800                VL53L0X_set_reference_spads
 .text.VL53L0X_perform_single_ref_calibration
                0x000000000800994a       0x76 ./Drivers/VL53L0X_API/core/src/vl53l0x_api_calibration.o
                0x000000000800994a                VL53L0X_perform_single_ref_calibration
 .text.VL53L0X_ref_calibration_io
                0x00000000080099c0      0x132 ./Drivers/VL53L0X_API/core/src/vl53l0x_api_calibration.o
                0x00000000080099c0                VL53L0X_ref_calibration_io
 .text.VL53L0X_perform_vhv_calibration
                0x0000000008009af2       0xce ./Drivers/VL53L0X_API/core/src/vl53l0x_api_calibration.o
                0x0000000008009af2                VL53L0X_perform_vhv_calibration
 .text.VL53L0X_perform_phase_calibration
                0x0000000008009bc0       0xca ./Drivers/VL53L0X_API/core/src/vl53l0x_api_calibration.o
                0x0000000008009bc0                VL53L0X_perform_phase_calibration
 .text.VL53L0X_perform_ref_calibration
                0x0000000008009c8a       0x7a ./Drivers/VL53L0X_API/core/src/vl53l0x_api_calibration.o
                0x0000000008009c8a                VL53L0X_perform_ref_calibration
 .text.VL53L0X_measurement_poll_for_completion
                0x0000000008009d04       0x60 ./Drivers/VL53L0X_API/core/src/vl53l0x_api_core.o
                0x0000000008009d04                VL53L0X_measurement_poll_for_completion
 .text.VL53L0X_decode_vcsel_period
                0x0000000008009d64       0x26 ./Drivers/VL53L0X_API/core/src/vl53l0x_api_core.o
                0x0000000008009d64                VL53L0X_decode_vcsel_period
 .text.VL53L0X_isqrt
                0x0000000008009d8a       0x68 ./Drivers/VL53L0X_API/core/src/vl53l0x_api_core.o
                0x0000000008009d8a                VL53L0X_isqrt
 .text.VL53L0X_device_read_strobe
                0x0000000008009df2       0x86 ./Drivers/VL53L0X_API/core/src/vl53l0x_api_core.o
                0x0000000008009df2                VL53L0X_device_read_strobe
 .text.VL53L0X_get_info_from_device
                0x0000000008009e78      0x99a ./Drivers/VL53L0X_API/core/src/vl53l0x_api_core.o
                0x0000000008009e78                VL53L0X_get_info_from_device
 .text.VL53L0X_calc_macro_period_ps
                0x000000000800a812       0x3c ./Drivers/VL53L0X_API/core/src/vl53l0x_api_core.o
                0x000000000800a812                VL53L0X_calc_macro_period_ps
 .text.VL53L0X_encode_timeout
                0x000000000800a84e       0x58 ./Drivers/VL53L0X_API/core/src/vl53l0x_api_core.o
                0x000000000800a84e                VL53L0X_encode_timeout
 .text.VL53L0X_decode_timeout
                0x000000000800a8a6       0x2c ./Drivers/VL53L0X_API/core/src/vl53l0x_api_core.o
                0x000000000800a8a6                VL53L0X_decode_timeout
 *fill*         0x000000000800a8d2        0x2 
 .text.VL53L0X_calc_timeout_mclks
                0x000000000800a8d4       0x54 ./Drivers/VL53L0X_API/core/src/vl53l0x_api_core.o
                0x000000000800a8d4                VL53L0X_calc_timeout_mclks
 .text.VL53L0X_calc_timeout_us
                0x000000000800a928       0x54 ./Drivers/VL53L0X_API/core/src/vl53l0x_api_core.o
                0x000000000800a928                VL53L0X_calc_timeout_us
 .text.get_sequence_step_timeout
                0x000000000800a97c      0x1c2 ./Drivers/VL53L0X_API/core/src/vl53l0x_api_core.o
                0x000000000800a97c                get_sequence_step_timeout
 .text.set_sequence_step_timeout
                0x000000000800ab3e      0x1e4 ./Drivers/VL53L0X_API/core/src/vl53l0x_api_core.o
                0x000000000800ab3e                set_sequence_step_timeout
 .text.VL53L0X_get_vcsel_pulse_period
                0x000000000800ad22       0x6e ./Drivers/VL53L0X_API/core/src/vl53l0x_api_core.o
                0x000000000800ad22                VL53L0X_get_vcsel_pulse_period
 .text.VL53L0X_set_measurement_timing_budget_micro_seconds
                0x000000000800ad90      0x1c0 ./Drivers/VL53L0X_API/core/src/vl53l0x_api_core.o
                0x000000000800ad90                VL53L0X_set_measurement_timing_budget_micro_seconds
 .text.VL53L0X_get_measurement_timing_budget_micro_seconds
                0x000000000800af50      0x162 ./Drivers/VL53L0X_API/core/src/vl53l0x_api_core.o
                0x000000000800af50                VL53L0X_get_measurement_timing_budget_micro_seconds
 *fill*         0x000000000800b0b2        0x2 
 .text.VL53L0X_load_tuning_settings
                0x000000000800b0b4      0x1c4 ./Drivers/VL53L0X_API/core/src/vl53l0x_api_core.o
                0x000000000800b0b4                VL53L0X_load_tuning_settings
 .text.VL53L0X_get_total_xtalk_rate
                0x000000000800b278       0x5e ./Drivers/VL53L0X_API/core/src/vl53l0x_api_core.o
                0x000000000800b278                VL53L0X_get_total_xtalk_rate
 .text.VL53L0X_get_total_signal_rate
                0x000000000800b2d6       0x4a ./Drivers/VL53L0X_API/core/src/vl53l0x_api_core.o
                0x000000000800b2d6                VL53L0X_get_total_signal_rate
 .text.VL53L0X_calc_dmax
                0x000000000800b320      0x238 ./Drivers/VL53L0X_API/core/src/vl53l0x_api_core.o
                0x000000000800b320                VL53L0X_calc_dmax
 .text.VL53L0X_calc_sigma_estimate
                0x000000000800b558      0x498 ./Drivers/VL53L0X_API/core/src/vl53l0x_api_core.o
                0x000000000800b558                VL53L0X_calc_sigma_estimate
 .text.VL53L0X_get_pal_range_status
                0x000000000800b9f0      0x3b6 ./Drivers/VL53L0X_API/core/src/vl53l0x_api_core.o
                0x000000000800b9f0                VL53L0X_get_pal_range_status
 .text._I2CWrite
                0x000000000800bda6       0x3e ./Drivers/VL53L0X_API/platform/src/vl53l0x_platform.o
                0x000000000800bda6                _I2CWrite
 .text._I2CRead
                0x000000000800bde4       0x44 ./Drivers/VL53L0X_API/platform/src/vl53l0x_platform.o
                0x000000000800bde4                _I2CRead
 .text.VL53L0X_WriteMulti
                0x000000000800be28       0x60 ./Drivers/VL53L0X_API/platform/src/vl53l0x_platform.o
                0x000000000800be28                VL53L0X_WriteMulti
 .text.VL53L0X_ReadMulti
                0x000000000800be88       0x56 ./Drivers/VL53L0X_API/platform/src/vl53l0x_platform.o
                0x000000000800be88                VL53L0X_ReadMulti
 *fill*         0x000000000800bede        0x2 
 .text.VL53L0X_WrByte
                0x000000000800bee0       0x48 ./Drivers/VL53L0X_API/platform/src/vl53l0x_platform.o
                0x000000000800bee0                VL53L0X_WrByte
 .text.VL53L0X_WrWord
                0x000000000800bf28       0x54 ./Drivers/VL53L0X_API/platform/src/vl53l0x_platform.o
                0x000000000800bf28                VL53L0X_WrWord
 .text.VL53L0X_UpdateByte
                0x000000000800bf7c       0x68 ./Drivers/VL53L0X_API/platform/src/vl53l0x_platform.o
                0x000000000800bf7c                VL53L0X_UpdateByte
 .text.VL53L0X_RdByte
                0x000000000800bfe4       0x54 ./Drivers/VL53L0X_API/platform/src/vl53l0x_platform.o
                0x000000000800bfe4                VL53L0X_RdByte
 .text.VL53L0X_RdWord
                0x000000000800c038       0x70 ./Drivers/VL53L0X_API/platform/src/vl53l0x_platform.o
                0x000000000800c038                VL53L0X_RdWord
 .text.VL53L0X_RdDWord
                0x000000000800c0a8       0x78 ./Drivers/VL53L0X_API/platform/src/vl53l0x_platform.o
                0x000000000800c0a8                VL53L0X_RdDWord
 .text.VL53L0X_PollingDelay
                0x000000000800c120       0x1e ./Drivers/VL53L0X_API/platform/src/vl53l0x_platform.o
                0x000000000800c120                VL53L0X_PollingDelay
 .text.makeFreeRtosPriority
                0x000000000800c13e       0x30 ./Middlewares/Third_Party/FreeRTOS/Source/CMSIS_RTOS/cmsis_os.o
 .text.osKernelStart
                0x000000000800c16e        0xe ./Middlewares/Third_Party/FreeRTOS/Source/CMSIS_RTOS/cmsis_os.o
                0x000000000800c16e                osKernelStart
 .text.osThreadCreate
                0x000000000800c17c       0x98 ./Middlewares/Third_Party/FreeRTOS/Source/CMSIS_RTOS/cmsis_os.o
                0x000000000800c17c                osThreadCreate
 .text.osDelay  0x000000000800c214       0x28 ./Middlewares/Third_Party/FreeRTOS/Source/CMSIS_RTOS/cmsis_os.o
                0x000000000800c214                osDelay
 .text.vListInitialise
                0x000000000800c23c       0x40 ./Middlewares/Third_Party/FreeRTOS/Source/list.o
                0x000000000800c23c                vListInitialise
 .text.vListInitialiseItem
                0x000000000800c27c       0x1a ./Middlewares/Third_Party/FreeRTOS/Source/list.o
                0x000000000800c27c                vListInitialiseItem
 .text.vListInsertEnd
                0x000000000800c296       0x48 ./Middlewares/Third_Party/FreeRTOS/Source/list.o
                0x000000000800c296                vListInsertEnd
 .text.vListInsert
                0x000000000800c2de       0x72 ./Middlewares/Third_Party/FreeRTOS/Source/list.o
                0x000000000800c2de                vListInsert
 .text.uxListRemove
                0x000000000800c350       0x54 ./Middlewares/Third_Party/FreeRTOS/Source/list.o
                0x000000000800c350                uxListRemove
 .text.xQueueGenericReset
                0x000000000800c3a4       0xd0 ./Middlewares/Third_Party/FreeRTOS/Source/queue.o
                0x000000000800c3a4                xQueueGenericReset
 .text.xQueueGenericCreate
                0x000000000800c474       0x74 ./Middlewares/Third_Party/FreeRTOS/Source/queue.o
                0x000000000800c474                xQueueGenericCreate
 .text.prvInitialiseNewQueue
                0x000000000800c4e8       0x3e ./Middlewares/Third_Party/FreeRTOS/Source/queue.o
 .text.prvInitialiseMutex
                0x000000000800c526       0x34 ./Middlewares/Third_Party/FreeRTOS/Source/queue.o
 .text.xQueueCreateMutex
                0x000000000800c55a       0x30 ./Middlewares/Third_Party/FreeRTOS/Source/queue.o
                0x000000000800c55a                xQueueCreateMutex
 *fill*         0x000000000800c58a        0x2 
 .text.xQueueGenericSend
                0x000000000800c58c      0x1fc ./Middlewares/Third_Party/FreeRTOS/Source/queue.o
                0x000000000800c58c                xQueueGenericSend
 .text.xQueueSemaphoreTake
                0x000000000800c788      0x218 ./Middlewares/Third_Party/FreeRTOS/Source/queue.o
                0x000000000800c788                xQueueSemaphoreTake
 .text.prvGetDisinheritPriorityAfterTimeout
                0x000000000800c9a0       0x30 ./Middlewares/Third_Party/FreeRTOS/Source/queue.o
 .text.prvCopyDataToQueue
                0x000000000800c9d0       0xd4 ./Middlewares/Third_Party/FreeRTOS/Source/queue.o
 .text.prvUnlockQueue
                0x000000000800caa4       0xa4 ./Middlewares/Third_Party/FreeRTOS/Source/queue.o
 .text.prvIsQueueEmpty
                0x000000000800cb48       0x2c ./Middlewares/Third_Party/FreeRTOS/Source/queue.o
 .text.prvIsQueueFull
                0x000000000800cb74       0x30 ./Middlewares/Third_Party/FreeRTOS/Source/queue.o
 .text.xTaskCreateStatic
                0x000000000800cba4       0xba ./Middlewares/Third_Party/FreeRTOS/Source/tasks.o
                0x000000000800cba4                xTaskCreateStatic
 .text.xTaskCreate
                0x000000000800cc5e       0x8a ./Middlewares/Third_Party/FreeRTOS/Source/tasks.o
                0x000000000800cc5e                xTaskCreate
 .text.prvInitialiseNewTask
                0x000000000800cce8      0x14c ./Middlewares/Third_Party/FreeRTOS/Source/tasks.o
 .text.prvAddNewTaskToReadyList
                0x000000000800ce34       0xd4 ./Middlewares/Third_Party/FreeRTOS/Source/tasks.o
 .text.vTaskDelay
                0x000000000800cf08       0x68 ./Middlewares/Third_Party/FreeRTOS/Source/tasks.o
                0x000000000800cf08                vTaskDelay
 .text.vTaskStartScheduler
                0x000000000800cf70       0xd4 ./Middlewares/Third_Party/FreeRTOS/Source/tasks.o
                0x000000000800cf70                vTaskStartScheduler
 .text.vTaskSuspendAll
                0x000000000800d044       0x1c ./Middlewares/Third_Party/FreeRTOS/Source/tasks.o
                0x000000000800d044                vTaskSuspendAll
 .text.xTaskResumeAll
                0x000000000800d060      0x138 ./Middlewares/Third_Party/FreeRTOS/Source/tasks.o
                0x000000000800d060                xTaskResumeAll
 .text.xTaskIncrementTick
                0x000000000800d198      0x170 ./Middlewares/Third_Party/FreeRTOS/Source/tasks.o
                0x000000000800d198                xTaskIncrementTick
 .text.vTaskSwitchContext
                0x000000000800d308       0xc4 ./Middlewares/Third_Party/FreeRTOS/Source/tasks.o
                0x000000000800d308                vTaskSwitchContext
 .text.vTaskPlaceOnEventList
                0x000000000800d3cc       0x48 ./Middlewares/Third_Party/FreeRTOS/Source/tasks.o
                0x000000000800d3cc                vTaskPlaceOnEventList
 .text.xTaskRemoveFromEventList
                0x000000000800d414       0xc4 ./Middlewares/Third_Party/FreeRTOS/Source/tasks.o
                0x000000000800d414                xTaskRemoveFromEventList
 .text.vTaskInternalSetTimeOutState
                0x000000000800d4d8       0x2c ./Middlewares/Third_Party/FreeRTOS/Source/tasks.o
                0x000000000800d4d8                vTaskInternalSetTimeOutState
 .text.xTaskCheckForTimeOut
                0x000000000800d504       0xc4 ./Middlewares/Third_Party/FreeRTOS/Source/tasks.o
                0x000000000800d504                xTaskCheckForTimeOut
 .text.vTaskMissedYield
                0x000000000800d5c8       0x18 ./Middlewares/Third_Party/FreeRTOS/Source/tasks.o
                0x000000000800d5c8                vTaskMissedYield
 .text.prvIdleTask
                0x000000000800d5e0       0x30 ./Middlewares/Third_Party/FreeRTOS/Source/tasks.o
 .text.prvInitialiseTaskLists
                0x000000000800d610       0x80 ./Middlewares/Third_Party/FreeRTOS/Source/tasks.o
 .text.prvCheckTasksWaitingTermination
                0x000000000800d690       0x5c ./Middlewares/Third_Party/FreeRTOS/Source/tasks.o
 .text.prvTaskCheckFreeStackSpace
                0x000000000800d6ec       0x38 ./Middlewares/Third_Party/FreeRTOS/Source/tasks.o
 .text.uxTaskGetStackHighWaterMark
                0x000000000800d724       0x38 ./Middlewares/Third_Party/FreeRTOS/Source/tasks.o
                0x000000000800d724                uxTaskGetStackHighWaterMark
 .text.prvDeleteTCB
                0x000000000800d75c       0x68 ./Middlewares/Third_Party/FreeRTOS/Source/tasks.o
 .text.prvResetNextTaskUnblockTime
                0x000000000800d7c4       0x40 ./Middlewares/Third_Party/FreeRTOS/Source/tasks.o
 .text.xTaskGetSchedulerState
                0x000000000800d804       0x3c ./Middlewares/Third_Party/FreeRTOS/Source/tasks.o
                0x000000000800d804                xTaskGetSchedulerState
 .text.xTaskPriorityInherit
                0x000000000800d840       0xec ./Middlewares/Third_Party/FreeRTOS/Source/tasks.o
                0x000000000800d840                xTaskPriorityInherit
 .text.xTaskPriorityDisinherit
                0x000000000800d92c      0x10c ./Middlewares/Third_Party/FreeRTOS/Source/tasks.o
                0x000000000800d92c                xTaskPriorityDisinherit
 .text.vTaskPriorityDisinheritAfterTimeout
                0x000000000800da38      0x11c ./Middlewares/Third_Party/FreeRTOS/Source/tasks.o
                0x000000000800da38                vTaskPriorityDisinheritAfterTimeout
 .text.pvTaskIncrementMutexHeldCount
                0x000000000800db54       0x28 ./Middlewares/Third_Party/FreeRTOS/Source/tasks.o
                0x000000000800db54                pvTaskIncrementMutexHeldCount
 .text.prvAddCurrentTaskToDelayedList
                0x000000000800db7c       0xcc ./Middlewares/Third_Party/FreeRTOS/Source/tasks.o
 .text.pxPortInitialiseStack
                0x000000000800dc48       0x68 ./Middlewares/Third_Party/FreeRTOS/Source/portable/GCC/ARM_CM4F/port.o
                0x000000000800dc48                pxPortInitialiseStack
 .text.prvTaskExitError
                0x000000000800dcb0       0x58 ./Middlewares/Third_Party/FreeRTOS/Source/portable/GCC/ARM_CM4F/port.o
 *fill*         0x000000000800dd08        0x8 
 .text.SVC_Handler
                0x000000000800dd10       0x28 ./Middlewares/Third_Party/FreeRTOS/Source/portable/GCC/ARM_CM4F/port.o
                0x000000000800dd10                SVC_Handler
 .text.prvPortStartFirstTask
                0x000000000800dd38       0x28 ./Middlewares/Third_Party/FreeRTOS/Source/portable/GCC/ARM_CM4F/port.o
 .text.xPortStartScheduler
                0x000000000800dd60      0x144 ./Middlewares/Third_Party/FreeRTOS/Source/portable/GCC/ARM_CM4F/port.o
                0x000000000800dd60                xPortStartScheduler
 .text.vPortEnterCritical
                0x000000000800dea4       0x60 ./Middlewares/Third_Party/FreeRTOS/Source/portable/GCC/ARM_CM4F/port.o
                0x000000000800dea4                vPortEnterCritical
 .text.vPortExitCritical
                0x000000000800df04       0x54 ./Middlewares/Third_Party/FreeRTOS/Source/portable/GCC/ARM_CM4F/port.o
                0x000000000800df04                vPortExitCritical
 *fill*         0x000000000800df58        0x8 
 .text.PendSV_Handler
                0x000000000800df60       0x68 ./Middlewares/Third_Party/FreeRTOS/Source/portable/GCC/ARM_CM4F/port.o
                0x000000000800df60                PendSV_Handler
 .text.SysTick_Handler
                0x000000000800dfc8       0x44 ./Middlewares/Third_Party/FreeRTOS/Source/portable/GCC/ARM_CM4F/port.o
                0x000000000800dfc8                SysTick_Handler
 .text.vPortSetupTimerInterrupt
                0x000000000800e00c       0x48 ./Middlewares/Third_Party/FreeRTOS/Source/portable/GCC/ARM_CM4F/port.o
                0x000000000800e00c                vPortSetupTimerInterrupt
 .text.vPortEnableVFP
                0x000000000800e054       0x14 ./Middlewares/Third_Party/FreeRTOS/Source/portable/GCC/ARM_CM4F/port.o
 .text.pvPortMalloc
                0x000000000800e068      0x198 ./Middlewares/Third_Party/FreeRTOS/Source/portable/MemMang/heap_4.o
                0x000000000800e068                pvPortMalloc
 .text.vPortFree
                0x000000000800e200       0xc4 ./Middlewares/Third_Party/FreeRTOS/Source/portable/MemMang/heap_4.o
                0x000000000800e200                vPortFree
 .text.prvHeapInit
                0x000000000800e2c4       0xc4 ./Middlewares/Third_Party/FreeRTOS/Source/portable/MemMang/heap_4.o
 .text.prvInsertBlockIntoFreeList
                0x000000000800e388       0xb4 ./Middlewares/Third_Party/FreeRTOS/Source/portable/MemMang/heap_4.o
 .text.__errno  0x000000000800e43c        0xc c:/st/stm32cubeide_1.7.0/stm32cubeide/plugins/com.st.stm32cube.ide.mcu.externaltools.gnu-tools-for-stm32.9-2020-q2-update.win32_2.0.0.202105311346/tools/bin/../lib/gcc/arm-none-eabi/9.3.1/../../../../arm-none-eabi/lib/thumb/v7e-m+fp/hard\libc_nano.a(lib_a-errno.o)
                0x000000000800e43c                __errno
 .text.std      0x000000000800e448       0x48 c:/st/stm32cubeide_1.7.0/stm32cubeide/plugins/com.st.stm32cube.ide.mcu.externaltools.gnu-tools-for-stm32.9-2020-q2-update.win32_2.0.0.202105311346/tools/bin/../lib/gcc/arm-none-eabi/9.3.1/../../../../arm-none-eabi/lib/thumb/v7e-m+fp/hard\libc_nano.a(lib_a-findfp.o)
 .text._cleanup_r
                0x000000000800e490        0xc c:/st/stm32cubeide_1.7.0/stm32cubeide/plugins/com.st.stm32cube.ide.mcu.externaltools.gnu-tools-for-stm32.9-2020-q2-update.win32_2.0.0.202105311346/tools/bin/../lib/gcc/arm-none-eabi/9.3.1/../../../../arm-none-eabi/lib/thumb/v7e-m+fp/hard\libc_nano.a(lib_a-findfp.o)
                0x000000000800e490                _cleanup_r
 .text.__sfmoreglue
                0x000000000800e49c       0x2c c:/st/stm32cubeide_1.7.0/stm32cubeide/plugins/com.st.stm32cube.ide.mcu.externaltools.gnu-tools-for-stm32.9-2020-q2-update.win32_2.0.0.202105311346/tools/bin/../lib/gcc/arm-none-eabi/9.3.1/../../../../arm-none-eabi/lib/thumb/v7e-m+fp/hard\libc_nano.a(lib_a-findfp.o)
                0x000000000800e49c                __sfmoreglue
 .text.__sfp_lock_acquire
                0x000000000800e4c8        0xc c:/st/stm32cubeide_1.7.0/stm32cubeide/plugins/com.st.stm32cube.ide.mcu.externaltools.gnu-tools-for-stm32.9-2020-q2-update.win32_2.0.0.202105311346/tools/bin/../lib/gcc/arm-none-eabi/9.3.1/../../../../arm-none-eabi/lib/thumb/v7e-m+fp/hard\libc_nano.a(lib_a-findfp.o)
                0x000000000800e4c8                __sfp_lock_acquire
 .text.__sfp_lock_release
                0x000000000800e4d4        0xc c:/st/stm32cubeide_1.7.0/stm32cubeide/plugins/com.st.stm32cube.ide.mcu.externaltools.gnu-tools-for-stm32.9-2020-q2-update.win32_2.0.0.202105311346/tools/bin/../lib/gcc/arm-none-eabi/9.3.1/../../../../arm-none-eabi/lib/thumb/v7e-m+fp/hard\libc_nano.a(lib_a-findfp.o)
                0x000000000800e4d4                __sfp_lock_release
 .text.__sinit_lock_acquire
                0x000000000800e4e0        0xc c:/st/stm32cubeide_1.7.0/stm32cubeide/plugins/com.st.stm32cube.ide.mcu.externaltools.gnu-tools-for-stm32.9-2020-q2-update.win32_2.0.0.202105311346/tools/bin/../lib/gcc/arm-none-eabi/9.3.1/../../../../arm-none-eabi/lib/thumb/v7e-m+fp/hard\libc_nano.a(lib_a-findfp.o)
                0x000000000800e4e0                __sinit_lock_acquire
 .text.__sinit_lock_release
                0x000000000800e4ec        0xc c:/st/stm32cubeide_1.7.0/stm32cubeide/plugins/com.st.stm32cube.ide.mcu.externaltools.gnu-tools-for-stm32.9-2020-q2-update.win32_2.0.0.202105311346/tools/bin/../lib/gcc/arm-none-eabi/9.3.1/../../../../arm-none-eabi/lib/thumb/v7e-m+fp/hard\libc_nano.a(lib_a-findfp.o)
                0x000000000800e4ec                __sinit_lock_release
 .text.__sinit  0x000000000800e4f8       0x70 c:/st/stm32cubeide_1.7.0/stm32cubeide/plugins/com.st.stm32cube.ide.mcu.externaltools.gnu-tools-for-stm32.9-2020-q2-update.win32_2.0.0.202105311346/tools/bin/../lib/gcc/arm-none-eabi/9.3.1/../../../../arm-none-eabi/lib/thumb/v7e-m+fp/hard\libc_nano.a(lib_a-findfp.o)
                0x000000000800e4f8                __sinit
 .text.__sfp    0x000000000800e568       0x8c c:/st/stm32cubeide_1.7.0/stm32cubeide/plugins/com.st.stm32cube.ide.mcu.externaltools.gnu-tools-for-stm32.9-2020-q2-update.win32_2.0.0.202105311346/tools/bin/../lib/gcc/arm-none-eabi/9.3.1/../../../../arm-none-eabi/lib/thumb/v7e-m+fp/hard\libc_nano.a(lib_a-findfp.o)
                0x000000000800e568                __sfp
 .text._fwalk_reent
                0x000000000800e5f4       0x3e c:/st/stm32cubeide_1.7.0/stm32cubeide/plugins/com.st.stm32cube.ide.mcu.externaltools.gnu-tools-for-stm32.9-2020-q2-update.win32_2.0.0.202105311346/tools/bin/../lib/gcc/arm-none-eabi/9.3.1/../../../../arm-none-eabi/lib/thumb/v7e-m+fp/hard\libc_nano.a(lib_a-fwalk.o)
                0x000000000800e5f4                _fwalk_reent
 *fill*         0x000000000800e632        0x2 
 .text.__libc_init_array
                0x000000000800e634       0x48 c:/st/stm32cubeide_1.7.0/stm32cubeide/plugins/com.st.stm32cube.ide.mcu.externaltools.gnu-tools-for-stm32.9-2020-q2-update.win32_2.0.0.202105311346/tools/bin/../lib/gcc/arm-none-eabi/9.3.1/../../../../arm-none-eabi/lib/thumb/v7e-m+fp/hard\libc_nano.a(lib_a-init.o)
                0x000000000800e634                __libc_init_array
 .text.__retarget_lock_init_recursive
                0x000000000800e67c        0x2 c:/st/stm32cubeide_1.7.0/stm32cubeide/plugins/com.st.stm32cube.ide.mcu.externaltools.gnu-tools-for-stm32.9-2020-q2-update.win32_2.0.0.202105311346/tools/bin/../lib/gcc/arm-none-eabi/9.3.1/../../../../arm-none-eabi/lib/thumb/v7e-m+fp/hard\libc_nano.a(lib_a-lock.o)
                0x000000000800e67c                __retarget_lock_init_recursive
 .text.__retarget_lock_acquire_recursive
                0x000000000800e67e        0x2 c:/st/stm32cubeide_1.7.0/stm32cubeide/plugins/com.st.stm32cube.ide.mcu.externaltools.gnu-tools-for-stm32.9-2020-q2-update.win32_2.0.0.202105311346/tools/bin/../lib/gcc/arm-none-eabi/9.3.1/../../../../arm-none-eabi/lib/thumb/v7e-m+fp/hard\libc_nano.a(lib_a-lock.o)
                0x000000000800e67e                __retarget_lock_acquire_recursive
 .text.__retarget_lock_release_recursive
                0x000000000800e680        0x2 c:/st/stm32cubeide_1.7.0/stm32cubeide/plugins/com.st.stm32cube.ide.mcu.externaltools.gnu-tools-for-stm32.9-2020-q2-update.win32_2.0.0.202105311346/tools/bin/../lib/gcc/arm-none-eabi/9.3.1/../../../../arm-none-eabi/lib/thumb/v7e-m+fp/hard\libc_nano.a(lib_a-lock.o)
                0x000000000800e680                __retarget_lock_release_recursive
 .text.memcpy   0x000000000800e682       0x1c c:/st/stm32cubeide_1.7.0/stm32cubeide/plugins/com.st.stm32cube.ide.mcu.externaltools.gnu-tools-for-stm32.9-2020-q2-update.win32_2.0.0.202105311346/tools/bin/../lib/gcc/arm-none-eabi/9.3.1/../../../../arm-none-eabi/lib/thumb/v7e-m+fp/hard\libc_nano.a(lib_a-memcpy-stub.o)
                0x000000000800e682                memcpy
 .text.memset   0x000000000800e69e       0x10 c:/st/stm32cubeide_1.7.0/stm32cubeide/plugins/com.st.stm32cube.ide.mcu.externaltools.gnu-tools-for-stm32.9-2020-q2-update.win32_2.0.0.202105311346/tools/bin/../lib/gcc/arm-none-eabi/9.3.1/../../../../arm-none-eabi/lib/thumb/v7e-m+fp/hard\libc_nano.a(lib_a-memset.o)
                0x000000000800e69e                memset
 *fill*         0x000000000800e6ae        0x2 
 .text._malloc_r
                0x000000000800e6b0       0xb4 c:/st/stm32cubeide_1.7.0/stm32cubeide/plugins/com.st.stm32cube.ide.mcu.externaltools.gnu-tools-for-stm32.9-2020-q2-update.win32_2.0.0.202105311346/tools/bin/../lib/gcc/arm-none-eabi/9.3.1/../../../../arm-none-eabi/lib/thumb/v7e-m+fp/hard\libc_nano.a(lib_a-nano-mallocr.o)
                0x000000000800e6b0                _malloc_r
 .text.__cvt    0x000000000800e764       0xc4 c:/st/stm32cubeide_1.7.0/stm32cubeide/plugins/com.st.stm32cube.ide.mcu.externaltools.gnu-tools-for-stm32.9-2020-q2-update.win32_2.0.0.202105311346/tools/bin/../lib/gcc/arm-none-eabi/9.3.1/../../../../arm-none-eabi/lib/thumb/v7e-m+fp/hard\libc_nano.a(lib_a-nano-vfprintf_float.o)
                0x000000000800e764                __cvt
 .text.__exponent
                0x000000000800e828       0x7c c:/st/stm32cubeide_1.7.0/stm32cubeide/plugins/com.st.stm32cube.ide.mcu.externaltools.gnu-tools-for-stm32.9-2020-q2-update.win32_2.0.0.202105311346/tools/bin/../lib/gcc/arm-none-eabi/9.3.1/../../../../arm-none-eabi/lib/thumb/v7e-m+fp/hard\libc_nano.a(lib_a-nano-vfprintf_float.o)
                0x000000000800e828                __exponent
 .text._printf_float
                0x000000000800e8a4      0x46c c:/st/stm32cubeide_1.7.0/stm32cubeide/plugins/com.st.stm32cube.ide.mcu.externaltools.gnu-tools-for-stm32.9-2020-q2-update.win32_2.0.0.202105311346/tools/bin/../lib/gcc/arm-none-eabi/9.3.1/../../../../arm-none-eabi/lib/thumb/v7e-m+fp/hard\libc_nano.a(lib_a-nano-vfprintf_float.o)
                0x000000000800e8a4                _printf_float
 .text._printf_common
                0x000000000800ed10       0xda c:/st/stm32cubeide_1.7.0/stm32cubeide/plugins/com.st.stm32cube.ide.mcu.externaltools.gnu-tools-for-stm32.9-2020-q2-update.win32_2.0.0.202105311346/tools/bin/../lib/gcc/arm-none-eabi/9.3.1/../../../../arm-none-eabi/lib/thumb/v7e-m+fp/hard\libc_nano.a(lib_a-nano-vfprintf_i.o)
                0x000000000800ed10                _printf_common
 *fill*         0x000000000800edea        0x2 
 .text._printf_i
                0x000000000800edec      0x24c c:/st/stm32cubeide_1.7.0/stm32cubeide/plugins/com.st.stm32cube.ide.mcu.externaltools.gnu-tools-for-stm32.9-2020-q2-update.win32_2.0.0.202105311346/tools/bin/../lib/gcc/arm-none-eabi/9.3.1/../../../../arm-none-eabi/lib/thumb/v7e-m+fp/hard\libc_nano.a(lib_a-nano-vfprintf_i.o)
                0x000000000800edec                _printf_i
 .text.printf   0x000000000800f038       0x30 c:/st/stm32cubeide_1.7.0/stm32cubeide/plugins/com.st.stm32cube.ide.mcu.externaltools.gnu-tools-for-stm32.9-2020-q2-update.win32_2.0.0.202105311346/tools/bin/../lib/gcc/arm-none-eabi/9.3.1/../../../../arm-none-eabi/lib/thumb/v7e-m+fp/hard\libc_nano.a(lib_a-printf.o)
                0x000000000800f038                iprintf
                0x000000000800f038                printf
 .text._puts_r  0x000000000800f068       0xdc c:/st/stm32cubeide_1.7.0/stm32cubeide/plugins/com.st.stm32cube.ide.mcu.externaltools.gnu-tools-for-stm32.9-2020-q2-update.win32_2.0.0.202105311346/tools/bin/../lib/gcc/arm-none-eabi/9.3.1/../../../../arm-none-eabi/lib/thumb/v7e-m+fp/hard\libc_nano.a(lib_a-puts.o)
                0x000000000800f068                _puts_r
 .text.puts     0x000000000800f144       0x10 c:/st/stm32cubeide_1.7.0/stm32cubeide/plugins/com.st.stm32cube.ide.mcu.externaltools.gnu-tools-for-stm32.9-2020-q2-update.win32_2.0.0.202105311346/tools/bin/../lib/gcc/arm-none-eabi/9.3.1/../../../../arm-none-eabi/lib/thumb/v7e-m+fp/hard\libc_nano.a(lib_a-puts.o)
                0x000000000800f144                puts
 .text.cleanup_glue
                0x000000000800f154       0x1a c:/st/stm32cubeide_1.7.0/stm32cubeide/plugins/com.st.stm32cube.ide.mcu.externaltools.gnu-tools-for-stm32.9-2020-q2-update.win32_2.0.0.202105311346/tools/bin/../lib/gcc/arm-none-eabi/9.3.1/../../../../arm-none-eabi/lib/thumb/v7e-m+fp/hard\libc_nano.a(lib_a-reent.o)
                0x000000000800f154                cleanup_glue
 *fill*         0x000000000800f16e        0x2 
 .text._reclaim_reent
                0x000000000800f170       0xb8 c:/st/stm32cubeide_1.7.0/stm32cubeide/plugins/com.st.stm32cube.ide.mcu.externaltools.gnu-tools-for-stm32.9-2020-q2-update.win32_2.0.0.202105311346/tools/bin/../lib/gcc/arm-none-eabi/9.3.1/../../../../arm-none-eabi/lib/thumb/v7e-m+fp/hard\libc_nano.a(lib_a-reent.o)
                0x000000000800f170                _reclaim_reent
 .text._sbrk_r  0x000000000800f228       0x20 c:/st/stm32cubeide_1.7.0/stm32cubeide/plugins/com.st.stm32cube.ide.mcu.externaltools.gnu-tools-for-stm32.9-2020-q2-update.win32_2.0.0.202105311346/tools/bin/../lib/gcc/arm-none-eabi/9.3.1/../../../../arm-none-eabi/lib/thumb/v7e-m+fp/hard\libc_nano.a(lib_a-sbrkr.o)
                0x000000000800f228                _sbrk_r
 .text.sprintf  0x000000000800f248       0x40 c:/st/stm32cubeide_1.7.0/stm32cubeide/plugins/com.st.stm32cube.ide.mcu.externaltools.gnu-tools-for-stm32.9-2020-q2-update.win32_2.0.0.202105311346/tools/bin/../lib/gcc/arm-none-eabi/9.3.1/../../../../arm-none-eabi/lib/thumb/v7e-m+fp/hard\libc_nano.a(lib_a-sprintf.o)
                0x000000000800f248                siprintf
                0x000000000800f248                sprintf
 .text.__sread  0x000000000800f288       0x22 c:/st/stm32cubeide_1.7.0/stm32cubeide/plugins/com.st.stm32cube.ide.mcu.externaltools.gnu-tools-for-stm32.9-2020-q2-update.win32_2.0.0.202105311346/tools/bin/../lib/gcc/arm-none-eabi/9.3.1/../../../../arm-none-eabi/lib/thumb/v7e-m+fp/hard\libc_nano.a(lib_a-stdio.o)
                0x000000000800f288                __sread
 .text.__swrite
                0x000000000800f2aa       0x38 c:/st/stm32cubeide_1.7.0/stm32cubeide/plugins/com.st.stm32cube.ide.mcu.externaltools.gnu-tools-for-stm32.9-2020-q2-update.win32_2.0.0.202105311346/tools/bin/../lib/gcc/arm-none-eabi/9.3.1/../../../../arm-none-eabi/lib/thumb/v7e-m+fp/hard\libc_nano.a(lib_a-stdio.o)
                0x000000000800f2aa                __swrite
 .text.__sseek  0x000000000800f2e2       0x24 c:/st/stm32cubeide_1.7.0/stm32cubeide/plugins/com.st.stm32cube.ide.mcu.externaltools.gnu-tools-for-stm32.9-2020-q2-update.win32_2.0.0.202105311346/tools/bin/../lib/gcc/arm-none-eabi/9.3.1/../../../../arm-none-eabi/lib/thumb/v7e-m+fp/hard\libc_nano.a(lib_a-stdio.o)
                0x000000000800f2e2                __sseek
 .text.__sclose
                0x000000000800f306        0x8 c:/st/stm32cubeide_1.7.0/stm32cubeide/plugins/com.st.stm32cube.ide.mcu.externaltools.gnu-tools-for-stm32.9-2020-q2-update.win32_2.0.0.202105311346/tools/bin/../lib/gcc/arm-none-eabi/9.3.1/../../../../arm-none-eabi/lib/thumb/v7e-m+fp/hard\libc_nano.a(lib_a-stdio.o)
                0x000000000800f306                __sclose
 .text.strcpy   0x000000000800f30e       0x10 c:/st/stm32cubeide_1.7.0/stm32cubeide/plugins/com.st.stm32cube.ide.mcu.externaltools.gnu-tools-for-stm32.9-2020-q2-update.win32_2.0.0.202105311346/tools/bin/../lib/gcc/arm-none-eabi/9.3.1/../../../../arm-none-eabi/lib/thumb/v7e-m+fp/hard\libc_nano.a(lib_a-strcpy.o)
                0x000000000800f30e                strcpy
 *fill*         0x000000000800f31e        0x2 
 .text.__swbuf_r
                0x000000000800f320       0xa4 c:/st/stm32cubeide_1.7.0/stm32cubeide/plugins/com.st.stm32cube.ide.mcu.externaltools.gnu-tools-for-stm32.9-2020-q2-update.win32_2.0.0.202105311346/tools/bin/../lib/gcc/arm-none-eabi/9.3.1/../../../../arm-none-eabi/lib/thumb/v7e-m+fp/hard\libc_nano.a(lib_a-wbuf.o)
                0x000000000800f320                __swbuf_r
 .text._write_r
                0x000000000800f3c4       0x24 c:/st/stm32cubeide_1.7.0/stm32cubeide/plugins/com.st.stm32cube.ide.mcu.externaltools.gnu-tools-for-stm32.9-2020-q2-update.win32_2.0.0.202105311346/tools/bin/../lib/gcc/arm-none-eabi/9.3.1/../../../../arm-none-eabi/lib/thumb/v7e-m+fp/hard\libc_nano.a(lib_a-writer.o)
                0x000000000800f3c4                _write_r
 .text.__swsetup_r
                0x000000000800f3e8       0xdc c:/st/stm32cubeide_1.7.0/stm32cubeide/plugins/com.st.stm32cube.ide.mcu.externaltools.gnu-tools-for-stm32.9-2020-q2-update.win32_2.0.0.202105311346/tools/bin/../lib/gcc/arm-none-eabi/9.3.1/../../../../arm-none-eabi/lib/thumb/v7e-m+fp/hard\libc_nano.a(lib_a-wsetup.o)
                0x000000000800f3e8                __swsetup_r
 .text._close_r
                0x000000000800f4c4       0x20 c:/st/stm32cubeide_1.7.0/stm32cubeide/plugins/com.st.stm32cube.ide.mcu.externaltools.gnu-tools-for-stm32.9-2020-q2-update.win32_2.0.0.202105311346/tools/bin/../lib/gcc/arm-none-eabi/9.3.1/../../../../arm-none-eabi/lib/thumb/v7e-m+fp/hard\libc_nano.a(lib_a-closer.o)
                0x000000000800f4c4                _close_r
 .text.quorem   0x000000000800f4e4      0x116 c:/st/stm32cubeide_1.7.0/stm32cubeide/plugins/com.st.stm32cube.ide.mcu.externaltools.gnu-tools-for-stm32.9-2020-q2-update.win32_2.0.0.202105311346/tools/bin/../lib/gcc/arm-none-eabi/9.3.1/../../../../arm-none-eabi/lib/thumb/v7e-m+fp/hard\libc_nano.a(lib_a-dtoa.o)
 *fill*         0x000000000800f5fa        0x6 
 .text._dtoa_r  0x000000000800f600      0xbd8 c:/st/stm32cubeide_1.7.0/stm32cubeide/plugins/com.st.stm32cube.ide.mcu.externaltools.gnu-tools-for-stm32.9-2020-q2-update.win32_2.0.0.202105311346/tools/bin/../lib/gcc/arm-none-eabi/9.3.1/../../../../arm-none-eabi/lib/thumb/v7e-m+fp/hard\libc_nano.a(lib_a-dtoa.o)
                0x000000000800f600                _dtoa_r
 .text.__sflush_r
                0x00000000080101d8      0x10c c:/st/stm32cubeide_1.7.0/stm32cubeide/plugins/com.st.stm32cube.ide.mcu.externaltools.gnu-tools-for-stm32.9-2020-q2-update.win32_2.0.0.202105311346/tools/bin/../lib/gcc/arm-none-eabi/9.3.1/../../../../arm-none-eabi/lib/thumb/v7e-m+fp/hard\libc_nano.a(lib_a-fflush.o)
                0x00000000080101d8                __sflush_r
 .text._fflush_r
                0x00000000080102e4       0x78 c:/st/stm32cubeide_1.7.0/stm32cubeide/plugins/com.st.stm32cube.ide.mcu.externaltools.gnu-tools-for-stm32.9-2020-q2-update.win32_2.0.0.202105311346/tools/bin/../lib/gcc/arm-none-eabi/9.3.1/../../../../arm-none-eabi/lib/thumb/v7e-m+fp/hard\libc_nano.a(lib_a-fflush.o)
                0x00000000080102e4                _fflush_r
 .text._localeconv_r
                0x000000000801035c        0x8 c:/st/stm32cubeide_1.7.0/stm32cubeide/plugins/com.st.stm32cube.ide.mcu.externaltools.gnu-tools-for-stm32.9-2020-q2-update.win32_2.0.0.202105311346/tools/bin/../lib/gcc/arm-none-eabi/9.3.1/../../../../arm-none-eabi/lib/thumb/v7e-m+fp/hard\libc_nano.a(lib_a-localeconv.o)
                0x000000000801035c                _localeconv_r
 .text._lseek_r
                0x0000000008010364       0x24 c:/st/stm32cubeide_1.7.0/stm32cubeide/plugins/com.st.stm32cube.ide.mcu.externaltools.gnu-tools-for-stm32.9-2020-q2-update.win32_2.0.0.202105311346/tools/bin/../lib/gcc/arm-none-eabi/9.3.1/../../../../arm-none-eabi/lib/thumb/v7e-m+fp/hard\libc_nano.a(lib_a-lseekr.o)
                0x0000000008010364                _lseek_r
 .text.__swhatbuf_r
                0x0000000008010388       0x48 c:/st/stm32cubeide_1.7.0/stm32cubeide/plugins/com.st.stm32cube.ide.mcu.externaltools.gnu-tools-for-stm32.9-2020-q2-update.win32_2.0.0.202105311346/tools/bin/../lib/gcc/arm-none-eabi/9.3.1/../../../../arm-none-eabi/lib/thumb/v7e-m+fp/hard\libc_nano.a(lib_a-makebuf.o)
                0x0000000008010388                __swhatbuf_r
 .text.__smakebuf_r
                0x00000000080103d0       0x80 c:/st/stm32cubeide_1.7.0/stm32cubeide/plugins/com.st.stm32cube.ide.mcu.externaltools.gnu-tools-for-stm32.9-2020-q2-update.win32_2.0.0.202105311346/tools/bin/../lib/gcc/arm-none-eabi/9.3.1/../../../../arm-none-eabi/lib/thumb/v7e-m+fp/hard\libc_nano.a(lib_a-makebuf.o)
                0x00000000080103d0                __smakebuf_r
 .text.malloc   0x0000000008010450       0x10 c:/st/stm32cubeide_1.7.0/stm32cubeide/plugins/com.st.stm32cube.ide.mcu.externaltools.gnu-tools-for-stm32.9-2020-q2-update.win32_2.0.0.202105311346/tools/bin/../lib/gcc/arm-none-eabi/9.3.1/../../../../arm-none-eabi/lib/thumb/v7e-m+fp/hard\libc_nano.a(lib_a-malloc.o)
                0x0000000008010450                malloc
 .text.__malloc_lock
                0x0000000008010460        0xc c:/st/stm32cubeide_1.7.0/stm32cubeide/plugins/com.st.stm32cube.ide.mcu.externaltools.gnu-tools-for-stm32.9-2020-q2-update.win32_2.0.0.202105311346/tools/bin/../lib/gcc/arm-none-eabi/9.3.1/../../../../arm-none-eabi/lib/thumb/v7e-m+fp/hard\libc_nano.a(lib_a-mlock.o)
                0x0000000008010460                __malloc_lock
 .text.__malloc_unlock
                0x000000000801046c        0xc c:/st/stm32cubeide_1.7.0/stm32cubeide/plugins/com.st.stm32cube.ide.mcu.externaltools.gnu-tools-for-stm32.9-2020-q2-update.win32_2.0.0.202105311346/tools/bin/../lib/gcc/arm-none-eabi/9.3.1/../../../../arm-none-eabi/lib/thumb/v7e-m+fp/hard\libc_nano.a(lib_a-mlock.o)
                0x000000000801046c                __malloc_unlock
 .text._Balloc  0x0000000008010478       0x80 c:/st/stm32cubeide_1.7.0/stm32cubeide/plugins/com.st.stm32cube.ide.mcu.externaltools.gnu-tools-for-stm32.9-2020-q2-update.win32_2.0.0.202105311346/tools/bin/../lib/gcc/arm-none-eabi/9.3.1/../../../../arm-none-eabi/lib/thumb/v7e-m+fp/hard\libc_nano.a(lib_a-mprec.o)
                0x0000000008010478                _Balloc
 .text._Bfree   0x00000000080104f8       0x44 c:/st/stm32cubeide_1.7.0/stm32cubeide/plugins/com.st.stm32cube.ide.mcu.externaltools.gnu-tools-for-stm32.9-2020-q2-update.win32_2.0.0.202105311346/tools/bin/../lib/gcc/arm-none-eabi/9.3.1/../../../../arm-none-eabi/lib/thumb/v7e-m+fp/hard\libc_nano.a(lib_a-mprec.o)
                0x00000000080104f8                _Bfree
 .text.__multadd
                0x000000000801053c       0x94 c:/st/stm32cubeide_1.7.0/stm32cubeide/plugins/com.st.stm32cube.ide.mcu.externaltools.gnu-tools-for-stm32.9-2020-q2-update.win32_2.0.0.202105311346/tools/bin/../lib/gcc/arm-none-eabi/9.3.1/../../../../arm-none-eabi/lib/thumb/v7e-m+fp/hard\libc_nano.a(lib_a-mprec.o)
                0x000000000801053c                __multadd
 .text.__hi0bits
                0x00000000080105d0       0x40 c:/st/stm32cubeide_1.7.0/stm32cubeide/plugins/com.st.stm32cube.ide.mcu.externaltools.gnu-tools-for-stm32.9-2020-q2-update.win32_2.0.0.202105311346/tools/bin/../lib/gcc/arm-none-eabi/9.3.1/../../../../arm-none-eabi/lib/thumb/v7e-m+fp/hard\libc_nano.a(lib_a-mprec.o)
                0x00000000080105d0                __hi0bits
 .text.__lo0bits
                0x0000000008010610       0x60 c:/st/stm32cubeide_1.7.0/stm32cubeide/plugins/com.st.stm32cube.ide.mcu.externaltools.gnu-tools-for-stm32.9-2020-q2-update.win32_2.0.0.202105311346/tools/bin/../lib/gcc/arm-none-eabi/9.3.1/../../../../arm-none-eabi/lib/thumb/v7e-m+fp/hard\libc_nano.a(lib_a-mprec.o)
                0x0000000008010610                __lo0bits