Archive member included to satisfy reference by file (symbol)

c:/st/stm32cubeide_1.7.0/stm32cubeide/plugins/com.st.stm32cube.ide.mcu.externaltools.gnu-tools-for-stm32.9-2020-q2-update.win32_2.0.0.202105311346/tools/bin/../lib/gcc/arm-none-eabi/9.3.1/../../../../arm-none-eabi/lib/thumb/v7e-m+fp/hard\libc_nano.a(lib_a-errno.o)
                              ./Core/Src/syscalls.o (__errno)
c:/st/stm32cubeide_1.7.0/stm32cubeide/plugins/com.st.stm32cube.ide.mcu.externaltools.gnu-tools-for-stm32.9-2020-q2-update.win32_2.0.0.202105311346/tools/bin/../lib/gcc/arm-none-eabi/9.3.1/../../../../arm-none-eabi/lib/thumb/v7e-m+fp/hard\libc_nano.a(lib_a-exit.o)
                              c:/st/stm32cubeide_1.7.0/stm32cubeide/plugins/com.st.stm32cube.ide.mcu.externaltools.gnu-tools-for-stm32.9-2020-q2-update.win32_2.0.0.202105311346/tools/bin/../lib/gcc/arm-none-eabi/9.3.1/../../../../arm-none-eabi/lib/thumb/v7e-m+fp/hard/crt0.o (exit)
c:/st/stm32cubeide_1.7.0/stm32cubeide/plugins/com.st.stm32cube.ide.mcu.externaltools.gnu-tools-for-stm32.9-2020-q2-update.win32_2.0.0.202105311346/tools/bin/../lib/gcc/arm-none-eabi/9.3.1/../../../../arm-none-eabi/lib/thumb/v7e-m+fp/hard\libc_nano.a(lib_a-findfp.o)
                              ./Middlewares/Third_Party/FreeRTOS/Source/tasks.o (__sf_fake_stderr)
c:/st/stm32cubeide_1.7.0/stm32cubeide/plugins/com.st.stm32cube.ide.mcu.externaltools.gnu-tools-for-stm32.9-2020-q2-update.win32_2.0.0.202105311346/tools/bin/../lib/gcc/arm-none-eabi/9.3.1/../../../../arm-none-eabi/lib/thumb/v7e-m+fp/hard\libc_nano.a(lib_a-fwalk.o)
                              c:/st/stm32cubeide_1.7.0/stm32cubeide/plugins/com.st.stm32cube.ide.mcu.externaltools.gnu-tools-for-stm32.9-2020-q2-update.win32_2.0.0.202105311346/tools/bin/../lib/gcc/arm-none-eabi/9.3.1/../../../../arm-none-eabi/lib/thumb/v7e-m+fp/hard\libc_nano.a(lib_a-findfp.o) (_fwalk)
c:/st/stm32cubeide_1.7.0/stm32cubeide/plugins/com.st.stm32cube.ide.mcu.externaltools.gnu-tools-for-stm32.9-2020-q2-update.win32_2.0.0.202105311346/tools/bin/../lib/gcc/arm-none-eabi/9.3.1/../../../../arm-none-eabi/lib/thumb/v7e-m+fp/hard\libc_nano.a(lib_a-impure.o)
                              c:/st/stm32cubeide_1.7.0/stm32cubeide/plugins/com.st.stm32cube.ide.mcu.externaltools.gnu-tools-for-stm32.9-2020-q2-update.win32_2.0.0.202105311346/tools/bin/../lib/gcc/arm-none-eabi/9.3.1/../../../../arm-none-eabi/lib/thumb/v7e-m+fp/hard\libc_nano.a(lib_a-exit.o) (_global_impure_ptr)
c:/st/stm32cubeide_1.7.0/stm32cubeide/plugins/com.st.stm32cube.ide.mcu.externaltools.gnu-tools-for-stm32.9-2020-q2-update.win32_2.0.0.202105311346/tools/bin/../lib/gcc/arm-none-eabi/9.3.1/../../../../arm-none-eabi/lib/thumb/v7e-m+fp/hard\libc_nano.a(lib_a-init.o)
                              c:/st/stm32cubeide_1.7.0/stm32cubeide/plugins/com.st.stm32cube.ide.mcu.externaltools.gnu-tools-for-stm32.9-2020-q2-update.win32_2.0.0.202105311346/tools/bin/../lib/gcc/arm-none-eabi/9.3.1/../../../../arm-none-eabi/lib/thumb/v7e-m+fp/hard/crt0.o (__libc_init_array)
c:/st/stm32cubeide_1.7.0/stm32cubeide/plugins/com.st.stm32cube.ide.mcu.externaltools.gnu-tools-for-stm32.9-2020-q2-update.win32_2.0.0.202105311346/tools/bin/../lib/gcc/arm-none-eabi/9.3.1/../../../../arm-none-eabi/lib/thumb/v7e-m+fp/hard\libc_nano.a(lib_a-lock.o)
                              c:/st/stm32cubeide_1.7.0/stm32cubeide/plugins/com.st.stm32cube.ide.mcu.externaltools.gnu-tools-for-stm32.9-2020-q2-update.win32_2.0.0.202105311346/tools/bin/../lib/gcc/arm-none-eabi/9.3.1/../../../../arm-none-eabi/lib/thumb/v7e-m+fp/hard\libc_nano.a(lib_a-findfp.o) (__retarget_lock_init_recursive)
c:/st/stm32cubeide_1.7.0/stm32cubeide/plugins/com.st.stm32cube.ide.mcu.externaltools.gnu-tools-for-stm32.9-2020-q2-update.win32_2.0.0.202105311346/tools/bin/../lib/gcc/arm-none-eabi/9.3.1/../../../../arm-none-eabi/lib/thumb/v7e-m+fp/hard\libc_nano.a(lib_a-memcpy-stub.o)
                              ./Drivers/VL53L0X_API/core/src/vl53l0x_api_calibration.o (memcpy)
c:/st/stm32cubeide_1.7.0/stm32cubeide/plugins/com.st.stm32cube.ide.mcu.externaltools.gnu-tools-for-stm32.9-2020-q2-update.win32_2.0.0.202105311346/tools/bin/../lib/gcc/arm-none-eabi/9.3.1/../../../../arm-none-eabi/lib/thumb/v7e-m+fp/hard\libc_nano.a(lib_a-memset.o)
                              c:/st/stm32cubeide_1.7.0/stm32cubeide/plugins/com.st.stm32cube.ide.mcu.externaltools.gnu-tools-for-stm32.9-2020-q2-update.win32_2.0.0.202105311346/tools/bin/../lib/gcc/arm-none-eabi/9.3.1/../../../../arm-none-eabi/lib/thumb/v7e-m+fp/hard/crt0.o (memset)
c:/st/stm32cubeide_1.7.0/stm32cubeide/plugins/com.st.stm32cube.ide.mcu.externaltools.gnu-tools-for-stm32.9-2020-q2-update.win32_2.0.0.202105311346/tools/bin/../lib/gcc/arm-none-eabi/9.3.1/../../../../arm-none-eabi/lib/thumb/v7e-m+fp/hard\libc_nano.a(lib_a-nano-mallocr.o)
[...]
Memory Configuration

Name             Origin             Length             Attributes
RAM              0x0000000020000000 0x0000000000020000 xrw
FLASH            0x0000000008000000 0x0000000000080000 xr
*default*        0x0000000000000000 0xffffffffffffffff

Linker script and memory map

LOAD c:/st/stm32cubeide_1.7.0/stm32cubeide/plugins/com.st.stm32cube.ide.mcu.externaltools.gnu-tools-for-stm32.9-2020-q2-update.win32_2.0.0.202105311346/tools/bin/../lib/gcc/arm-none-eabi/9.3.1/thumb/v7e-m+fp/hard/crti.o
LOAD c:/st/stm32cubeide_1.7.0/stm32cubeide/plugins/com.st.stm32cube.ide.mcu.externaltools.gnu-tools-for-stm32.9-2020-q2-update.win32_2.0.0.202105311346/tools/bin/../lib/gcc/arm-none-eabi/9.3.1/thumb/v7e-m+fp/hard/crtbegin.o
LOAD c:/st/stm32cubeide_1.7.0/stm32cubeide/plugins/com.st.stm32cube.ide.mcu.externaltools.gnu-tools-for-stm32.9-2020-q2-update.win32_2.0.0.202105311346/tools/bin/../lib/gcc/arm-none-eabi/9.3.1/../../../../arm-none-eabi/lib/thumb/v7e-m+fp/hard/crt0.o
LOAD ./Core/Src/BOTterfly-C/rgb_sensor.o
LOAD ./Core/Src/BOTterfly-C/tof_sensor.o
LOAD ./Core/Src/adc.o
LOAD ./Core/Src/dma.o
LOAD ./Core/Src/freertos.o
LOAD ./Core/Src/gpio.o
LOAD ./Core/Src/i2c.o
LOAD ./Core/Src/main.o
LOAD ./Core/Src/photodiodes.o
LOAD ./Core/Src/shell.o
LOAD ./Core/Src/stm32f4xx_hal_msp.o
LOAD ./Core/Src/stm32f4xx_hal_timebase_tim.o
LOAD ./Core/Src/stm32f4xx_it.o
LOAD ./Core/Src/syscalls.o
LOAD ./Core/Src/sysmem.o
LOAD ./Core/Src/system_stm32f4xx.o
LOAD ./Core/Src/tim.o
LOAD ./Core/Src/usart.o
LOAD ./Core/Startup/startup_stm32f411retx.o
LOAD ./Drivers/STM32F4xx_HAL_Driver/Src/stm32f4xx_hal.o
LOAD ./Drivers/STM32F4xx_HAL_Driver/Src/stm32f4xx_hal_adc.o
LOAD ./Drivers/STM32F4xx_HAL_Driver/Src/stm32f4xx_hal_adc_ex.o
LOAD ./Drivers/STM32F4xx_HAL_Driver/Src/stm32f4xx_hal_cortex.o
LOAD ./Drivers/STM32F4xx_HAL_Driver/Src/stm32f4xx_hal_dma.o
LOAD ./Drivers/STM32F4xx_HAL_Driver/Src/stm32f4xx_hal_dma_ex.o
LOAD ./Drivers/STM32F4xx_HAL_Driver/Src/stm32f4xx_hal_exti.o
LOAD ./Drivers/STM32F4xx_HAL_Driver/Src/stm32f4xx_hal_flash.o
LOAD ./Drivers/STM32F4xx_HAL_Driver/Src/stm32f4xx_hal_flash_ex.o
LOAD ./Drivers/STM32F4xx_HAL_Driver/Src/stm32f4xx_hal_flash_ramfunc.o
LOAD ./Drivers/STM32F4xx_HAL_Driver/Src/stm32f4xx_hal_gpio.o
LOAD ./Drivers/STM32F4xx_HAL_Driver/Src/stm32f4xx_hal_i2c.o
LOAD ./Drivers/STM32F4xx_HAL_Driver/Src/stm32f4xx_hal_i2c_ex.o
LOAD ./Drivers/STM32F4xx_HAL_Driver/Src/stm32f4xx_hal_pwr.o
LOAD ./Drivers/STM32F4xx_HAL_Driver/Src/stm32f4xx_hal_pwr_ex.o
LOAD ./Drivers/STM32F4xx_HAL_Driver/Src/stm32f4xx_hal_rcc.o
LOAD ./Drivers/STM32F4xx_HAL_Driver/Src/stm32f4xx_hal_rcc_ex.o
LOAD ./Drivers/STM32F4xx_HAL_Driver/Src/stm32f4xx_hal_tim.o
LOAD ./Drivers/STM32F4xx_HAL_Driver/Src/stm32f4xx_hal_tim_ex.o
LOAD ./Drivers/STM32F4xx_HAL_Driver/Src/stm32f4xx_hal_uart.o
LOAD ./Drivers/STM32F4xx_HAL_Driver/Src/stm32f4xx_ll_adc.o
LOAD ./Drivers/VL53L0X_API/core/src/vl53l0x_api.o
LOAD ./Drivers/VL53L0X_API/core/src/vl53l0x_api_calibration.o
LOAD ./Drivers/VL53L0X_API/core/src/vl53l0x_api_core.o
LOAD ./Drivers/VL53L0X_API/core/src/vl53l0x_api_ranging.o
LOAD ./Drivers/VL53L0X_API/core/src/vl53l0x_api_strings.o
LOAD ./Drivers/VL53L0X_API/platform/src/vl53l0x_platform.o
LOAD ./Middlewares/Third_Party/FreeRTOS/Source/CMSIS_RTOS/cmsis_os.o
LOAD ./Middlewares/Third_Party/FreeRTOS/Source/croutine.o
LOAD ./Middlewares/Third_Party/FreeRTOS/Source/event_groups.o
LOAD ./Middlewares/Third_Party/FreeRTOS/Source/list.o
LOAD ./Middlewares/Third_Party/FreeRTOS/Source/queue.o
LOAD ./Middlewares/Third_Party/FreeRTOS/Source/stream_buffer.o
LOAD ./Middlewares/Third_Party/FreeRTOS/Source/tasks.o
LOAD ./Middlewares/Third_Party/FreeRTOS/Source/timers.o
LOAD ./Middlewares/Third_Party/FreeRTOS/Source/portable/GCC/ARM_CM4F/port.o
LOAD ./Middlewares/Third_Party/FreeRTOS/Source/portable/MemMang/heap_4.o
START GROUP
LOAD c:/st/stm32cubeide_1.7.0/stm32cubeide/plugins/com.st.stm32cube.ide.mcu.externaltools.gnu-tools-for-stm32.9-2020-q2-update.win32_2.0.0.202105311346/tools/bin/../lib/gcc/arm-none-eabi/9.3.1/../../../../arm-none-eabi/lib/thumb/v7e-m+fp/hard\libc_nano.a
LOAD c:/st/stm32cubeide_1.7.0/stm32cubeide/plugins/com.st.stm32cube.ide.mcu.externaltools.gnu-tools-for-stm32.9-2020-q2-update.win32_2.0.0.202105311346/tools/bin/../lib/gcc/arm-none-eabi/9.3.1/../../../../arm-none-eabi/lib/thumb/v7e-m+fp/hard\libm.a
END GROUP
START GROUP
LOAD c:/st/stm32cubeide_1.7.0/stm32cubeide/plugins/com.st.stm32cube.ide.mcu.externaltools.gnu-tools-for-stm32.9-2020-q2-update.win32_2.0.0.202105311346/tools/bin/../lib/gcc/arm-none-eabi/9.3.1/thumb/v7e-m+fp/hard\libgcc.a
LOAD c:/st/stm32cubeide_1.7.0/stm32cubeide/plugins/com.st.stm32cube.ide.mcu.externaltools.gnu-tools-for-stm32.9-2020-q2-update.win32_2.0.0.202105311346/tools/bin/../lib/gcc/arm-none-eabi/9.3.1/../../../../arm-none-eabi/lib/thumb/v7e-m+fp/hard\libc_nano.a
END GROUP
START GROUP
LOAD c:/st/stm32cubeide_1.7.0/stm32cubeide/plugins/com.st.stm32cube.ide.mcu.externaltools.gnu-tools-for-stm32.9-2020-q2-update.win32_2.0.0.202105311346/tools/bin/../lib/gcc/arm-none-eabi/9.3.1/thumb/v7e-m+fp/hard\libgcc.a
LOAD c:/st/stm32cubeide_1.7.0/stm32cubeide/plugins/com.st.stm32cube.ide.mcu.externaltools.gnu-tools-for-stm32.9-2020-q2-update.win32_2.0.0.202105311346/tools/bin/../lib/gcc/arm-none-eabi/9.3.1/../../../../arm-none-eabi/lib/thumb/v7e-m+fp/hard\libc_nano.a
LOAD c:/st/stm32cubeide_1.7.0/stm32cubeide/plugins/com.st.stm32cube.ide.mcu.externaltools.gnu-tools-for-stm32.9-2020-q2-update.win32_2.0.0.202105311346/tools/bin/../lib/gcc/arm-none-eabi/9.3.1/../../../../arm-none-eabi/lib/thumb/v7e-m+fp/hard\libnosys.a
END GROUP
START GROUP
LOAD c:/st/stm32cubeide_1.7.0/stm32cubeide/plugins/com.st.stm32cube.ide.mcu.externaltools.gnu-tools-for-stm32.9-2020-q2-update.win32_2.0.0.202105311346/tools/bin/../lib/gcc/arm-none-eabi/9.3.1/thumb/v7e-m+fp/hard\libgcc.a
LOAD c:/st/stm32cubeide_1.7.0/stm32cubeide/plugins/com.st.stm32cube.ide.mcu.externaltools.gnu-tools-for-stm32.9-2020-q2-update.win32_2.0.0.202105311346/tools/bin/../lib/gcc/arm-none-eabi/9.3.1/../../../../arm-none-eabi/lib/thumb/v7e-m+fp/hard\libc_nano.a
LOAD c:/st/stm32cubeide_1.7.0/stm32cubeide/plugins/com.st.stm32cube.ide.mcu.externaltools.gnu-tools-for-stm32.9-2020-q2-update.win32_2.0.0.202105311346/tools/bin/../lib/gcc/arm-none-eabi/9.3.1/../../../../arm-none-eabi/lib/thumb/v7e-m+fp/hard\libnosys.a
END GROUP
LOAD c:/st/stm32cubeide_1.7.0/stm32cubeide/plugins/com.st.stm32cube.ide.mcu.externaltools.gnu-tools-for-stm32.9-2020-q2-update.win32_2.0.0.202105311346/tools/bin/../lib/gcc/arm-none-eabi/9.3.1/thumb/v7e-m+fp/hard/crtend.o
LOAD c:/st/stm32cubeide_1.7.0/stm32cubeide/plugins/com.st.stm32cube.ide.mcu.externaltools.gnu-tools-for-stm32.9-2020-q2-update.win32_2.0.0.202105311346/tools/bin/../lib/gcc/arm-none-eabi/9.3.1/thumb/v7e-m+fp/hard/crtn.o
                0x0000000020020000                _estack = (ORIGIN (RAM) + LENGTH (RAM))
                0x0000000000000200                _Min_Heap_Size = 0x200
                0x0000000000000400                _Min_Stack_Size = 0x400

.isr_vector     0x0000000008000000      0x198
                0x0000000008000000                . = ALIGN (0x4)
 *(.isr_vector)
 .isr_vector    0x0000000008000000      0x198 ./Core/Startup/startup_stm32f411retx.o
                0x0000000008000000                g_pfnVectors
                0x0000000008000198                . = ALIGN (0x4)

.text           0x00000000080001a0     0xdc04
                0x00000000080001a0                . = ALIGN (0x4)
 *(.text)
 .text          0x00000000080001a0       0x40 c:/st/stm32cubeide_1.7.0/stm32cubeide/plugins/com.st.stm32cube.ide.mcu.externaltools.gnu-tools-for-stm32.9-2020-q2-update.win32_2.0.0.202105311346/tools/bin/../lib/gcc/arm-none-eabi/9.3.1/thumb/v7e-m+fp/hard/crtbegin.o
 .text          0x00000000080001e0       0xa0 c:/st/stm32cubeide_1.7.0/stm32cubeide/plugins/com.st.stm32cube.ide.mcu.externaltools.gnu-tools-for-stm32.9-2020-q2-update.win32_2.0.0.202105311346/tools/bin/../lib/gcc/arm-none-eabi/9.3.1/../../../../arm-none-eabi/lib/thumb/v7e-m+fp/hard\libc_nano.a(lib_a-memchr.o)
                0x00000000080001e0                memchr
 .text          0x0000000008000280      0x378 c:/st/stm32cubeide_1.7.0/stm32cubeide/plugins/com.st.stm32cube.ide.mcu.externaltools.gnu-tools-for-stm32.9-2020-q2-update.win32_2.0.0.202105311346/tools/bin/../lib/gcc/arm-none-eabi/9.3.1/thumb/v7e-m+fp/hard\libgcc.a(_arm_addsubdf3.o)
                0x0000000008000280                __aeabi_drsub
                0x0000000008000288                __aeabi_dsub
                0x0000000008000288                __subdf3
                0x000000000800028c                __aeabi_dadd
                0x000000000800028c                __adddf3
                0x0000000008000504                __floatunsidf
                0x0000000008000504                __aeabi_ui2d
                0x0000000008000524                __floatsidf
                0x0000000008000524                __aeabi_i2d
                0x0000000008000548                __aeabi_f2d
                0x0000000008000548                __extendsfdf2
                0x000000000800058c                __floatundidf
                0x000000000800058c                __aeabi_ul2d
                0x000000000800059c                __floatdidf
                0x000000000800059c                __aeabi_l2d
 .text          0x00000000080005f8      0x424 c:/st/stm32cubeide_1.7.0/stm32cubeide/plugins/com.st.stm32cube.ide.mcu.externaltools.gnu-tools-for-stm32.9-2020-q2-update.win32_2.0.0.202105311346/tools/bin/../lib/gcc/arm-none-eabi/9.3.1/thumb/v7e-m+fp/hard\libgcc.a(_arm_muldivdf3.o)
                0x00000000080005f8                __aeabi_dmul
                0x00000000080005f8                __muldf3
                0x000000000800084c                __divdf3
                0x000000000800084c                __aeabi_ddiv
 .text          0x0000000008000a1c      0x110 c:/st/stm32cubeide_1.7.0/stm32cubeide/plugins/com.st.stm32cube.ide.mcu.externaltools.gnu-tools-for-stm32.9-2020-q2-update.win32_2.0.0.202105311346/tools/bin/../lib/gcc/arm-none-eabi/9.3.1/thumb/v7e-m+fp/hard\libgcc.a(_arm_cmpdf2.o)
                0x0000000008000a1c                __gtdf2
                0x0000000008000a1c                __gedf2
                0x0000000008000a24                __ltdf2
                0x0000000008000a24                __ledf2
                0x0000000008000a2c                __nedf2
                0x0000000008000a2c                __eqdf2
                0x0000000008000a2c                __cmpdf2
                0x0000000008000aa8                __aeabi_cdrcmple
                0x0000000008000ab8                __aeabi_cdcmpeq
                0x0000000008000ab8                __aeabi_cdcmple
                0x0000000008000ac8                __aeabi_dcmpeq
                0x0000000008000adc                __aeabi_dcmplt
                0x0000000008000af0                __aeabi_dcmple
                0x0000000008000b04                __aeabi_dcmpge
                0x0000000008000b18                __aeabi_dcmpgt
 .text          0x0000000008000b2c       0x30 c:/st/stm32cubeide_1.7.0/stm32cubeide/plugins/com.st.stm32cube.ide.mcu.externaltools.gnu-tools-for-stm32.9-2020-q2-update.win32_2.0.0.202105311346/tools/bin/../lib/gcc/arm-none-eabi/9.3.1/thumb/v7e-m+fp/hard\libgcc.a(_aeabi_uldivmod.o)
                0x0000000008000b2c                __aeabi_uldivmod
 .text          0x0000000008000b5c      0x2c4 c:/st/stm32cubeide_1.7.0/stm32cubeide/plugins/com.st.stm32cube.ide.mcu.externaltools.gnu-tools-for-stm32.9-2020-q2-update.win32_2.0.0.202105311346/tools/bin/../lib/gcc/arm-none-eabi/9.3.1/thumb/v7e-m+fp/hard\libgcc.a(_udivmoddi4.o)
                0x0000000008000b5c                __udivmoddi4
 .text          0x0000000008000e20        0x4 c:/st/stm32cubeide_1.7.0/stm32cubeide/plugins/com.st.stm32cube.ide.mcu.externaltools.gnu-tools-for-stm32.9-2020-q2-update.win32_2.0.0.202105311346/tools/bin/../lib/gcc/arm-none-eabi/9.3.1/thumb/v7e-m+fp/hard\libgcc.a(_dvmd_tls.o)
                0x0000000008000e20                __aeabi_idiv0
                0x0000000008000e20                __aeabi_ldiv0
 *(.text*)
 .text.RGB_Init_SetTimer
                0x0000000008000e24       0x32 ./Core/Src/BOTterfly-C/rgb_sensor.o
                0x0000000008000e24                RGB_Init_SetTimer
 .text.RGB_Init_SetParamGPIOs
                0x0000000008000e56       0x36 ./Core/Src/BOTterfly-C/rgb_sensor.o
                0x0000000008000e56                RGB_Init_SetParamGPIOs
 .text.RGB_Init_SetOutFreqGPIOs
                0x0000000008000e8c       0x36 ./Core/Src/BOTterfly-C/rgb_sensor.o
                0x0000000008000e8c                RGB_Init_SetOutFreqGPIOs
 .text.RGB_Init_SetColorFilterGPIOs
                0x0000000008000ec2       0x36 ./Core/Src/BOTterfly-C/rgb_sensor.o
                0x0000000008000ec2                RGB_Init_SetColorFilterGPIOs
 .text.RGB_Init
                0x0000000008000ef8       0x8e ./Core/Src/BOTterfly-C/rgb_sensor.o
                0x0000000008000ef8                RGB_Init
 *fill*         0x0000000008000f86        0x2 
 .text.RGB_SetFilter
                0x0000000008000f88       0xd8 ./Core/Src/BOTterfly-C/rgb_sensor.o
                0x0000000008000f88                RGB_SetFilter
 .text.RGB_SetOFscaling
                0x0000000008001060       0xd0 ./Core/Src/BOTterfly-C/rgb_sensor.o
                0x0000000008001060                RGB_SetOFscaling
 .text.TOF_Init_SetI2C
                0x0000000008001130       0x2c ./Core/Src/BOTterfly-C/tof_sensor.o
                0x0000000008001130                TOF_Init_SetI2C
 .text.TOF_Init_SetGPIOs
                0x000000000800115c       0x3e ./Core/Src/BOTterfly-C/tof_sensor.o
                0x000000000800115c                TOF_Init_SetGPIOs
 .text.TOF_Init_SetEXTI
                0x000000000800119a       0x22 ./Core/Src/BOTterfly-C/tof_sensor.o
                0x000000000800119a                TOF_Init_SetEXTI
 .text.TOF_Init
                0x00000000080011bc      0x188 ./Core/Src/BOTterfly-C/tof_sensor.o
                0x00000000080011bc                TOF_Init
 .text.TOF_InitializationFlow
                0x0000000008001344       0x44 ./Core/Src/BOTterfly-C/tof_sensor.o
                0x0000000008001344                TOF_InitializationFlow
 .text.TOF_Initialization
                0x0000000008001388       0x5c ./Core/Src/BOTterfly-C/tof_sensor.o
                0x0000000008001388                TOF_Initialization
 .text.TOF_Calibration
                0x00000000080013e4       0x80 ./Core/Src/BOTterfly-C/tof_sensor.o
                0x00000000080013e4                TOF_Calibration
 .text.TOF_Settings
                0x0000000008001464       0x6c ./Core/Src/BOTterfly-C/tof_sensor.o
                0x0000000008001464                TOF_Settings
 .text.TOF_SetDeviceAddr
                0x00000000080014d0       0x48 ./Core/Src/BOTterfly-C/tof_sensor.o
                0x00000000080014d0                TOF_SetDeviceAddr
 .text.HAL_GPIO_EXTI_Callback
                0x0000000008001518       0xa4 ./Core/Src/BOTterfly-C/tof_sensor.o
                0x0000000008001518                HAL_GPIO_EXTI_Callback
 .text.MX_ADC1_Init
                0x00000000080015bc       0xf8 ./Core/Src/adc.o
                0x00000000080015bc                MX_ADC1_Init
 .text.HAL_ADC_MspInit
                0x00000000080016b4       0xf0 ./Core/Src/adc.o
                0x00000000080016b4                HAL_ADC_MspInit
 .text.MX_DMA_Init
                0x00000000080017a4       0x40 ./Core/Src/dma.o
                0x00000000080017a4                MX_DMA_Init
 .text.vApplicationGetIdleTaskMemory
                0x00000000080017e4       0x34 ./Core/Src/freertos.o
                0x00000000080017e4                vApplicationGetIdleTaskMemory
 .text.MX_FREERTOS_Init
                0x0000000008001818       0x38 ./Core/Src/freertos.o
                0x0000000008001818                MX_FREERTOS_Init
 .text.StartDefaultTask
                0x0000000008001850       0x10 ./Core/Src/freertos.o
                0x0000000008001850                StartDefaultTask
 .text.MX_GPIO_Init
                0x0000000008001860      0x1a0 ./Core/Src/gpio.o
                0x0000000008001860                MX_GPIO_Init
 .text.MX_I2C1_Init
                0x0000000008001a00       0x5c ./Core/Src/i2c.o
                0x0000000008001a00                MX_I2C1_Init
 .text.HAL_I2C_MspInit
                0x0000000008001a5c       0x90 ./Core/Src/i2c.o
                0x0000000008001a5c                HAL_I2C_MspInit
 .text.function
                0x0000000008001aec       0x58 ./Core/Src/main.o
                0x0000000008001aec                function
 .text.vTaskShell
                0x0000000008001b44       0x2c ./Core/Src/main.o
                0x0000000008001b44                vTaskShell
 .text.vTaskControl
                0x0000000008001b70       0x84 ./Core/Src/main.o
                0x0000000008001b70                vTaskControl
 .text.vTaskCouleur
                0x0000000008001bf4      0x1fc ./Core/Src/main.o
                0x0000000008001bf4                vTaskCouleur
 .text.vTaskToF
                0x0000000008001df0       0xa0 ./Core/Src/main.o
                0x0000000008001df0                vTaskToF
 .text.main     0x0000000008001e90      0x100 ./Core/Src/main.o
                0x0000000008001e90                main
 .text.SystemClock_Config
                0x0000000008001f90       0xd0 ./Core/Src/main.o
                0x0000000008001f90                SystemClock_Config
 .text.HAL_TIM_IC_CaptureCallback
                0x0000000008002060       0x80 ./Core/Src/main.o
                0x0000000008002060                HAL_TIM_IC_CaptureCallback
 .text.HAL_TIM_PeriodElapsedCallback
                0x00000000080020e0       0x24 ./Core/Src/main.o
                0x00000000080020e0                HAL_TIM_PeriodElapsedCallback
 .text.Error_Handler
                0x0000000008002104        0xa ./Core/Src/main.o
                0x0000000008002104                Error_Handler
 *fill*         0x000000000800210e        0x2 
 .text.__io_putchar
                0x0000000008002110       0x24 ./Core/Src/shell.o
                0x0000000008002110                __io_putchar
 .text.Shell_Uart_Write
                0x0000000008002134       0x28 ./Core/Src/shell.o
                0x0000000008002134                Shell_Uart_Write
 .text.Shell_Help
                0x000000000800215c       0x64 ./Core/Src/shell.o
                0x000000000800215c                Shell_Help
 .text.Shell_Init
                0x00000000080021c0       0x58 ./Core/Src/shell.o
                0x00000000080021c0                Shell_Init
 .text.Shell_Add
                0x0000000008002218       0x7c ./Core/Src/shell.o
                0x0000000008002218                Shell_Add
 .text.Shell_Exec
                0x0000000008002294       0xc0 ./Core/Src/shell.o
                0x0000000008002294                Shell_Exec
 .text.Shell_Run
                0x0000000008002354       0xc0 ./Core/Src/shell.o
                0x0000000008002354                Shell_Run
 .text.HAL_MspInit
                0x0000000008002414       0x58 ./Core/Src/stm32f4xx_hal_msp.o
                0x0000000008002414                HAL_MspInit
 .text.HAL_InitTick
                0x000000000800246c       0xb0 ./Core/Src/stm32f4xx_hal_timebase_tim.o
                0x000000000800246c                HAL_InitTick
 .text.NMI_Handler
                0x000000000800251c        0x6 ./Core/Src/stm32f4xx_it.o
                0x000000000800251c                NMI_Handler
 .text.HardFault_Handler
                0x0000000008002522        0x6 ./Core/Src/stm32f4xx_it.o
                0x0000000008002522                HardFault_Handler
 .text.MemManage_Handler
                0x0000000008002528        0x6 ./Core/Src/stm32f4xx_it.o
                0x0000000008002528                MemManage_Handler
 .text.BusFault_Handler
                0x000000000800252e        0x6 ./Core/Src/stm32f4xx_it.o
                0x000000000800252e                BusFault_Handler
 .text.UsageFault_Handler
                0x0000000008002534        0x6 ./Core/Src/stm32f4xx_it.o
                0x0000000008002534                UsageFault_Handler
 .text.DebugMon_Handler
                0x000000000800253a        0xe ./Core/Src/stm32f4xx_it.o
                0x000000000800253a                DebugMon_Handler
 .text.EXTI0_IRQHandler
                0x0000000008002548        0xe ./Core/Src/stm32f4xx_it.o
                0x0000000008002548                EXTI0_IRQHandler
 .text.EXTI1_IRQHandler
                0x0000000008002556        0xe ./Core/Src/stm32f4xx_it.o
                0x0000000008002556                EXTI1_IRQHandler
 .text.TIM1_TRG_COM_TIM11_IRQHandler
                0x0000000008002564       0x14 ./Core/Src/stm32f4xx_it.o
                0x0000000008002564                TIM1_TRG_COM_TIM11_IRQHandler
 .text.TIM3_IRQHandler
                0x0000000008002578       0x14 ./Core/Src/stm32f4xx_it.o
                0x0000000008002578                TIM3_IRQHandler
 .text.EXTI15_10_IRQHandler
                0x000000000800258c       0x18 ./Core/Src/stm32f4xx_it.o
                0x000000000800258c                EXTI15_10_IRQHandler
 .text.DMA2_Stream0_IRQHandler
                0x00000000080025a4       0x14 ./Core/Src/stm32f4xx_it.o
                0x00000000080025a4                DMA2_Stream0_IRQHandler
 .text._read    0x00000000080025b8       0x3a ./Core/Src/syscalls.o
                0x00000000080025b8                _read
 .text._write   0x00000000080025f2       0x38 ./Core/Src/syscalls.o
                0x00000000080025f2                _write
 .text._close   0x000000000800262a       0x18 ./Core/Src/syscalls.o
                0x000000000800262a                _close
 .text._fstat   0x0000000008002642       0x20 ./Core/Src/syscalls.o
                0x0000000008002642                _fstat
 .text._isatty  0x0000000008002662       0x16 ./Core/Src/syscalls.o
                0x0000000008002662                _isatty
 .text._lseek   0x0000000008002678       0x1a ./Core/Src/syscalls.o
                0x0000000008002678                _lseek
 *fill*         0x0000000008002692        0x2 
 .text._sbrk    0x0000000008002694       0x6c ./Core/Src/sysmem.o
                0x0000000008002694                _sbrk
 .text.SystemInit
                0x0000000008002700       0x24 ./Core/Src/system_stm32f4xx.o
                0x0000000008002700                SystemInit
 .text.MX_TIM3_Init
                0x0000000008002724       0xa8 ./Core/Src/tim.o
                0x0000000008002724                MX_TIM3_Init
 .text.HAL_TIM_IC_MspInit
                0x00000000080027cc       0xa0 ./Core/Src/tim.o
                0x00000000080027cc                HAL_TIM_IC_MspInit
 .text.MX_USART2_UART_Init
                0x000000000800286c       0x54 ./Core/Src/usart.o
                0x000000000800286c                MX_USART2_UART_Init
 .text.HAL_UART_MspInit
                0x00000000080028c0       0x90 ./Core/Src/usart.o
                0x00000000080028c0                HAL_UART_MspInit
 .text.Reset_Handler
                0x0000000008002950       0x50 ./Core/Startup/startup_stm32f411retx.o
                0x0000000008002950                Reset_Handler
 .text.Default_Handler
                0x00000000080029a0        0x2 ./Core/Startup/startup_stm32f411retx.o
                0x00000000080029a0                RTC_Alarm_IRQHandler
                0x00000000080029a0                EXTI2_IRQHandler
                0x00000000080029a0                SPI4_IRQHandler
                0x00000000080029a0                TIM1_CC_IRQHandler
                0x00000000080029a0                DMA2_Stream5_IRQHandler
                0x00000000080029a0                DMA1_Stream5_IRQHandler
                0x00000000080029a0                PVD_IRQHandler
                0x00000000080029a0                SDIO_IRQHandler
                0x00000000080029a0                TAMP_STAMP_IRQHandler
                0x00000000080029a0                EXTI3_IRQHandler
                0x00000000080029a0                TIM1_UP_TIM10_IRQHandler
                0x00000000080029a0                I2C3_ER_IRQHandler
                0x00000000080029a0                I2C2_EV_IRQHandler
                0x00000000080029a0                DMA1_Stream2_IRQHandler
                0x00000000080029a0                FPU_IRQHandler
                0x00000000080029a0                DMA2_Stream2_IRQHandler
                0x00000000080029a0                SPI1_IRQHandler
                0x00000000080029a0                TIM1_BRK_TIM9_IRQHandler
                0x00000000080029a0                DMA2_Stream3_IRQHandler
                0x00000000080029a0                USART6_IRQHandler
                0x00000000080029a0                TIM4_IRQHandler
                0x00000000080029a0                I2C1_EV_IRQHandler
                0x00000000080029a0                DMA1_Stream6_IRQHandler
                0x00000000080029a0                DMA1_Stream1_IRQHandler
                0x00000000080029a0                RCC_IRQHandler
                0x00000000080029a0                Default_Handler
                0x00000000080029a0                ADC_IRQHandler
                0x00000000080029a0                DMA1_Stream7_IRQHandler
                0x00000000080029a0                SPI5_IRQHandler
                0x00000000080029a0                TIM5_IRQHandler
                0x00000000080029a0                DMA2_Stream7_IRQHandler
                0x00000000080029a0                I2C3_EV_IRQHandler
                0x00000000080029a0                EXTI9_5_IRQHandler
                0x00000000080029a0                RTC_WKUP_IRQHandler
                0x00000000080029a0                SPI2_IRQHandler
                0x00000000080029a0                DMA1_Stream0_IRQHandler
                0x00000000080029a0                EXTI4_IRQHandler
                0x00000000080029a0                WWDG_IRQHandler
                0x00000000080029a0                TIM2_IRQHandler
                0x00000000080029a0                OTG_FS_WKUP_IRQHandler
                0x00000000080029a0                USART2_IRQHandler
                0x00000000080029a0                I2C2_ER_IRQHandler
                0x00000000080029a0                DMA2_Stream1_IRQHandler
                0x00000000080029a0                FLASH_IRQHandler
                0x00000000080029a0                DMA2_Stream4_IRQHandler
                0x00000000080029a0                USART1_IRQHandler
                0x00000000080029a0                OTG_FS_IRQHandler
                0x00000000080029a0                SPI3_IRQHandler
                0x00000000080029a0                DMA1_Stream4_IRQHandler
                0x00000000080029a0                I2C1_ER_IRQHandler
                0x00000000080029a0                DMA2_Stream6_IRQHandler
                0x00000000080029a0                DMA1_Stream3_IRQHandler
 *fill*         0x00000000080029a2        0x2 
 .text.HAL_Init
                0x00000000080029a4       0x44 ./Drivers/STM32F4xx_HAL_Driver/Src/stm32f4xx_hal.o
                0x00000000080029a4                HAL_Init
 .text.HAL_IncTick
                0x00000000080029e8       0x28 ./Drivers/STM32F4xx_HAL_Driver/Src/stm32f4xx_hal.o
                0x00000000080029e8                HAL_IncTick
 .text.HAL_GetTick
                0x0000000008002a10       0x18 ./Drivers/STM32F4xx_HAL_Driver/Src/stm32f4xx_hal.o
                0x0000000008002a10                HAL_GetTick
 .text.HAL_Delay
                0x0000000008002a28       0x48 ./Drivers/STM32F4xx_HAL_Driver/Src/stm32f4xx_hal.o
                0x0000000008002a28                HAL_Delay
 .text.HAL_ADC_Init
                0x0000000008002a70       0x86 ./Drivers/STM32F4xx_HAL_Driver/Src/stm32f4xx_hal_adc.o
                0x0000000008002a70                HAL_ADC_Init
 *fill*         0x0000000008002af6        0x2 
 .text.HAL_ADC_ConfigChannel
                0x0000000008002af8      0x264 ./Drivers/STM32F4xx_HAL_Driver/Src/stm32f4xx_hal_adc.o
                0x0000000008002af8                HAL_ADC_ConfigChannel
 .text.ADC_Init
                0x0000000008002d5c      0x1f8 ./Drivers/STM32F4xx_HAL_Driver/Src/stm32f4xx_hal_adc.o
 .text.__NVIC_SetPriorityGrouping
                0x0000000008002f54       0x48 ./Drivers/STM32F4xx_HAL_Driver/Src/stm32f4xx_hal_cortex.o
 .text.__NVIC_GetPriorityGrouping
                0x0000000008002f9c       0x1c ./Drivers/STM32F4xx_HAL_Driver/Src/stm32f4xx_hal_cortex.o
 .text.__NVIC_EnableIRQ
                0x0000000008002fb8       0x3c ./Drivers/STM32F4xx_HAL_Driver/Src/stm32f4xx_hal_cortex.o
 .text.__NVIC_DisableIRQ
                0x0000000008002ff4       0x48 ./Drivers/STM32F4xx_HAL_Driver/Src/stm32f4xx_hal_cortex.o
 .text.__NVIC_SetPriority
                0x000000000800303c       0x54 ./Drivers/STM32F4xx_HAL_Driver/Src/stm32f4xx_hal_cortex.o
 .text.NVIC_EncodePriority
                0x0000000008003090       0x66 ./Drivers/STM32F4xx_HAL_Driver/Src/stm32f4xx_hal_cortex.o
 .text.HAL_NVIC_SetPriorityGrouping
                0x00000000080030f6       0x16 ./Drivers/STM32F4xx_HAL_Driver/Src/stm32f4xx_hal_cortex.o
                0x00000000080030f6                HAL_NVIC_SetPriorityGrouping
 .text.HAL_NVIC_SetPriority
                0x000000000800310c       0x38 ./Drivers/STM32F4xx_HAL_Driver/Src/stm32f4xx_hal_cortex.o
                0x000000000800310c                HAL_NVIC_SetPriority
 .text.HAL_NVIC_EnableIRQ
                0x0000000008003144       0x1c ./Drivers/STM32F4xx_HAL_Driver/Src/stm32f4xx_hal_cortex.o
                0x0000000008003144                HAL_NVIC_EnableIRQ
 .text.HAL_NVIC_DisableIRQ
                0x0000000008003160       0x1c ./Drivers/STM32F4xx_HAL_Driver/Src/stm32f4xx_hal_cortex.o
                0x0000000008003160                HAL_NVIC_DisableIRQ
 .text.HAL_DMA_Init
                0x000000000800317c      0x15c ./Drivers/STM32F4xx_HAL_Driver/Src/stm32f4xx_hal_dma.o
                0x000000000800317c                HAL_DMA_Init
 .text.HAL_DMA_IRQHandler
                0x00000000080032d8      0x314 ./Drivers/STM32F4xx_HAL_Driver/Src/stm32f4xx_hal_dma.o
                0x00000000080032d8                HAL_DMA_IRQHandler
 .text.DMA_CalcBaseAndBitshift
                0x00000000080035ec       0x6c ./Drivers/STM32F4xx_HAL_Driver/Src/stm32f4xx_hal_dma.o
 .text.DMA_CheckFifoParam
                0x0000000008003658       0xf8 ./Drivers/STM32F4xx_HAL_Driver/Src/stm32f4xx_hal_dma.o
 .text.HAL_GPIO_Init
                0x0000000008003750      0x308 ./Drivers/STM32F4xx_HAL_Driver/Src/stm32f4xx_hal_gpio.o
                0x0000000008003750                HAL_GPIO_Init
 .text.HAL_GPIO_WritePin
                0x0000000008003a58       0x32 ./Drivers/STM32F4xx_HAL_Driver/Src/stm32f4xx_hal_gpio.o
                0x0000000008003a58                HAL_GPIO_WritePin
 *fill*         0x0000000008003a8a        0x2 
 .text.HAL_GPIO_EXTI_IRQHandler
                0x0000000008003a8c       0x30 ./Drivers/STM32F4xx_HAL_Driver/Src/stm32f4xx_hal_gpio.o
                0x0000000008003a8c                HAL_GPIO_EXTI_IRQHandler
 .text.HAL_I2C_Init
                0x0000000008003abc      0x288 ./Drivers/STM32F4xx_HAL_Driver/Src/stm32f4xx_hal_i2c.o
                0x0000000008003abc                HAL_I2C_Init
 .text.HAL_I2C_Master_Transmit
                0x0000000008003d44      0x1fc ./Drivers/STM32F4xx_HAL_Driver/Src/stm32f4xx_hal_i2c.o
                0x0000000008003d44                HAL_I2C_Master_Transmit
 .text.HAL_I2C_Master_Receive
                0x0000000008003f40      0x44c ./Drivers/STM32F4xx_HAL_Driver/Src/stm32f4xx_hal_i2c.o
                0x0000000008003f40                HAL_I2C_Master_Receive
 .text.I2C_MasterRequestWrite
                0x000000000800438c      0x104 ./Drivers/STM32F4xx_HAL_Driver/Src/stm32f4xx_hal_i2c.o
 .text.I2C_MasterRequestRead
                0x0000000008004490      0x19c ./Drivers/STM32F4xx_HAL_Driver/Src/stm32f4xx_hal_i2c.o
 .text.I2C_WaitOnFlagUntilTimeout
                0x000000000800462c       0xae ./Drivers/STM32F4xx_HAL_Driver/Src/stm32f4xx_hal_i2c.o
 .text.I2C_WaitOnMasterAddressFlagUntilTimeout
                0x00000000080046da       0xfe ./Drivers/STM32F4xx_HAL_Driver/Src/stm32f4xx_hal_i2c.o
 .text.I2C_WaitOnTXEFlagUntilTimeout
                0x00000000080047d8       0x82 ./Drivers/STM32F4xx_HAL_Driver/Src/stm32f4xx_hal_i2c.o
 .text.I2C_WaitOnBTFFlagUntilTimeout
                0x000000000800485a       0x82 ./Drivers/STM32F4xx_HAL_Driver/Src/stm32f4xx_hal_i2c.o
 .text.I2C_WaitOnRXNEFlagUntilTimeout
                0x00000000080048dc       0xac ./Drivers/STM32F4xx_HAL_Driver/Src/stm32f4xx_hal_i2c.o
 .text.I2C_IsAcknowledgeFailed
                0x0000000008004988       0x5e ./Drivers/STM32F4xx_HAL_Driver/Src/stm32f4xx_hal_i2c.o
 *fill*         0x00000000080049e6        0x2 
 .text.HAL_RCC_OscConfig
                0x00000000080049e8      0x4f0 ./Drivers/STM32F4xx_HAL_Driver/Src/stm32f4xx_hal_rcc.o
                0x00000000080049e8                HAL_RCC_OscConfig
 .text.HAL_RCC_ClockConfig
                0x0000000008004ed8      0x1cc ./Drivers/STM32F4xx_HAL_Driver/Src/stm32f4xx_hal_rcc.o
                0x0000000008004ed8                HAL_RCC_ClockConfig
 .text.HAL_RCC_GetSysClockFreq
                0x00000000080050a4      0x1c4 ./Drivers/STM32F4xx_HAL_Driver/Src/stm32f4xx_hal_rcc.o
                0x00000000080050a4                HAL_RCC_GetSysClockFreq
 .text.HAL_RCC_GetHCLKFreq
                0x0000000008005268       0x18 ./Drivers/STM32F4xx_HAL_Driver/Src/stm32f4xx_hal_rcc.o
                0x0000000008005268                HAL_RCC_GetHCLKFreq
 .text.HAL_RCC_GetPCLK1Freq
                0x0000000008005280       0x28 ./Drivers/STM32F4xx_HAL_Driver/Src/stm32f4xx_hal_rcc.o
                0x0000000008005280                HAL_RCC_GetPCLK1Freq
 .text.HAL_RCC_GetPCLK2Freq
                0x00000000080052a8       0x28 ./Drivers/STM32F4xx_HAL_Driver/Src/stm32f4xx_hal_rcc.o
                0x00000000080052a8                HAL_RCC_GetPCLK2Freq
 .text.HAL_RCC_GetClockConfig
                0x00000000080052d0       0x64 ./Drivers/STM32F4xx_HAL_Driver/Src/stm32f4xx_hal_rcc.o
                0x00000000080052d0                HAL_RCC_GetClockConfig
 .text.HAL_TIM_Base_Init
                0x0000000008005334       0x9e ./Drivers/STM32F4xx_HAL_Driver/Src/stm32f4xx_hal_tim.o
                0x0000000008005334                HAL_TIM_Base_Init
 .text.HAL_TIM_Base_MspInit
                0x00000000080053d2       0x14 ./Drivers/STM32F4xx_HAL_Driver/Src/stm32f4xx_hal_tim.o
                0x00000000080053d2                HAL_TIM_Base_MspInit
 *fill*         0x00000000080053e6        0x2 
 .text.HAL_TIM_Base_Start_IT
                0x00000000080053e8       0xc4 ./Drivers/STM32F4xx_HAL_Driver/Src/stm32f4xx_hal_tim.o
                0x00000000080053e8                HAL_TIM_Base_Start_IT
 .text.HAL_TIM_IC_Init
                0x00000000080054ac       0x9e ./Drivers/STM32F4xx_HAL_Driver/Src/stm32f4xx_hal_tim.o
                0x00000000080054ac                HAL_TIM_IC_Init
 *fill*         0x000000000800554a        0x2 
 .text.HAL_TIM_IC_Start_IT
                0x000000000800554c      0x234 ./Drivers/STM32F4xx_HAL_Driver/Src/stm32f4xx_hal_tim.o
                0x000000000800554c                HAL_TIM_IC_Start_IT
 .text.HAL_TIM_IRQHandler
                0x0000000008005780      0x210 ./Drivers/STM32F4xx_HAL_Driver/Src/stm32f4xx_hal_tim.o
                0x0000000008005780                HAL_TIM_IRQHandler
 .text.HAL_TIM_IC_ConfigChannel
                0x0000000008005990      0x138 ./Drivers/STM32F4xx_HAL_Driver/Src/stm32f4xx_hal_tim.o
                0x0000000008005990                HAL_TIM_IC_ConfigChannel
 .text.HAL_TIM_ReadCapturedValue
                0x0000000008005ac8       0x88 ./Drivers/STM32F4xx_HAL_Driver/Src/stm32f4xx_hal_tim.o
                0x0000000008005ac8                HAL_TIM_ReadCapturedValue
 .text.HAL_TIM_OC_DelayElapsedCallback
                0x0000000008005b50       0x14 ./Drivers/STM32F4xx_HAL_Driver/Src/stm32f4xx_hal_tim.o
                0x0000000008005b50                HAL_TIM_OC_DelayElapsedCallback
 .text.HAL_TIM_PWM_PulseFinishedCallback
                0x0000000008005b64       0x14 ./Drivers/STM32F4xx_HAL_Driver/Src/stm32f4xx_hal_tim.o
                0x0000000008005b64                HAL_TIM_PWM_PulseFinishedCallback
 .text.HAL_TIM_TriggerCallback
                0x0000000008005b78       0x14 ./Drivers/STM32F4xx_HAL_Driver/Src/stm32f4xx_hal_tim.o
                0x0000000008005b78                HAL_TIM_TriggerCallback
 .text.TIM_Base_SetConfig
                0x0000000008005b8c      0x100 ./Drivers/STM32F4xx_HAL_Driver/Src/stm32f4xx_hal_tim.o
                0x0000000008005b8c                TIM_Base_SetConfig
 .text.TIM_TI1_SetConfig
                0x0000000008005c8c       0xd0 ./Drivers/STM32F4xx_HAL_Driver/Src/stm32f4xx_hal_tim.o
                0x0000000008005c8c                TIM_TI1_SetConfig
 .text.TIM_TI2_SetConfig
                0x0000000008005d5c       0x7a ./Drivers/STM32F4xx_HAL_Driver/Src/stm32f4xx_hal_tim.o
 .text.TIM_TI3_SetConfig
                0x0000000008005dd6       0x78 ./Drivers/STM32F4xx_HAL_Driver/Src/stm32f4xx_hal_tim.o
 .text.TIM_TI4_SetConfig
                0x0000000008005e4e       0x7a ./Drivers/STM32F4xx_HAL_Driver/Src/stm32f4xx_hal_tim.o
 .text.TIM_CCxChannelCmd
                0x0000000008005ec8       0x4a ./Drivers/STM32F4xx_HAL_Driver/Src/stm32f4xx_hal_tim.o
                0x0000000008005ec8                TIM_CCxChannelCmd
 *fill*         0x0000000008005f12        0x2 
 .text.HAL_TIMEx_MasterConfigSynchronization
                0x0000000008005f14       0xdc ./Drivers/STM32F4xx_HAL_Driver/Src/stm32f4xx_hal_tim_ex.o
                0x0000000008005f14                HAL_TIMEx_MasterConfigSynchronization
 .text.HAL_TIMEx_CommutCallback
                0x0000000008005ff0       0x14 ./Drivers/STM32F4xx_HAL_Driver/Src/stm32f4xx_hal_tim_ex.o
                0x0000000008005ff0                HAL_TIMEx_CommutCallback
 .text.HAL_TIMEx_BreakCallback
                0x0000000008006004       0x14 ./Drivers/STM32F4xx_HAL_Driver/Src/stm32f4xx_hal_tim_ex.o
                0x0000000008006004                HAL_TIMEx_BreakCallback
 .text.HAL_UART_Init
                0x0000000008006018       0x9a ./Drivers/STM32F4xx_HAL_Driver/Src/stm32f4xx_hal_uart.o
                0x0000000008006018                HAL_UART_Init
 .text.HAL_UART_Transmit
                0x00000000080060b2      0x124 ./Drivers/STM32F4xx_HAL_Driver/Src/stm32f4xx_hal_uart.o
                0x00000000080060b2                HAL_UART_Transmit
 .text.UART_WaitOnFlagUntilTimeout
                0x00000000080061d6       0xdc ./Drivers/STM32F4xx_HAL_Driver/Src/stm32f4xx_hal_uart.o
 *fill*         0x00000000080062b2        0x2 
 .text.UART_SetConfig
                0x00000000080062b4      0x390 ./Drivers/STM32F4xx_HAL_Driver/Src/stm32f4xx_hal_uart.o
 .text.VL53L0X_GetOffsetCalibrationDataMicroMeter
                0x0000000008006644       0x26 ./Drivers/VL53L0X_API/core/src/vl53l0x_api.o
                0x0000000008006644                VL53L0X_GetOffsetCalibrationDataMicroMeter
 .text.VL53L0X_SetDeviceAddress
                0x000000000800666a       0x30 ./Drivers/VL53L0X_API/core/src/vl53l0x_api.o
                0x000000000800666a                VL53L0X_SetDeviceAddress
 *fill*         0x000000000800669a        0x2 
 .text.VL53L0X_DataInit
                0x000000000800669c      0x2c8 ./Drivers/VL53L0X_API/core/src/vl53l0x_api.o
                0x000000000800669c                VL53L0X_DataInit
 .text.VL53L0X_StaticInit
                0x0000000008006964      0x304 ./Drivers/VL53L0X_API/core/src/vl53l0x_api.o
                0x0000000008006964                VL53L0X_StaticInit
 .text.VL53L0X_GetDeviceParameters
                0x0000000008006c68      0x120 ./Drivers/VL53L0X_API/core/src/vl53l0x_api.o
                0x0000000008006c68                VL53L0X_GetDeviceParameters
 .text.VL53L0X_SetDeviceMode
                0x0000000008006d88       0x58 ./Drivers/VL53L0X_API/core/src/vl53l0x_api.o
                0x0000000008006d88                VL53L0X_SetDeviceMode
 .text.VL53L0X_GetDeviceMode
                0x0000000008006de0       0x26 ./Drivers/VL53L0X_API/core/src/vl53l0x_api.o
                0x0000000008006de0                VL53L0X_GetDeviceMode
 .text.VL53L0X_GetFractionEnable
                0x0000000008006e06       0x3e ./Drivers/VL53L0X_API/core/src/vl53l0x_api.o
                0x0000000008006e06                VL53L0X_GetFractionEnable
 .text.VL53L0X_SetMeasurementTimingBudgetMicroSeconds
                0x0000000008006e44       0x26 ./Drivers/VL53L0X_API/core/src/vl53l0x_api.o
                0x0000000008006e44                VL53L0X_SetMeasurementTimingBudgetMicroSeconds
 .text.VL53L0X_GetMeasurementTimingBudgetMicroSeconds
                0x0000000008006e6a       0x26 ./Drivers/VL53L0X_API/core/src/vl53l0x_api.o
                0x0000000008006e6a                VL53L0X_GetMeasurementTimingBudgetMicroSeconds
 .text.VL53L0X_GetVcselPulsePeriod
                0x0000000008006e90       0x2e ./Drivers/VL53L0X_API/core/src/vl53l0x_api.o
                0x0000000008006e90                VL53L0X_GetVcselPulsePeriod
 *fill*         0x0000000008006ebe        0x2 
 .text.VL53L0X_SetSequenceStepEnable
                0x0000000008006ec0      0x144 ./Drivers/VL53L0X_API/core/src/vl53l0x_api.o
                0x0000000008006ec0                VL53L0X_SetSequenceStepEnable
 .text.sequence_step_enabled
                0x0000000008007004       0xa4 ./Drivers/VL53L0X_API/core/src/vl53l0x_api.o
                0x0000000008007004                sequence_step_enabled
 .text.VL53L0X_GetSequenceStepEnables
                0x00000000080070a8       0xb0 ./Drivers/VL53L0X_API/core/src/vl53l0x_api.o
                0x00000000080070a8                VL53L0X_GetSequenceStepEnables
 .text.VL53L0X_GetInterMeasurementPeriodMilliSeconds
                0x0000000008007158       0x68 ./Drivers/VL53L0X_API/core/src/vl53l0x_api.o
                0x0000000008007158                VL53L0X_GetInterMeasurementPeriodMilliSeconds
 .text.VL53L0X_GetXTalkCompensationEnable
                0x00000000080071c0       0x2a ./Drivers/VL53L0X_API/core/src/vl53l0x_api.o
                0x00000000080071c0                VL53L0X_GetXTalkCompensationEnable
 .text.VL53L0X_GetXTalkCompensationRateMegaCps
                0x00000000080071ea       0x66 ./Drivers/VL53L0X_API/core/src/vl53l0x_api.o
                0x00000000080071ea                VL53L0X_GetXTalkCompensationRateMegaCps
 .text.VL53L0X_SetLimitCheckEnable
                0x0000000008007250      0x118 ./Drivers/VL53L0X_API/core/src/vl53l0x_api.o
                0x0000000008007250                VL53L0X_SetLimitCheckEnable
 .text.VL53L0X_GetLimitCheckEnable
                0x0000000008007368       0x46 ./Drivers/VL53L0X_API/core/src/vl53l0x_api.o
                0x0000000008007368                VL53L0X_GetLimitCheckEnable
 *fill*         0x00000000080073ae        0x2 
 .text.VL53L0X_SetLimitCheckValue
                0x00000000080073b0       0xc4 ./Drivers/VL53L0X_API/core/src/vl53l0x_api.o
                0x00000000080073b0                VL53L0X_SetLimitCheckValue
 .text.VL53L0X_GetLimitCheckValue
                0x0000000008007474      0x11c ./Drivers/VL53L0X_API/core/src/vl53l0x_api.o
                0x0000000008007474                VL53L0X_GetLimitCheckValue
 .text.VL53L0X_GetWrapAroundCheckEnable
                0x0000000008007590       0x64 ./Drivers/VL53L0X_API/core/src/vl53l0x_api.o
                0x0000000008007590                VL53L0X_GetWrapAroundCheckEnable
 .text.VL53L0X_PerformSingleMeasurement
                0x00000000080075f4       0x68 ./Drivers/VL53L0X_API/core/src/vl53l0x_api.o
                0x00000000080075f4                VL53L0X_PerformSingleMeasurement
 .text.VL53L0X_PerformRefCalibration
                0x000000000800765c       0x2c ./Drivers/VL53L0X_API/core/src/vl53l0x_api.o
                0x000000000800765c                VL53L0X_PerformRefCalibration
 .text.VL53L0X_CheckAndLoadInterruptSettings
                0x0000000008007688       0xcc ./Drivers/VL53L0X_API/core/src/vl53l0x_api.o
                0x0000000008007688                VL53L0X_CheckAndLoadInterruptSettings
 .text.VL53L0X_StartMeasurement
                0x0000000008007754      0x184 ./Drivers/VL53L0X_API/core/src/vl53l0x_api.o
                0x0000000008007754                VL53L0X_StartMeasurement
 .text.VL53L0X_GetMeasurementDataReady
                0x00000000080078d8       0x80 ./Drivers/VL53L0X_API/core/src/vl53l0x_api.o
                0x00000000080078d8                VL53L0X_GetMeasurementDataReady
 .text.VL53L0X_GetRangingMeasurementData
                0x0000000008007958      0x248 ./Drivers/VL53L0X_API/core/src/vl53l0x_api.o
                0x0000000008007958                VL53L0X_GetRangingMeasurementData
 .text.VL53L0X_PerformSingleRangingMeasurement
                0x0000000008007ba0       0x60 ./Drivers/VL53L0X_API/core/src/vl53l0x_api.o
                0x0000000008007ba0                VL53L0X_PerformSingleRangingMeasurement
 .text.VL53L0X_SetGpioConfig
                0x0000000008007c00      0x248 ./Drivers/VL53L0X_API/core/src/vl53l0x_api.o
                0x0000000008007c00                VL53L0X_SetGpioConfig
 .text.VL53L0X_GetInterruptThresholds
                0x0000000008007e48       0x6c ./Drivers/VL53L0X_API/core/src/vl53l0x_api.o
                0x0000000008007e48                VL53L0X_GetInterruptThresholds
 .text.VL53L0X_ClearInterruptMask
                0x0000000008007eb4       0x80 ./Drivers/VL53L0X_API/core/src/vl53l0x_api.o
                0x0000000008007eb4                VL53L0X_ClearInterruptMask
 .text.VL53L0X_GetInterruptMaskStatus
                0x0000000008007f34       0x44 ./Drivers/VL53L0X_API/core/src/vl53l0x_api.o
                0x0000000008007f34                VL53L0X_GetInterruptMaskStatus
 .text.VL53L0X_PerformRefSpadManagement
                0x0000000008007f78       0x2a ./Drivers/VL53L0X_API/core/src/vl53l0x_api.o
                0x0000000008007f78                VL53L0X_PerformRefSpadManagement
 .text.VL53L0X_get_offset_calibration_data_micro_meter
                0x0000000008007fa2       0x7e ./Drivers/VL53L0X_API/core/src/vl53l0x_api_calibration.o
                0x0000000008007fa2                VL53L0X_get_offset_calibration_data_micro_meter
 .text.get_next_good_spad
                0x0000000008008020       0xbc ./Drivers/VL53L0X_API/core/src/vl53l0x_api_calibration.o
                0x0000000008008020                get_next_good_spad
 .text.is_aperture
                0x00000000080080dc       0x34 ./Drivers/VL53L0X_API/core/src/vl53l0x_api_calibration.o
                0x00000000080080dc                is_aperture
 .text.enable_spad_bit
                0x0000000008008110       0x70 ./Drivers/VL53L0X_API/core/src/vl53l0x_api_calibration.o
                0x0000000008008110                enable_spad_bit
 .text.set_ref_spad_map
                0x0000000008008180       0x26 ./Drivers/VL53L0X_API/core/src/vl53l0x_api_calibration.o
                0x0000000008008180                set_ref_spad_map
 .text.get_ref_spad_map
                0x00000000080081a6       0x26 ./Drivers/VL53L0X_API/core/src/vl53l0x_api_calibration.o
                0x00000000080081a6                get_ref_spad_map
 .text.enable_ref_spads
                0x00000000080081cc       0xf8 ./Drivers/VL53L0X_API/core/src/vl53l0x_api_calibration.o
                0x00000000080081cc                enable_ref_spads
 .text.perform_ref_signal_measurement
                0x00000000080082c4       0xd4 ./Drivers/VL53L0X_API/core/src/vl53l0x_api_calibration.o
                0x00000000080082c4                perform_ref_signal_measurement
 .text.VL53L0X_perform_ref_spad_management
                0x0000000008008398      0x418 ./Drivers/VL53L0X_API/core/src/vl53l0x_api_calibration.o
                0x0000000008008398                VL53L0X_perform_ref_spad_management
 .text.VL53L0X_set_reference_spads
                0x00000000080087b0      0x14a ./Drivers/VL53L0X_API/core/src/vl53l0x_api_calibration.o
                0x00000000080087b0                VL53L0X_set_reference_spads
 .text.VL53L0X_perform_single_ref_calibration
                0x00000000080088fa       0x76 ./Drivers/VL53L0X_API/core/src/vl53l0x_api_calibration.o
                0x00000000080088fa                VL53L0X_perform_single_ref_calibration
 .text.VL53L0X_ref_calibration_io
                0x0000000008008970      0x132 ./Drivers/VL53L0X_API/core/src/vl53l0x_api_calibration.o
                0x0000000008008970                VL53L0X_ref_calibration_io
 .text.VL53L0X_perform_vhv_calibration
                0x0000000008008aa2       0xce ./Drivers/VL53L0X_API/core/src/vl53l0x_api_calibration.o
                0x0000000008008aa2                VL53L0X_perform_vhv_calibration
 .text.VL53L0X_perform_phase_calibration
                0x0000000008008b70       0xca ./Drivers/VL53L0X_API/core/src/vl53l0x_api_calibration.o
                0x0000000008008b70                VL53L0X_perform_phase_calibration
 .text.VL53L0X_perform_ref_calibration
                0x0000000008008c3a       0x7a ./Drivers/VL53L0X_API/core/src/vl53l0x_api_calibration.o
                0x0000000008008c3a                VL53L0X_perform_ref_calibration
 .text.VL53L0X_measurement_poll_for_completion
                0x0000000008008cb4       0x60 ./Drivers/VL53L0X_API/core/src/vl53l0x_api_core.o
                0x0000000008008cb4                VL53L0X_measurement_poll_for_completion
 .text.VL53L0X_decode_vcsel_period
                0x0000000008008d14       0x26 ./Drivers/VL53L0X_API/core/src/vl53l0x_api_core.o
                0x0000000008008d14                VL53L0X_decode_vcsel_period
 .text.VL53L0X_isqrt
                0x0000000008008d3a       0x68 ./Drivers/VL53L0X_API/core/src/vl53l0x_api_core.o
                0x0000000008008d3a                VL53L0X_isqrt
 .text.VL53L0X_device_read_strobe
                0x0000000008008da2       0x86 ./Drivers/VL53L0X_API/core/src/vl53l0x_api_core.o
                0x0000000008008da2                VL53L0X_device_read_strobe
 .text.VL53L0X_get_info_from_device
                0x0000000008008e28      0x99a ./Drivers/VL53L0X_API/core/src/vl53l0x_api_core.o
                0x0000000008008e28                VL53L0X_get_info_from_device
 .text.VL53L0X_calc_macro_period_ps
                0x00000000080097c2       0x3c ./Drivers/VL53L0X_API/core/src/vl53l0x_api_core.o
                0x00000000080097c2                VL53L0X_calc_macro_period_ps
 .text.VL53L0X_encode_timeout
                0x00000000080097fe       0x58 ./Drivers/VL53L0X_API/core/src/vl53l0x_api_core.o
                0x00000000080097fe                VL53L0X_encode_timeout
 .text.VL53L0X_decode_timeout
                0x0000000008009856       0x2c ./Drivers/VL53L0X_API/core/src/vl53l0x_api_core.o
                0x0000000008009856                VL53L0X_decode_timeout
 *fill*         0x0000000008009882        0x2 
 .text.VL53L0X_calc_timeout_mclks
                0x0000000008009884       0x54 ./Drivers/VL53L0X_API/core/src/vl53l0x_api_core.o
                0x0000000008009884                VL53L0X_calc_timeout_mclks
 .text.VL53L0X_calc_timeout_us
                0x00000000080098d8       0x54 ./Drivers/VL53L0X_API/core/src/vl53l0x_api_core.o
                0x00000000080098d8                VL53L0X_calc_timeout_us
 .text.get_sequence_step_timeout
                0x000000000800992c      0x1c2 ./Drivers/VL53L0X_API/core/src/vl53l0x_api_core.o
                0x000000000800992c                get_sequence_step_timeout
 .text.set_sequence_step_timeout
                0x0000000008009aee      0x1e4 ./Drivers/VL53L0X_API/core/src/vl53l0x_api_core.o
                0x0000000008009aee                set_sequence_step_timeout
 .text.VL53L0X_get_vcsel_pulse_period
                0x0000000008009cd2       0x6e ./Drivers/VL53L0X_API/core/src/vl53l0x_api_core.o
                0x0000000008009cd2                VL53L0X_get_vcsel_pulse_period
 .text.VL53L0X_set_measurement_timing_budget_micro_seconds
                0x0000000008009d40      0x1c0 ./Drivers/VL53L0X_API/core/src/vl53l0x_api_core.o
                0x0000000008009d40                VL53L0X_set_measurement_timing_budget_micro_seconds
 .text.VL53L0X_get_measurement_timing_budget_micro_seconds
                0x0000000008009f00      0x162 ./Drivers/VL53L0X_API/core/src/vl53l0x_api_core.o
                0x0000000008009f00                VL53L0X_get_measurement_timing_budget_micro_seconds
 *fill*         0x000000000800a062        0x2 
 .text.VL53L0X_load_tuning_settings
                0x000000000800a064      0x1c4 ./Drivers/VL53L0X_API/core/src/vl53l0x_api_core.o
                0x000000000800a064                VL53L0X_load_tuning_settings
 .text.VL53L0X_get_total_xtalk_rate
                0x000000000800a228       0x5e ./Drivers/VL53L0X_API/core/src/vl53l0x_api_core.o
                0x000000000800a228                VL53L0X_get_total_xtalk_rate
 .text.VL53L0X_get_total_signal_rate
                0x000000000800a286       0x4a ./Drivers/VL53L0X_API/core/src/vl53l0x_api_core.o
                0x000000000800a286                VL53L0X_get_total_signal_rate
 .text.VL53L0X_calc_dmax
                0x000000000800a2d0      0x238 ./Drivers/VL53L0X_API/core/src/vl53l0x_api_core.o
                0x000000000800a2d0                VL53L0X_calc_dmax
 .text.VL53L0X_calc_sigma_estimate
                0x000000000800a508      0x498 ./Drivers/VL53L0X_API/core/src/vl53l0x_api_core.o
                0x000000000800a508                VL53L0X_calc_sigma_estimate
 .text.VL53L0X_get_pal_range_status
                0x000000000800a9a0      0x3b6 ./Drivers/VL53L0X_API/core/src/vl53l0x_api_core.o
                0x000000000800a9a0                VL53L0X_get_pal_range_status
 .text._I2CWrite
                0x000000000800ad56       0x3e ./Drivers/VL53L0X_API/platform/src/vl53l0x_platform.o
                0x000000000800ad56                _I2CWrite
 .text._I2CRead
                0x000000000800ad94       0x44 ./Drivers/VL53L0X_API/platform/src/vl53l0x_platform.o
                0x000000000800ad94                _I2CRead
 .text.VL53L0X_WriteMulti
                0x000000000800add8       0x60 ./Drivers/VL53L0X_API/platform/src/vl53l0x_platform.o
                0x000000000800add8                VL53L0X_WriteMulti
 .text.VL53L0X_ReadMulti
                0x000000000800ae38       0x56 ./Drivers/VL53L0X_API/platform/src/vl53l0x_platform.o
                0x000000000800ae38                VL53L0X_ReadMulti
 *fill*         0x000000000800ae8e        0x2 
 .text.VL53L0X_WrByte
                0x000000000800ae90       0x48 ./Drivers/VL53L0X_API/platform/src/vl53l0x_platform.o
                0x000000000800ae90                VL53L0X_WrByte
 .text.VL53L0X_WrWord
                0x000000000800aed8       0x54 ./Drivers/VL53L0X_API/platform/src/vl53l0x_platform.o
                0x000000000800aed8                VL53L0X_WrWord
 .text.VL53L0X_UpdateByte
                0x000000000800af2c       0x68 ./Drivers/VL53L0X_API/platform/src/vl53l0x_platform.o
                0x000000000800af2c                VL53L0X_UpdateByte
 .text.VL53L0X_RdByte
                0x000000000800af94       0x54 ./Drivers/VL53L0X_API/platform/src/vl53l0x_platform.o
                0x000000000800af94                VL53L0X_RdByte
 .text.VL53L0X_RdWord
                0x000000000800afe8       0x70 ./Drivers/VL53L0X_API/platform/src/vl53l0x_platform.o
                0x000000000800afe8                VL53L0X_RdWord
 .text.VL53L0X_RdDWord
                0x000000000800b058       0x78 ./Drivers/VL53L0X_API/platform/src/vl53l0x_platform.o
                0x000000000800b058                VL53L0X_RdDWord
 .text.VL53L0X_PollingDelay
                0x000000000800b0d0       0x1e ./Drivers/VL53L0X_API/platform/src/vl53l0x_platform.o
                0x000000000800b0d0                VL53L0X_PollingDelay
 .text.makeFreeRtosPriority
                0x000000000800b0ee       0x30 ./Middlewares/Third_Party/FreeRTOS/Source/CMSIS_RTOS/cmsis_os.o
 .text.osKernelStart
                0x000000000800b11e        0xe ./Middlewares/Third_Party/FreeRTOS/Source/CMSIS_RTOS/cmsis_os.o
                0x000000000800b11e                osKernelStart
 .text.osThreadCreate
                0x000000000800b12c       0x98 ./Middlewares/Third_Party/FreeRTOS/Source/CMSIS_RTOS/cmsis_os.o
                0x000000000800b12c                osThreadCreate
 .text.osDelay  0x000000000800b1c4       0x28 ./Middlewares/Third_Party/FreeRTOS/Source/CMSIS_RTOS/cmsis_os.o
                0x000000000800b1c4                osDelay
 .text.vListInitialise
                0x000000000800b1ec       0x40 ./Middlewares/Third_Party/FreeRTOS/Source/list.o
                0x000000000800b1ec                vListInitialise
 .text.vListInitialiseItem
                0x000000000800b22c       0x1a ./Middlewares/Third_Party/FreeRTOS/Source/list.o
                0x000000000800b22c                vListInitialiseItem
 .text.vListInsertEnd
                0x000000000800b246       0x48 ./Middlewares/Third_Party/FreeRTOS/Source/list.o
                0x000000000800b246                vListInsertEnd
 .text.vListInsert
                0x000000000800b28e       0x72 ./Middlewares/Third_Party/FreeRTOS/Source/list.o
                0x000000000800b28e                vListInsert
 .text.uxListRemove
                0x000000000800b300       0x54 ./Middlewares/Third_Party/FreeRTOS/Source/list.o
                0x000000000800b300                uxListRemove
 .text.xQueueGenericReset
                0x000000000800b354       0xd0 ./Middlewares/Third_Party/FreeRTOS/Source/queue.o
                0x000000000800b354                xQueueGenericReset
 .text.xQueueGenericCreate
                0x000000000800b424       0x74 ./Middlewares/Third_Party/FreeRTOS/Source/queue.o
                0x000000000800b424                xQueueGenericCreate
 .text.prvInitialiseNewQueue
                0x000000000800b498       0x3e ./Middlewares/Third_Party/FreeRTOS/Source/queue.o
 *fill*         0x000000000800b4d6        0x2 
 .text.xQueueReceive
                0x000000000800b4d8      0x1c0 ./Middlewares/Third_Party/FreeRTOS/Source/queue.o
                0x000000000800b4d8                xQueueReceive
 .text.prvCopyDataFromQueue
                0x000000000800b698       0x4c ./Middlewares/Third_Party/FreeRTOS/Source/queue.o
 .text.prvUnlockQueue
                0x000000000800b6e4       0xa4 ./Middlewares/Third_Party/FreeRTOS/Source/queue.o
 .text.prvIsQueueEmpty
                0x000000000800b788       0x2c ./Middlewares/Third_Party/FreeRTOS/Source/queue.o
 .text.xTaskCreateStatic
                0x000000000800b7b4       0xba ./Middlewares/Third_Party/FreeRTOS/Source/tasks.o
                0x000000000800b7b4                xTaskCreateStatic
 .text.xTaskCreate
                0x000000000800b86e       0x8a ./Middlewares/Third_Party/FreeRTOS/Source/tasks.o
                0x000000000800b86e                xTaskCreate
 .text.prvInitialiseNewTask
                0x000000000800b8f8      0x13c ./Middlewares/Third_Party/FreeRTOS/Source/tasks.o
 .text.prvAddNewTaskToReadyList
                0x000000000800ba34       0xd4 ./Middlewares/Third_Party/FreeRTOS/Source/tasks.o
 .text.vTaskDelay
                0x000000000800bb08       0x68 ./Middlewares/Third_Party/FreeRTOS/Source/tasks.o
                0x000000000800bb08                vTaskDelay
 .text.vTaskStartScheduler
                0x000000000800bb70       0xd4 ./Middlewares/Third_Party/FreeRTOS/Source/tasks.o
                0x000000000800bb70                vTaskStartScheduler
 .text.vTaskSuspendAll
                0x000000000800bc44       0x1c ./Middlewares/Third_Party/FreeRTOS/Source/tasks.o
                0x000000000800bc44                vTaskSuspendAll
 .text.xTaskResumeAll
                0x000000000800bc60      0x138 ./Middlewares/Third_Party/FreeRTOS/Source/tasks.o
                0x000000000800bc60                xTaskResumeAll
 .text.xTaskIncrementTick
                0x000000000800bd98      0x170 ./Middlewares/Third_Party/FreeRTOS/Source/tasks.o
                0x000000000800bd98                xTaskIncrementTick
 .text.vTaskSwitchContext
                0x000000000800bf08       0xc4 ./Middlewares/Third_Party/FreeRTOS/Source/tasks.o
                0x000000000800bf08                vTaskSwitchContext
 .text.vTaskPlaceOnEventList
                0x000000000800bfcc       0x48 ./Middlewares/Third_Party/FreeRTOS/Source/tasks.o
                0x000000000800bfcc                vTaskPlaceOnEventList
 .text.xTaskRemoveFromEventList
                0x000000000800c014       0xc4 ./Middlewares/Third_Party/FreeRTOS/Source/tasks.o
                0x000000000800c014                xTaskRemoveFromEventList
 .text.vTaskInternalSetTimeOutState
                0x000000000800c0d8       0x2c ./Middlewares/Third_Party/FreeRTOS/Source/tasks.o
                0x000000000800c0d8                vTaskInternalSetTimeOutState
 .text.xTaskCheckForTimeOut
                0x000000000800c104       0xc4 ./Middlewares/Third_Party/FreeRTOS/Source/tasks.o
                0x000000000800c104                xTaskCheckForTimeOut
 .text.vTaskMissedYield
                0x000000000800c1c8       0x18 ./Middlewares/Third_Party/FreeRTOS/Source/tasks.o
                0x000000000800c1c8                vTaskMissedYield
 .text.prvIdleTask
                0x000000000800c1e0       0x30 ./Middlewares/Third_Party/FreeRTOS/Source/tasks.o
 .text.prvInitialiseTaskLists
                0x000000000800c210       0x80 ./Middlewares/Third_Party/FreeRTOS/Source/tasks.o
 .text.prvCheckTasksWaitingTermination
                0x000000000800c290       0x5c ./Middlewares/Third_Party/FreeRTOS/Source/tasks.o
 .text.prvDeleteTCB
                0x000000000800c2ec       0x68 ./Middlewares/Third_Party/FreeRTOS/Source/tasks.o
 .text.prvResetNextTaskUnblockTime
                0x000000000800c354       0x40 ./Middlewares/Third_Party/FreeRTOS/Source/tasks.o
 .text.xTaskGetSchedulerState
                0x000000000800c394       0x3c ./Middlewares/Third_Party/FreeRTOS/Source/tasks.o
                0x000000000800c394                xTaskGetSchedulerState
 .text.prvAddCurrentTaskToDelayedList
                0x000000000800c3d0       0xcc ./Middlewares/Third_Party/FreeRTOS/Source/tasks.o
 .text.pxPortInitialiseStack
                0x000000000800c49c       0x68 ./Middlewares/Third_Party/FreeRTOS/Source/portable/GCC/ARM_CM4F/port.o
                0x000000000800c49c                pxPortInitialiseStack
 .text.prvTaskExitError
                0x000000000800c504       0x58 ./Middlewares/Third_Party/FreeRTOS/Source/portable/GCC/ARM_CM4F/port.o
 *fill*         0x000000000800c55c        0x4 
 .text.SVC_Handler
                0x000000000800c560       0x28 ./Middlewares/Third_Party/FreeRTOS/Source/portable/GCC/ARM_CM4F/port.o
                0x000000000800c560                SVC_Handler
 .text.prvPortStartFirstTask
                0x000000000800c588       0x28 ./Middlewares/Third_Party/FreeRTOS/Source/portable/GCC/ARM_CM4F/port.o
 .text.xPortStartScheduler
                0x000000000800c5b0      0x144 ./Middlewares/Third_Party/FreeRTOS/Source/portable/GCC/ARM_CM4F/port.o
                0x000000000800c5b0                xPortStartScheduler
 .text.vPortEnterCritical
                0x000000000800c6f4       0x60 ./Middlewares/Third_Party/FreeRTOS/Source/portable/GCC/ARM_CM4F/port.o
                0x000000000800c6f4                vPortEnterCritical
 .text.vPortExitCritical
                0x000000000800c754       0x54 ./Middlewares/Third_Party/FreeRTOS/Source/portable/GCC/ARM_CM4F/port.o
                0x000000000800c754                vPortExitCritical
 *fill*         0x000000000800c7a8        0x8 
 .text.PendSV_Handler
                0x000000000800c7b0       0x68 ./Middlewares/Third_Party/FreeRTOS/Source/portable/GCC/ARM_CM4F/port.o
                0x000000000800c7b0                PendSV_Handler
 .text.SysTick_Handler
                0x000000000800c818       0x44 ./Middlewares/Third_Party/FreeRTOS/Source/portable/GCC/ARM_CM4F/port.o
                0x000000000800c818                SysTick_Handler
 .text.vPortSetupTimerInterrupt
                0x000000000800c85c       0x48 ./Middlewares/Third_Party/FreeRTOS/Source/portable/GCC/ARM_CM4F/port.o
                0x000000000800c85c                vPortSetupTimerInterrupt
 .text.vPortEnableVFP
                0x000000000800c8a4       0x14 ./Middlewares/Third_Party/FreeRTOS/Source/portable/GCC/ARM_CM4F/port.o
 .text.pvPortMalloc
                0x000000000800c8b8      0x198 ./Middlewares/Third_Party/FreeRTOS/Source/portable/MemMang/heap_4.o
                0x000000000800c8b8                pvPortMalloc
 .text.vPortFree
                0x000000000800ca50       0xc4 ./Middlewares/Third_Party/FreeRTOS/Source/portable/MemMang/heap_4.o
                0x000000000800ca50                vPortFree
 .text.prvHeapInit
                0x000000000800cb14       0xc4 ./Middlewares/Third_Party/FreeRTOS/Source/portable/MemMang/heap_4.o
 .text.prvInsertBlockIntoFreeList
                0x000000000800cbd8       0xb4 ./Middlewares/Third_Party/FreeRTOS/Source/portable/MemMang/heap_4.o
 .text.__errno  0x000000000800cc8c        0xc c:/st/stm32cubeide_1.7.0/stm32cubeide/plugins/com.st.stm32cube.ide.mcu.externaltools.gnu-tools-for-stm32.9-2020-q2-update.win32_2.0.0.202105311346/tools/bin/../lib/gcc/arm-none-eabi/9.3.1/../../../../arm-none-eabi/lib/thumb/v7e-m+fp/hard\libc_nano.a(lib_a-errno.o)
                0x000000000800cc8c                __errno
 .text.std      0x000000000800cc98       0x48 c:/st/stm32cubeide_1.7.0/stm32cubeide/plugins/com.st.stm32cube.ide.mcu.externaltools.gnu-tools-for-stm32.9-2020-q2-update.win32_2.0.0.202105311346/tools/bin/../lib/gcc/arm-none-eabi/9.3.1/../../../../arm-none-eabi/lib/thumb/v7e-m+fp/hard\libc_nano.a(lib_a-findfp.o)
 .text._cleanup_r
                0x000000000800cce0        0xc c:/st/stm32cubeide_1.7.0/stm32cubeide/plugins/com.st.stm32cube.ide.mcu.externaltools.gnu-tools-for-stm32.9-2020-q2-update.win32_2.0.0.202105311346/tools/bin/../lib/gcc/arm-none-eabi/9.3.1/../../../../arm-none-eabi/lib/thumb/v7e-m+fp/hard\libc_nano.a(lib_a-findfp.o)
                0x000000000800cce0                _cleanup_r
 .text.__sfmoreglue
                0x000000000800ccec       0x2c c:/st/stm32cubeide_1.7.0/stm32cubeide/plugins/com.st.stm32cube.ide.mcu.externaltools.gnu-tools-for-stm32.9-2020-q2-update.win32_2.0.0.202105311346/tools/bin/../lib/gcc/arm-none-eabi/9.3.1/../../../../arm-none-eabi/lib/thumb/v7e-m+fp/hard\libc_nano.a(lib_a-findfp.o)
                0x000000000800ccec                __sfmoreglue
 .text.__sfp_lock_acquire
                0x000000000800cd18        0xc c:/st/stm32cubeide_1.7.0/stm32cubeide/plugins/com.st.stm32cube.ide.mcu.externaltools.gnu-tools-for-stm32.9-2020-q2-update.win32_2.0.0.202105311346/tools/bin/../lib/gcc/arm-none-eabi/9.3.1/../../../../arm-none-eabi/lib/thumb/v7e-m+fp/hard\libc_nano.a(lib_a-findfp.o)
                0x000000000800cd18                __sfp_lock_acquire
 .text.__sfp_lock_release
                0x000000000800cd24        0xc c:/st/stm32cubeide_1.7.0/stm32cubeide/plugins/com.st.stm32cube.ide.mcu.externaltools.gnu-tools-for-stm32.9-2020-q2-update.win32_2.0.0.202105311346/tools/bin/../lib/gcc/arm-none-eabi/9.3.1/../../../../arm-none-eabi/lib/thumb/v7e-m+fp/hard\libc_nano.a(lib_a-findfp.o)
                0x000000000800cd24                __sfp_lock_release
 .text.__sinit_lock_acquire
                0x000000000800cd30        0xc c:/st/stm32cubeide_1.7.0/stm32cubeide/plugins/com.st.stm32cube.ide.mcu.externaltools.gnu-tools-for-stm32.9-2020-q2-update.win32_2.0.0.202105311346/tools/bin/../lib/gcc/arm-none-eabi/9.3.1/../../../../arm-none-eabi/lib/thumb/v7e-m+fp/hard\libc_nano.a(lib_a-findfp.o)
                0x000000000800cd30                __sinit_lock_acquire
 .text.__sinit_lock_release
                0x000000000800cd3c        0xc c:/st/stm32cubeide_1.7.0/stm32cubeide/plugins/com.st.stm32cube.ide.mcu.externaltools.gnu-tools-for-stm32.9-2020-q2-update.win32_2.0.0.202105311346/tools/bin/../lib/gcc/arm-none-eabi/9.3.1/../../../../arm-none-eabi/lib/thumb/v7e-m+fp/hard\libc_nano.a(lib_a-findfp.o)
                0x000000000800cd3c                __sinit_lock_release
 .text.__sinit  0x000000000800cd48       0x70 c:/st/stm32cubeide_1.7.0/stm32cubeide/plugins/com.st.stm32cube.ide.mcu.externaltools.gnu-tools-for-stm32.9-2020-q2-update.win32_2.0.0.202105311346/tools/bin/../lib/gcc/arm-none-eabi/9.3.1/../../../../arm-none-eabi/lib/thumb/v7e-m+fp/hard\libc_nano.a(lib_a-findfp.o)
                0x000000000800cd48                __sinit
 .text.__sfp    0x000000000800cdb8       0x8c c:/st/stm32cubeide_1.7.0/stm32cubeide/plugins/com.st.stm32cube.ide.mcu.externaltools.gnu-tools-for-stm32.9-2020-q2-update.win32_2.0.0.202105311346/tools/bin/../lib/gcc/arm-none-eabi/9.3.1/../../../../arm-none-eabi/lib/thumb/v7e-m+fp/hard\libc_nano.a(lib_a-findfp.o)
                0x000000000800cdb8                __sfp
 .text._fwalk_reent
                0x000000000800ce44       0x3e c:/st/stm32cubeide_1.7.0/stm32cubeide/plugins/com.st.stm32cube.ide.mcu.externaltools.gnu-tools-for-stm32.9-2020-q2-update.win32_2.0.0.202105311346/tools/bin/../lib/gcc/arm-none-eabi/9.3.1/../../../../arm-none-eabi/lib/thumb/v7e-m+fp/hard\libc_nano.a(lib_a-fwalk.o)
                0x000000000800ce44                _fwalk_reent
 *fill*         0x000000000800ce82        0x2 
 .text.__libc_init_array
                0x000000000800ce84       0x48 c:/st/stm32cubeide_1.7.0/stm32cubeide/plugins/com.st.stm32cube.ide.mcu.externaltools.gnu-tools-for-stm32.9-2020-q2-update.win32_2.0.0.202105311346/tools/bin/../lib/gcc/arm-none-eabi/9.3.1/../../../../arm-none-eabi/lib/thumb/v7e-m+fp/hard\libc_nano.a(lib_a-init.o)
                0x000000000800ce84                __libc_init_array
 .text.__retarget_lock_init_recursive
                0x000000000800cecc        0x2 c:/st/stm32cubeide_1.7.0/stm32cubeide/plugins/com.st.stm32cube.ide.mcu.externaltools.gnu-tools-for-stm32.9-2020-q2-update.win32_2.0.0.202105311346/tools/bin/../lib/gcc/arm-none-eabi/9.3.1/../../../../arm-none-eabi/lib/thumb/v7e-m+fp/hard\libc_nano.a(lib_a-lock.o)
                0x000000000800cecc                __retarget_lock_init_recursive
 .text.__retarget_lock_acquire_recursive
                0x000000000800cece        0x2 c:/st/stm32cubeide_1.7.0/stm32cubeide/plugins/com.st.stm32cube.ide.mcu.externaltools.gnu-tools-for-stm32.9-2020-q2-update.win32_2.0.0.202105311346/tools/bin/../lib/gcc/arm-none-eabi/9.3.1/../../../../arm-none-eabi/lib/thumb/v7e-m+fp/hard\libc_nano.a(lib_a-lock.o)
                0x000000000800cece                __retarget_lock_acquire_recursive
 .text.__retarget_lock_release_recursive
                0x000000000800ced0        0x2 c:/st/stm32cubeide_1.7.0/stm32cubeide/plugins/com.st.stm32cube.ide.mcu.externaltools.gnu-tools-for-stm32.9-2020-q2-update.win32_2.0.0.202105311346/tools/bin/../lib/gcc/arm-none-eabi/9.3.1/../../../../arm-none-eabi/lib/thumb/v7e-m+fp/hard\libc_nano.a(lib_a-lock.o)
                0x000000000800ced0                __retarget_lock_release_recursive
 .text.memcpy   0x000000000800ced2       0x1c c:/st/stm32cubeide_1.7.0/stm32cubeide/plugins/com.st.stm32cube.ide.mcu.externaltools.gnu-tools-for-stm32.9-2020-q2-update.win32_2.0.0.202105311346/tools/bin/../lib/gcc/arm-none-eabi/9.3.1/../../../../arm-none-eabi/lib/thumb/v7e-m+fp/hard\libc_nano.a(lib_a-memcpy-stub.o)
                0x000000000800ced2                memcpy
 .text.memset   0x000000000800ceee       0x10 c:/st/stm32cubeide_1.7.0/stm32cubeide/plugins/com.st.stm32cube.ide.mcu.externaltools.gnu-tools-for-stm32.9-2020-q2-update.win32_2.0.0.202105311346/tools/bin/../lib/gcc/arm-none-eabi/9.3.1/../../../../arm-none-eabi/lib/thumb/v7e-m+fp/hard\libc_nano.a(lib_a-memset.o)
                0x000000000800ceee                memset
 *fill*         0x000000000800cefe        0x2 
 .text._malloc_r
                0x000000000800cf00       0xb4 c:/st/stm32cubeide_1.7.0/stm32cubeide/plugins/com.st.stm32cube.ide.mcu.externaltools.gnu-tools-for-stm32.9-2020-q2-update.win32_2.0.0.202105311346/tools/bin/../lib/gcc/arm-none-eabi/9.3.1/../../../../arm-none-eabi/lib/thumb/v7e-m+fp/hard\libc_nano.a(lib_a-nano-mallocr.o)
                0x000000000800cf00                _malloc_r
 .text.printf   0x000000000800cfb4       0x30 c:/st/stm32cubeide_1.7.0/stm32cubeide/plugins/com.st.stm32cube.ide.mcu.externaltools.gnu-tools-for-stm32.9-2020-q2-update.win32_2.0.0.202105311346/tools/bin/../lib/gcc/arm-none-eabi/9.3.1/../../../../arm-none-eabi/lib/thumb/v7e-m+fp/hard\libc_nano.a(lib_a-printf.o)
                0x000000000800cfb4                iprintf
                0x000000000800cfb4                printf
 .text._puts_r  0x000000000800cfe4       0xdc c:/st/stm32cubeide_1.7.0/stm32cubeide/plugins/com.st.stm32cube.ide.mcu.externaltools.gnu-tools-for-stm32.9-2020-q2-update.win32_2.0.0.202105311346/tools/bin/../lib/gcc/arm-none-eabi/9.3.1/../../../../arm-none-eabi/lib/thumb/v7e-m+fp/hard\libc_nano.a(lib_a-puts.o)
                0x000000000800cfe4                _puts_r
 .text.puts     0x000000000800d0c0       0x10 c:/st/stm32cubeide_1.7.0/stm32cubeide/plugins/com.st.stm32cube.ide.mcu.externaltools.gnu-tools-for-stm32.9-2020-q2-update.win32_2.0.0.202105311346/tools/bin/../lib/gcc/arm-none-eabi/9.3.1/../../../../arm-none-eabi/lib/thumb/v7e-m+fp/hard\libc_nano.a(lib_a-puts.o)
                0x000000000800d0c0                puts
 .text.cleanup_glue
                0x000000000800d0d0       0x1a c:/st/stm32cubeide_1.7.0/stm32cubeide/plugins/com.st.stm32cube.ide.mcu.externaltools.gnu-tools-for-stm32.9-2020-q2-update.win32_2.0.0.202105311346/tools/bin/../lib/gcc/arm-none-eabi/9.3.1/../../../../arm-none-eabi/lib/thumb/v7e-m+fp/hard\libc_nano.a(lib_a-reent.o)
                0x000000000800d0d0                cleanup_glue
 *fill*         0x000000000800d0ea        0x2 
 .text._reclaim_reent
                0x000000000800d0ec       0xb8 c:/st/stm32cubeide_1.7.0/stm32cubeide/plugins/com.st.stm32cube.ide.mcu.externaltools.gnu-tools-for-stm32.9-2020-q2-update.win32_2.0.0.202105311346/tools/bin/../lib/gcc/arm-none-eabi/9.3.1/../../../../arm-none-eabi/lib/thumb/v7e-m+fp/hard\libc_nano.a(lib_a-reent.o)
                0x000000000800d0ec                _reclaim_reent
 .text._sbrk_r  0x000000000800d1a4       0x20 c:/st/stm32cubeide_1.7.0/stm32cubeide/plugins/com.st.stm32cube.ide.mcu.externaltools.gnu-tools-for-stm32.9-2020-q2-update.win32_2.0.0.202105311346/tools/bin/../lib/gcc/arm-none-eabi/9.3.1/../../../../arm-none-eabi/lib/thumb/v7e-m+fp/hard\libc_nano.a(lib_a-sbrkr.o)
                0x000000000800d1a4                _sbrk_r
 .text.__sread  0x000000000800d1c4       0x22 c:/st/stm32cubeide_1.7.0/stm32cubeide/plugins/com.st.stm32cube.ide.mcu.externaltools.gnu-tools-for-stm32.9-2020-q2-update.win32_2.0.0.202105311346/tools/bin/../lib/gcc/arm-none-eabi/9.3.1/../../../../arm-none-eabi/lib/thumb/v7e-m+fp/hard\libc_nano.a(lib_a-stdio.o)
                0x000000000800d1c4                __sread
 .text.__swrite
                0x000000000800d1e6       0x38 c:/st/stm32cubeide_1.7.0/stm32cubeide/plugins/com.st.stm32cube.ide.mcu.externaltools.gnu-tools-for-stm32.9-2020-q2-update.win32_2.0.0.202105311346/tools/bin/../lib/gcc/arm-none-eabi/9.3.1/../../../../arm-none-eabi/lib/thumb/v7e-m+fp/hard\libc_nano.a(lib_a-stdio.o)
                0x000000000800d1e6                __swrite
 .text.__sseek  0x000000000800d21e       0x24 c:/st/stm32cubeide_1.7.0/stm32cubeide/plugins/com.st.stm32cube.ide.mcu.externaltools.gnu-tools-for-stm32.9-2020-q2-update.win32_2.0.0.202105311346/tools/bin/../lib/gcc/arm-none-eabi/9.3.1/../../../../arm-none-eabi/lib/thumb/v7e-m+fp/hard\libc_nano.a(lib_a-stdio.o)
                0x000000000800d21e                __sseek
 .text.__sclose
                0x000000000800d242        0x8 c:/st/stm32cubeide_1.7.0/stm32cubeide/plugins/com.st.stm32cube.ide.mcu.externaltools.gnu-tools-for-stm32.9-2020-q2-update.win32_2.0.0.202105311346/tools/bin/../lib/gcc/arm-none-eabi/9.3.1/../../../../arm-none-eabi/lib/thumb/v7e-m+fp/hard\libc_nano.a(lib_a-stdio.o)
                0x000000000800d242                __sclose
 .text.strcpy   0x000000000800d24a       0x10 c:/st/stm32cubeide_1.7.0/stm32cubeide/plugins/com.st.stm32cube.ide.mcu.externaltools.gnu-tools-for-stm32.9-2020-q2-update.win32_2.0.0.202105311346/tools/bin/../lib/gcc/arm-none-eabi/9.3.1/../../../../arm-none-eabi/lib/thumb/v7e-m+fp/hard\libc_nano.a(lib_a-strcpy.o)
                0x000000000800d24a                strcpy
 *fill*         0x000000000800d25a        0x2 
 .text.__swbuf_r
                0x000000000800d25c       0xa4 c:/st/stm32cubeide_1.7.0/stm32cubeide/plugins/com.st.stm32cube.ide.mcu.externaltools.gnu-tools-for-stm32.9-2020-q2-update.win32_2.0.0.202105311346/tools/bin/../lib/gcc/arm-none-eabi/9.3.1/../../../../arm-none-eabi/lib/thumb/v7e-m+fp/hard\libc_nano.a(lib_a-wbuf.o)
                0x000000000800d25c                __swbuf_r
 .text._write_r
                0x000000000800d300       0x24 c:/st/stm32cubeide_1.7.0/stm32cubeide/plugins/com.st.stm32cube.ide.mcu.externaltools.gnu-tools-for-stm32.9-2020-q2-update.win32_2.0.0.202105311346/tools/bin/../lib/gcc/arm-none-eabi/9.3.1/../../../../arm-none-eabi/lib/thumb/v7e-m+fp/hard\libc_nano.a(lib_a-writer.o)
                0x000000000800d300                _write_r
 .text.__swsetup_r
                0x000000000800d324       0xdc c:/st/stm32cubeide_1.7.0/stm32cubeide/plugins/com.st.stm32cube.ide.mcu.externaltools.gnu-tools-for-stm32.9-2020-q2-update.win32_2.0.0.202105311346/tools/bin/../lib/gcc/arm-none-eabi/9.3.1/../../../../arm-none-eabi/lib/thumb/v7e-m+fp/hard\libc_nano.a(lib_a-wsetup.o)
                0x000000000800d324                __swsetup_r
 .text._close_r
                0x000000000800d400       0x20 c:/st/stm32cubeide_1.7.0/stm32cubeide/plugins/com.st.stm32cube.ide.mcu.externaltools.gnu-tools-for-stm32.9-2020-q2-update.win32_2.0.0.202105311346/tools/bin/../lib/gcc/arm-none-eabi/9.3.1/../../../../arm-none-eabi/lib/thumb/v7e-m+fp/hard\libc_nano.a(lib_a-closer.o)
                0x000000000800d400                _close_r
 .text.__sflush_r
                0x000000000800d420      0x10c c:/st/stm32cubeide_1.7.0/stm32cubeide/plugins/com.st.stm32cube.ide.mcu.externaltools.gnu-tools-for-stm32.9-2020-q2-update.win32_2.0.0.202105311346/tools/bin/../lib/gcc/arm-none-eabi/9.3.1/../../../../arm-none-eabi/lib/thumb/v7e-m+fp/hard\libc_nano.a(lib_a-fflush.o)
                0x000000000800d420                __sflush_r
 .text._fflush_r
                0x000000000800d52c       0x78 c:/st/stm32cubeide_1.7.0/stm32cubeide/plugins/com.st.stm32cube.ide.mcu.externaltools.gnu-tools-for-stm32.9-2020-q2-update.win32_2.0.0.202105311346/tools/bin/../lib/gcc/arm-none-eabi/9.3.1/../../../../arm-none-eabi/lib/thumb/v7e-m+fp/hard\libc_nano.a(lib_a-fflush.o)
                0x000000000800d52c                _fflush_r
 .text._lseek_r
                0x000000000800d5a4       0x24 c:/st/stm32cubeide_1.7.0/stm32cubeide/plugins/com.st.stm32cube.ide.mcu.externaltools.gnu-tools-for-stm32.9-2020-q2-update.win32_2.0.0.202105311346/tools/bin/../lib/gcc/arm-none-eabi/9.3.1/../../../../arm-none-eabi/lib/thumb/v7e-m+fp/hard\libc_nano.a(lib_a-lseekr.o)
                0x000000000800d5a4                _lseek_r
 .text.__swhatbuf_r
                0x000000000800d5c8       0x48 c:/st/stm32cubeide_1.7.0/stm32cubeide/plugins/com.st.stm32cube.ide.mcu.externaltools.gnu-tools-for-stm32.9-2020-q2-update.win32_2.0.0.202105311346/tools/bin/../lib/gcc/arm-none-eabi/9.3.1/../../../../arm-none-eabi/lib/thumb/v7e-m+fp/hard\libc_nano.a(lib_a-makebuf.o)
                0x000000000800d5c8                __swhatbuf_r
 .text.__smakebuf_r
                0x000000000800d610       0x80 c:/st/stm32cubeide_1.7.0/stm32cubeide/plugins/com.st.stm32cube.ide.mcu.externaltools.gnu-tools-for-stm32.9-2020-q2-update.win32_2.0.0.202105311346/tools/bin/../lib/gcc/arm-none-eabi/9.3.1/../../../../arm-none-eabi/lib/thumb/v7e-m+fp/hard\libc_nano.a(lib_a-makebuf.o)
                0x000000000800d610                __smakebuf_r
 .text.__malloc_lock
                0x000000000800d690        0xc c:/st/stm32cubeide_1.7.0/stm32cubeide/plugins/com.st.stm32cube.ide.mcu.externaltools.gnu-tools-for-stm32.9-2020-q2-update.win32_2.0.0.202105311346/tools/bin/../lib/gcc/arm-none-eabi/9.3.1/../../../../arm-none-eabi/lib/thumb/v7e-m+fp/hard\libc_nano.a(lib_a-mlock.o)
                0x000000000800d690                __malloc_lock
 .text.__malloc_unlock
                0x000000000800d69c        0xc c:/st/stm32cubeide_1.7.0/stm32cubeide/plugins/com.st.stm32cube.ide.mcu.externaltools.gnu-tools-for-stm32.9-2020-q2-update.win32_2.0.0.202105311346/tools/bin/../lib/gcc/arm-none-eabi/9.3.1/../../../../arm-none-eabi/lib/thumb/v7e-m+fp/hard\libc_nano.a(lib_a-mlock.o)
                0x000000000800d69c                __malloc_unlock
 .text._free_r  0x000000000800d6a8       0xa0 c:/st/stm32cubeide_1.7.0/stm32cubeide/plugins/com.st.stm32cube.ide.mcu.externaltools.gnu-tools-for-stm32.9-2020-q2-update.win32_2.0.0.202105311346/tools/bin/../lib/gcc/arm-none-eabi/9.3.1/../../../../arm-none-eabi/lib/thumb/v7e-m+fp/hard\libc_nano.a(lib_a-nano-freer.o)
                0x000000000800d6a8                _free_r
 .text.__sfputc_r
                0x000000000800d748       0x2e c:/st/stm32cubeide_1.7.0/stm32cubeide/plugins/com.st.stm32cube.ide.mcu.externaltools.gnu-tools-for-stm32.9-2020-q2-update.win32_2.0.0.202105311346/tools/bin/../lib/gcc/arm-none-eabi/9.3.1/../../../../arm-none-eabi/lib/thumb/v7e-m+fp/hard\libc_nano.a(lib_a-nano-vfprintf.o)
 .text.__sfputs_r
                0x000000000800d776       0x24 c:/st/stm32cubeide_1.7.0/stm32cubeide/plugins/com.st.stm32cube.ide.mcu.externaltools.gnu-tools-for-stm32.9-2020-q2-update.win32_2.0.0.202105311346/tools/bin/../lib/gcc/arm-none-eabi/9.3.1/../../../../arm-none-eabi/lib/thumb/v7e-m+fp/hard\libc_nano.a(lib_a-nano-vfprintf.o)
                0x000000000800d776                __sfputs_r
 *fill*         0x000000000800d79a        0x2 
 .text._vfprintf_r
                0x000000000800d79c      0x260 c:/st/stm32cubeide_1.7.0/stm32cubeide/plugins/com.st.stm32cube.ide.mcu.externaltools.gnu-tools-for-stm32.9-2020-q2-update.win32_2.0.0.202105311346/tools/bin/../lib/gcc/arm-none-eabi/9.3.1/../../../../arm-none-eabi/lib/thumb/v7e-m+fp/hard\libc_nano.a(lib_a-nano-vfprintf.o)
                0x000000000800d79c                _vfprintf_r
                0x000000000800d79c                _vfiprintf_r
 .text._printf_common
                0x000000000800d9fc       0xda c:/st/stm32cubeide_1.7.0/stm32cubeide/plugins/com.st.stm32cube.ide.mcu.externaltools.gnu-tools-for-stm32.9-2020-q2-update.win32_2.0.0.202105311346/tools/bin/../lib/gcc/arm-none-eabi/9.3.1/../../../../arm-none-eabi/lib/thumb/v7e-m+fp/hard\libc_nano.a(lib_a-nano-vfprintf_i.o)
                0x000000000800d9fc                _printf_common
 *fill*         0x000000000800dad6        0x2 
 .text._printf_i
                0x000000000800dad8      0x24c c:/st/stm32cubeide_1.7.0/stm32cubeide/plugins/com.st.stm32cube.ide.mcu.externaltools.gnu-tools-for-stm32.9-2020-q2-update.win32_2.0.0.202105311346/tools/bin/../lib/gcc/arm-none-eabi/9.3.1/../../../../arm-none-eabi/lib/thumb/v7e-m+fp/hard\libc_nano.a(lib_a-nano-vfprintf_i.o)
                0x000000000800dad8                _printf_i
 .text._read_r  0x000000000800dd24       0x24 c:/st/stm32cubeide_1.7.0/stm32cubeide/plugins/com.st.stm32cube.ide.mcu.externaltools.gnu-tools-for-stm32.9-2020-q2-update.win32_2.0.0.202105311346/tools/bin/../lib/gcc/arm-none-eabi/9.3.1/../../../../arm-none-eabi/lib/thumb/v7e-m+fp/hard\libc_nano.a(lib_a-readr.o)
                0x000000000800dd24                _read_r
 .text._fstat_r
                0x000000000800dd48       0x24 c:/st/stm32cubeide_1.7.0/stm32cubeide/plugins/com.st.stm32cube.ide.mcu.externaltools.gnu-tools-for-stm32.9-2020-q2-update.win32_2.0.0.202105311346/tools/bin/../lib/gcc/arm-none-eabi/9.3.1/../../../../arm-none-eabi/lib/thumb/v7e-m+fp/hard\libc_nano.a(lib_a-fstatr.o)
                0x000000000800dd48                _fstat_r
 .text._isatty_r
                0x000000000800dd6c       0x20 c:/st/stm32cubeide_1.7.0/stm32cubeide/plugins/com.st.stm32cube.ide.mcu.externaltools.gnu-tools-for-stm32.9-2020-q2-update.win32_2.0.0.202105311346/tools/bin/../lib/gcc/arm-none-eabi/9.3.1/../../../../arm-none-eabi/lib/thumb/v7e-m+fp/hard\libc_nano.a(lib_a-isattyr.o)
                0x000000000800dd6c                _isatty_r
 *(.glue_7)
 .glue_7        0x000000000800dd8c        0x0 linker stubs
 *(.glue_7t)
 .glue_7t       0x000000000800dd8c        0x0 linker stubs
 *(.eh_frame)
 .eh_frame      0x000000000800dd8c        0x0 c:/st/stm32cubeide_1.7.0/stm32cubeide/plugins/com.st.stm32cube.ide.mcu.externaltools.gnu-tools-for-stm32.9-2020-q2-update.win32_2.0.0.202105311346/tools/bin/../lib/gcc/arm-none-eabi/9.3.1/thumb/v7e-m+fp/hard/crtbegin.o
 *(.init)
 .init          0x000000000800dd8c        0x4 c:/st/stm32cubeide_1.7.0/stm32cubeide/plugins/com.st.stm32cube.ide.mcu.externaltools.gnu-tools-for-stm32.9-2020-q2-update.win32_2.0.0.202105311346/tools/bin/../lib/gcc/arm-none-eabi/9.3.1/thumb/v7e-m+fp/hard/crti.o
                0x000000000800dd8c                _init
 .init          0x000000000800dd90        0x8 c:/st/stm32cubeide_1.7.0/stm32cubeide/plugins/com.st.stm32cube.ide.mcu.externaltools.gnu-tools-for-stm32.9-2020-q2-update.win32_2.0.0.202105311346/tools/bin/../lib/gcc/arm-none-eabi/9.3.1/thumb/v7e-m+fp/hard/crtn.o
 *(.fini)
 .fini          0x000000000800dd98        0x4 c:/st/stm32cubeide_1.7.0/stm32cubeide/plugins/com.st.stm32cube.ide.mcu.externaltools.gnu-tools-for-stm32.9-2020-q2-update.win32_2.0.0.202105311346/tools/bin/../lib/gcc/arm-none-eabi/9.3.1/thumb/v7e-m+fp/hard/crti.o
                0x000000000800dd98                _fini
 .fini          0x000000000800dd9c        0x8 c:/st/stm32cubeide_1.7.0/stm32cubeide/plugins/com.st.stm32cube.ide.mcu.externaltools.gnu-tools-for-stm32.9-2020-q2-update.win32_2.0.0.202105311346/tools/bin/../lib/gcc/arm-none-eabi/9.3.1/thumb/v7e-m+fp/hard/crtn.o
                0x000000000800dda4                . = ALIGN (0x4)
                0x000000000800dda4                _etext = .

.vfp11_veneer   0x000000000800dda4        0x0
 .vfp11_veneer  0x000000000800dda4        0x0 linker stubs

.v4_bx          0x000000000800dda4        0x0
 .v4_bx         0x000000000800dda4        0x0 linker stubs

.iplt           0x000000000800dda4        0x0
 .iplt          0x000000000800dda4        0x0 c:/st/stm32cubeide_1.7.0/stm32cubeide/plugins/com.st.stm32cube.ide.mcu.externaltools.gnu-tools-for-stm32.9-2020-q2-update.win32_2.0.0.202105311346/tools/bin/../lib/gcc/arm-none-eabi/9.3.1/thumb/v7e-m+fp/hard/crtbegin.o

.rodata         0x000000000800dda4      0x5c4
                0x000000000800dda4                . = ALIGN (0x4)
 *(.rodata)
 .rodata        0x000000000800dda4       0x40 ./Core/Src/BOTterfly-C/rgb_sensor.o
 .rodata        0x000000000800dde4      0x1a8 ./Core/Src/BOTterfly-C/tof_sensor.o
 .rodata        0x000000000800df8c       0x28 ./Core/Src/freertos.o
 .rodata        0x000000000800dfb4      0x2aa ./Core/Src/main.o
 *fill*         0x000000000800e25e        0x2 
 .rodata        0x000000000800e260       0x46 ./Core/Src/shell.o
 *fill*         0x000000000800e2a6        0x2 
 .rodata        0x000000000800e2a8        0x5 ./Middlewares/Third_Party/FreeRTOS/Source/tasks.o
 *(.rodata*)
 *fill*         0x000000000800e2ad        0x3 
 .rodata.AHBPrescTable
                0x000000000800e2b0       0x10 ./Core/Src/system_stm32f4xx.o
                0x000000000800e2b0                AHBPrescTable
 .rodata.APBPrescTable
                0x000000000800e2c0        0x8 ./Core/Src/system_stm32f4xx.o
                0x000000000800e2c0                APBPrescTable
 .rodata.flagBitshiftOffset.8853
                0x000000000800e2c8        0x8 ./Drivers/STM32F4xx_HAL_Driver/Src/stm32f4xx_hal_dma.o
 .rodata.__sf_fake_stderr
                0x000000000800e2d0       0x20 c:/st/stm32cubeide_1.7.0/stm32cubeide/plugins/com.st.stm32cube.ide.mcu.externaltools.gnu-tools-for-stm32.9-2020-q2-update.win32_2.0.0.202105311346/tools/bin/../lib/gcc/arm-none-eabi/9.3.1/../../../../arm-none-eabi/lib/thumb/v7e-m+fp/hard\libc_nano.a(lib_a-findfp.o)
                0x000000000800e2d0                __sf_fake_stderr
 .rodata.__sf_fake_stdin
                0x000000000800e2f0       0x20 c:/st/stm32cubeide_1.7.0/stm32cubeide/plugins/com.st.stm32cube.ide.mcu.externaltools.gnu-tools-for-stm32.9-2020-q2-update.win32_2.0.0.202105311346/tools/bin/../lib/gcc/arm-none-eabi/9.3.1/../../../../arm-none-eabi/lib/thumb/v7e-m+fp/hard\libc_nano.a(lib_a-findfp.o)
                0x000000000800e2f0                __sf_fake_stdin
 .rodata.__sf_fake_stdout
                0x000000000800e310       0x20 c:/st/stm32cubeide_1.7.0/stm32cubeide/plugins/com.st.stm32cube.ide.mcu.externaltools.gnu-tools-for-stm32.9-2020-q2-update.win32_2.0.0.202105311346/tools/bin/../lib/gcc/arm-none-eabi/9.3.1/../../../../arm-none-eabi/lib/thumb/v7e-m+fp/hard\libc_nano.a(lib_a-findfp.o)
                0x000000000800e310                __sf_fake_stdout
 .rodata._global_impure_ptr
                0x000000000800e330        0x4 c:/st/stm32cubeide_1.7.0/stm32cubeide/plugins/com.st.stm32cube.ide.mcu.externaltools.gnu-tools-for-stm32.9-2020-q2-update.win32_2.0.0.202105311346/tools/bin/../lib/gcc/arm-none-eabi/9.3.1/../../../../arm-none-eabi/lib/thumb/v7e-m+fp/hard\libc_nano.a(lib_a-impure.o)
                0x000000000800e330                _global_impure_ptr
 .rodata._vfprintf_r.str1.1
                0x000000000800e334       0x11 c:/st/stm32cubeide_1.7.0/stm32cubeide/plugins/com.st.stm32cube.ide.mcu.externaltools.gnu-tools-for-stm32.9-2020-q2-update.win32_2.0.0.202105311346/tools/bin/../lib/gcc/arm-none-eabi/9.3.1/../../../../arm-none-eabi/lib/thumb/v7e-m+fp/hard\libc_nano.a(lib_a-nano-vfprintf.o)
 .rodata._printf_i.str1.1
                0x000000000800e345       0x22 c:/st/stm32cubeide_1.7.0/stm32cubeide/plugins/com.st.stm32cube.ide.mcu.externaltools.gnu-tools-for-stm32.9-2020-q2-update.win32_2.0.0.202105311346/tools/bin/../lib/gcc/arm-none-eabi/9.3.1/../../../../arm-none-eabi/lib/thumb/v7e-m+fp/hard\libc_nano.a(lib_a-nano-vfprintf_i.o)
                0x000000000800e368                . = ALIGN (0x4)
 *fill*         0x000000000800e367        0x1 

.ARM.extab      0x000000000800e368        0x0
                0x000000000800e368                . = ALIGN (0x4)
 *(.ARM.extab* .gnu.linkonce.armextab.*)
                0x000000000800e368                . = ALIGN (0x4)

.ARM            0x000000000800e368        0x8
                0x000000000800e368                . = ALIGN (0x4)
                0x000000000800e368                __exidx_start = .
 *(.ARM.exidx*)
 .ARM.exidx     0x000000000800e368        0x8 c:/st/stm32cubeide_1.7.0/stm32cubeide/plugins/com.st.stm32cube.ide.mcu.externaltools.gnu-tools-for-stm32.9-2020-q2-update.win32_2.0.0.202105311346/tools/bin/../lib/gcc/arm-none-eabi/9.3.1/thumb/v7e-m+fp/hard\libgcc.a(_udivmoddi4.o)
                0x000000000800e370                __exidx_end = .
                0x000000000800e370                . = ALIGN (0x4)

.rel.dyn        0x000000000800e370        0x0
 .rel.iplt      0x000000000800e370        0x0 c:/st/stm32cubeide_1.7.0/stm32cubeide/plugins/com.st.stm32cube.ide.mcu.externaltools.gnu-tools-for-stm32.9-2020-q2-update.win32_2.0.0.202105311346/tools/bin/../lib/gcc/arm-none-eabi/9.3.1/thumb/v7e-m+fp/hard/crtbegin.o

.preinit_array  0x000000000800e370        0x0
                0x000000000800e370                . = ALIGN (0x4)
                0x000000000800e370                PROVIDE (__preinit_array_start = .)
 *(.preinit_array*)
                0x000000000800e370                PROVIDE (__preinit_array_end = .)
                0x000000000800e370                . = ALIGN (0x4)

.init_array     0x000000000800e370        0x4
                0x000000000800e370                . = ALIGN (0x4)
                0x000000000800e370                PROVIDE (__init_array_start = .)
 *(SORT_BY_NAME(.init_array.*))
 *(.init_array*)
 .init_array    0x000000000800e370        0x4 c:/st/stm32cubeide_1.7.0/stm32cubeide/plugins/com.st.stm32cube.ide.mcu.externaltools.gnu-tools-for-stm32.9-2020-q2-update.win32_2.0.0.202105311346/tools/bin/../lib/gcc/arm-none-eabi/9.3.1/thumb/v7e-m+fp/hard/crtbegin.o
                0x000000000800e374                PROVIDE (__init_array_end = .)
                0x000000000800e374                . = ALIGN (0x4)

.fini_array     0x000000000800e374        0x4
                0x000000000800e374                . = ALIGN (0x4)
                [!provide]                        PROVIDE (__fini_array_start = .)
 *(SORT_BY_NAME(.fini_array.*))
 *(.fini_array*)
 .fini_array    0x000000000800e374        0x4 c:/st/stm32cubeide_1.7.0/stm32cubeide/plugins/com.st.stm32cube.ide.mcu.externaltools.gnu-tools-for-stm32.9-2020-q2-update.win32_2.0.0.202105311346/tools/bin/../lib/gcc/arm-none-eabi/9.3.1/thumb/v7e-m+fp/hard/crtbegin.o
                [!provide]                        PROVIDE (__fini_array_end = .)
                0x000000000800e378                . = ALIGN (0x4)
                0x000000000800e378                _sidata = LOADADDR (.data)

.data           0x0000000020000000      0x340 load address 0x000000000800e378
                0x0000000020000000                . = ALIGN (0x4)
                0x0000000020000000                _sdata = .
 *(.data)
 *(.data*)
 .data.help     0x0000000020000000        0x5 ./Core/Src/shell.o
                0x0000000020000000                help
 *fill*         0x0000000020000005        0x3 
 .data.backspace
                0x0000000020000008        0x4 ./Core/Src/shell.o
 .data.prompt   0x000000002000000c        0x3 ./Core/Src/shell.o
 *fill*         0x000000002000000f        0x1 
 .data.SystemCoreClock
                0x0000000020000010        0x4 ./Core/Src/system_stm32f4xx.o
                0x0000000020000010                SystemCoreClock
 .data.uwTickPrio
                0x0000000020000014        0x4 ./Drivers/STM32F4xx_HAL_Driver/Src/stm32f4xx_hal.o
                0x0000000020000014                uwTickPrio
 .data.uwTickFreq
                0x0000000020000018        0x1 ./Drivers/STM32F4xx_HAL_Driver/Src/stm32f4xx_hal.o
                0x0000000020000018                uwTickFreq
 *fill*         0x0000000020000019        0x3 
 .data.DefaultTuningSettings
                0x000000002000001c       0xf3 ./Drivers/VL53L0X_API/core/src/vl53l0x_api.o